<html>
<body>
<pre>
<h1>礦ision Build Log</h1>
<h2>Tool Versions:</h2>
IDE-Version: μVision V5.40.0.0
Copyright (C) 2024 ARM Ltd and ARM Germany GmbH. All rights reserved.
License Information: l bc, l, LIC=ATTQ1-CT188-NNKAF-6Q0S0-UBXKA-JUED0
 
Tool Versions:
Toolchain:       MDK-ARM Plus  Version: 5.40.0.3
Toolchain Path:  D:\long\Keil_v5\ARM\ARMCC\Bin
C Compiler:      Armcc.exe V5.06 update 7 (build 960)
Assembler:       Armasm.exe V5.06 update 7 (build 960)
Linker/Locator:  ArmLink.exe V5.06 update 7 (build 960)
Library Manager: ArmAr.exe V5.06 update 7 (build 960)
Hex Converter:   FromElf.exe V5.06 update 7 (build 960)
CPU DLL:         SARMCM3.DLL V5.40.0.3
Dialog DLL:      DARMCM1.DLL V1.19.6.0
Target DLL:      STLink\ST-LINKIII-KEIL_SWO.dll V3.3.0.0
Dialog DLL:      TARMCM1.DLL V1.14.6.0
 
<h2>Project:</h2>
C:\Users\bc\Desktop\myself-TOFsensor\4.程序\MG32F003_LibSamples_v1.0.1\Samples\LibSamples\USART\USART_Interrupt-YC02-按键485打印接收帧\MDK-ARM\USART_Interrupt.uvprojx
Project File Date:  06/24/2026

<h2>Output:</h2>
*** Using Compiler 'V5.06 update 7 (build 960)', folder: 'D:\long\Keil_v5\ARM\ARMCC\Bin'
Rebuild target 'USART_Interrupt'
compiling mg32f003_it.c...
compiling main.c...
compiling mg32_dbg.c...
compiling mg32_crc.c...
compiling platform.c...
compiling usart_interrupt.c...
compiling mg32_adc.c...
compiling mg32_exti.c...
compiling mg32_i2c.c...
compiling mg32_misc.c...
compiling mg32_iwdg.c...
compiling mg32_flash.c...
compiling mg32_pwr.c...
compiling mg32_gpio.c...
compiling mg32_rcc.c...
compiling mg32_uid.c...
compiling mg32_syscfg.c...
compiling system_mg32f003.c...
compiling mg32_spi.c...
compiling mg32_usart.c...
compiling mg32_tim.c...
assembling startup_mg32f003_keil.s...
linking...
Program Size: Code=3932 RO-data=224 RW-data=52 ZI-data=1100  
FromELF: creating hex file...
".\Objects\USART_Interrupt.axf" - 0 Error(s), 0 Warning(s).

<h2>Software Packages used:</h2>

Package Vendor: Megawin
                https://www.megawin.com.tw/files/Download/megawinDFP/Megawin.MG32F003_DFP.1.0.1.pack
                Megawin::MG32F003_DFP@1.0.1
                Megawin MG32F003 Series Device Family Pack

<h2>Collection of Component include folders:</h2>

<h2>Collection of Component Files used:</h2>
Build Time Elapsed:  00:00:06
</pre>
</body>
</html>
