<!doctype html public "-//w3c//dtd html 4.0 transitional//en">
<html><head>
<title>Static Call Graph - [.\Objects\USART_Interrupt.axf]</title></head>
<body><HR>
<H1>Static Call Graph for image .\Objects\USART_Interrupt.axf</H1><HR>
<BR><P>#&#060CALLGRAPH&#062# ARM Linker, 5060960: Last Updated: Wed Jun 24 16:25:19 2026
<BR><P>
<H3>Maximum Stack Usage =        116 bytes + Unknown(Cycles, Untraceable Function Pointers)</H3><H3>
Call chain for Maximum Stack Depth:</H3>
main &rArr; USART_Interrupt_Sample &rArr; USART_Configure &rArr; USART_Init &rArr; __aeabi_uidivmod
<P>
<H3>
Mutually Recursive functions
</H3> <LI><a href="#[d]">ADC_IRQHandler</a>&nbsp;&nbsp;&nbsp;&rArr;&nbsp;&nbsp;&nbsp;<a href="#[d]">ADC_IRQHandler</a><BR>
</UL>
<P>
<H3>
Function Pointers
</H3><UL>
 <LI><a href="#[d]">ADC_IRQHandler</a> from startup_mg32f003_keil.o(.text) referenced from startup_mg32f003_keil.o(RESET)
 <LI><a href="#[a]">EXTI0_1_IRQHandler</a> from startup_mg32f003_keil.o(.text) referenced from startup_mg32f003_keil.o(RESET)
 <LI><a href="#[b]">EXTI2_3_IRQHandler</a> from startup_mg32f003_keil.o(.text) referenced from startup_mg32f003_keil.o(RESET)
 <LI><a href="#[c]">EXTI4_15_IRQHandler</a> from startup_mg32f003_keil.o(.text) referenced from startup_mg32f003_keil.o(RESET)
 <LI><a href="#[8]">FLASH_IRQHandler</a> from startup_mg32f003_keil.o(.text) referenced from startup_mg32f003_keil.o(RESET)
 <LI><a href="#[2]">HardFault_Handler</a> from mg32f003_it.o(i.HardFault_Handler) referenced from startup_mg32f003_keil.o(RESET)
 <LI><a href="#[12]">I2C1_IRQHandler</a> from startup_mg32f003_keil.o(.text) referenced from startup_mg32f003_keil.o(RESET)
 <LI><a href="#[6]">IWDG_IRQHandler</a> from startup_mg32f003_keil.o(.text) referenced from startup_mg32f003_keil.o(RESET)
 <LI><a href="#[1]">NMI_Handler</a> from mg32f003_it.o(i.NMI_Handler) referenced from startup_mg32f003_keil.o(RESET)
 <LI><a href="#[7]">PVD_IRQHandler</a> from startup_mg32f003_keil.o(.text) referenced from startup_mg32f003_keil.o(RESET)
 <LI><a href="#[4]">PendSV_Handler</a> from mg32f003_it.o(i.PendSV_Handler) referenced from startup_mg32f003_keil.o(RESET)
 <LI><a href="#[9]">RCC_IRQHandler</a> from startup_mg32f003_keil.o(.text) referenced from startup_mg32f003_keil.o(RESET)
 <LI><a href="#[0]">Reset_Handler</a> from startup_mg32f003_keil.o(.text) referenced from startup_mg32f003_keil.o(RESET)
 <LI><a href="#[13]">SPI1_IRQHandler</a> from startup_mg32f003_keil.o(.text) referenced from startup_mg32f003_keil.o(RESET)
 <LI><a href="#[3]">SVC_Handler</a> from mg32f003_it.o(i.SVC_Handler) referenced from startup_mg32f003_keil.o(RESET)
 <LI><a href="#[5]">SysTick_Handler</a> from mg32f003_it.o(i.SysTick_Handler) referenced from startup_mg32f003_keil.o(RESET)
 <LI><a href="#[17]">SystemInit</a> from system_mg32f003.o(i.SystemInit) referenced from startup_mg32f003_keil.o(.text)
 <LI><a href="#[11]">TIM14_IRQHandler</a> from startup_mg32f003_keil.o(.text) referenced from startup_mg32f003_keil.o(RESET)
 <LI><a href="#[e]">TIM1_BRK_UP_TRG_COM_IRQHandler</a> from startup_mg32f003_keil.o(.text) referenced from startup_mg32f003_keil.o(RESET)
 <LI><a href="#[f]">TIM1_CC_IRQHandler</a> from startup_mg32f003_keil.o(.text) referenced from startup_mg32f003_keil.o(RESET)
 <LI><a href="#[10]">TIM3_IRQHandler</a> from startup_mg32f003_keil.o(.text) referenced from startup_mg32f003_keil.o(RESET)
 <LI><a href="#[14]">USART1_IRQHandler</a> from mg32f003_it.o(i.USART1_IRQHandler) referenced from startup_mg32f003_keil.o(RESET)
 <LI><a href="#[15]">USART2_IRQHandler</a> from startup_mg32f003_keil.o(.text) referenced from startup_mg32f003_keil.o(RESET)
 <LI><a href="#[18]">__main</a> from entry.o(.ARM.Collect$$$$00000000) referenced from startup_mg32f003_keil.o(.text)
 <LI><a href="#[16]">main</a> from main.o(i.main) referenced from entry9a.o(.ARM.Collect$$$$0000000B)
</UL>
<P>
<H3>
Global Symbols
</H3>
<P><STRONG><a name="[18]"></a>__main</STRONG> (Thumb, 0 bytes, Stack size unknown bytes, entry.o(.ARM.Collect$$$$00000000))
<BR>[Address Reference Count : 1]<UL><LI> startup_mg32f003_keil.o(.text)
</UL>
<P><STRONG><a name="[4c]"></a>_main_stk</STRONG> (Thumb, 0 bytes, Stack size unknown bytes, entry2.o(.ARM.Collect$$$$00000001))

<P><STRONG><a name="[19]"></a>_main_scatterload</STRONG> (Thumb, 0 bytes, Stack size unknown bytes, entry5.o(.ARM.Collect$$$$00000004))
<BR><BR>[Calls]<UL><LI><a href="#[1a]">&gt;&gt;</a>&nbsp;&nbsp;&nbsp;__scatterload
</UL>

<P><STRONG><a name="[1d]"></a>__main_after_scatterload</STRONG> (Thumb, 0 bytes, Stack size unknown bytes, entry5.o(.ARM.Collect$$$$00000004))
<BR><BR>[Called By]<UL><LI><a href="#[1a]">&gt;&gt;</a>&nbsp;&nbsp;&nbsp;__scatterload
</UL>

<P><STRONG><a name="[4d]"></a>_main_clock</STRONG> (Thumb, 0 bytes, Stack size unknown bytes, entry7b.o(.ARM.Collect$$$$00000008))

<P><STRONG><a name="[4e]"></a>_main_cpp_init</STRONG> (Thumb, 0 bytes, Stack size unknown bytes, entry8b.o(.ARM.Collect$$$$0000000A))

<P><STRONG><a name="[4f]"></a>_main_init</STRONG> (Thumb, 0 bytes, Stack size unknown bytes, entry9a.o(.ARM.Collect$$$$0000000B))

<P><STRONG><a name="[1b]"></a>__rt_lib_shutdown_fini</STRONG> (Thumb, 0 bytes, Stack size unknown bytes, entry12b.o(.ARM.Collect$$$$0000000E))
<BR><BR>[Calls]<UL><LI><a href="#[1c]">&gt;&gt;</a>&nbsp;&nbsp;&nbsp;__arm_fini_ (Weak Reference)
</UL>

<P><STRONG><a name="[50]"></a>__rt_final_cpp</STRONG> (Thumb, 0 bytes, Stack size unknown bytes, entry10a.o(.ARM.Collect$$$$0000000F))

<P><STRONG><a name="[51]"></a>__rt_final_exit</STRONG> (Thumb, 0 bytes, Stack size unknown bytes, entry11a.o(.ARM.Collect$$$$00000011))

<P><STRONG><a name="[0]"></a>Reset_Handler</STRONG> (Thumb, 8 bytes, Stack size 0 bytes, startup_mg32f003_keil.o(.text))
<BR>[Address Reference Count : 1]<UL><LI> startup_mg32f003_keil.o(RESET)
</UL>
<P><STRONG><a name="[d]"></a>ADC_IRQHandler</STRONG> (Thumb, 0 bytes, Stack size 0 bytes, startup_mg32f003_keil.o(.text))
<BR><BR>[Calls]<UL><LI><a href="#[d]">&gt;&gt;</a>&nbsp;&nbsp;&nbsp;ADC_IRQHandler
</UL>
<BR>[Called By]<UL><LI><a href="#[d]">&gt;&gt;</a>&nbsp;&nbsp;&nbsp;ADC_IRQHandler
</UL>
<BR>[Address Reference Count : 1]<UL><LI> startup_mg32f003_keil.o(RESET)
</UL>
<P><STRONG><a name="[a]"></a>EXTI0_1_IRQHandler</STRONG> (Thumb, 0 bytes, Stack size 0 bytes, startup_mg32f003_keil.o(.text))
<BR>[Address Reference Count : 1]<UL><LI> startup_mg32f003_keil.o(RESET)
</UL>
<P><STRONG><a name="[b]"></a>EXTI2_3_IRQHandler</STRONG> (Thumb, 0 bytes, Stack size 0 bytes, startup_mg32f003_keil.o(.text))
<BR>[Address Reference Count : 1]<UL><LI> startup_mg32f003_keil.o(RESET)
</UL>
<P><STRONG><a name="[c]"></a>EXTI4_15_IRQHandler</STRONG> (Thumb, 0 bytes, Stack size 0 bytes, startup_mg32f003_keil.o(.text))
<BR>[Address Reference Count : 1]<UL><LI> startup_mg32f003_keil.o(RESET)
</UL>
<P><STRONG><a name="[8]"></a>FLASH_IRQHandler</STRONG> (Thumb, 0 bytes, Stack size 0 bytes, startup_mg32f003_keil.o(.text))
<BR>[Address Reference Count : 1]<UL><LI> startup_mg32f003_keil.o(RESET)
</UL>
<P><STRONG><a name="[12]"></a>I2C1_IRQHandler</STRONG> (Thumb, 0 bytes, Stack size 0 bytes, startup_mg32f003_keil.o(.text))
<BR>[Address Reference Count : 1]<UL><LI> startup_mg32f003_keil.o(RESET)
</UL>
<P><STRONG><a name="[6]"></a>IWDG_IRQHandler</STRONG> (Thumb, 0 bytes, Stack size 0 bytes, startup_mg32f003_keil.o(.text))
<BR>[Address Reference Count : 1]<UL><LI> startup_mg32f003_keil.o(RESET)
</UL>
<P><STRONG><a name="[7]"></a>PVD_IRQHandler</STRONG> (Thumb, 0 bytes, Stack size 0 bytes, startup_mg32f003_keil.o(.text))
<BR>[Address Reference Count : 1]<UL><LI> startup_mg32f003_keil.o(RESET)
</UL>
<P><STRONG><a name="[9]"></a>RCC_IRQHandler</STRONG> (Thumb, 0 bytes, Stack size 0 bytes, startup_mg32f003_keil.o(.text))
<BR>[Address Reference Count : 1]<UL><LI> startup_mg32f003_keil.o(RESET)
</UL>
<P><STRONG><a name="[13]"></a>SPI1_IRQHandler</STRONG> (Thumb, 0 bytes, Stack size 0 bytes, startup_mg32f003_keil.o(.text))
<BR>[Address Reference Count : 1]<UL><LI> startup_mg32f003_keil.o(RESET)
</UL>
<P><STRONG><a name="[11]"></a>TIM14_IRQHandler</STRONG> (Thumb, 0 bytes, Stack size 0 bytes, startup_mg32f003_keil.o(.text))
<BR>[Address Reference Count : 1]<UL><LI> startup_mg32f003_keil.o(RESET)
</UL>
<P><STRONG><a name="[e]"></a>TIM1_BRK_UP_TRG_COM_IRQHandler</STRONG> (Thumb, 0 bytes, Stack size 0 bytes, startup_mg32f003_keil.o(.text))
<BR>[Address Reference Count : 1]<UL><LI> startup_mg32f003_keil.o(RESET)
</UL>
<P><STRONG><a name="[f]"></a>TIM1_CC_IRQHandler</STRONG> (Thumb, 0 bytes, Stack size 0 bytes, startup_mg32f003_keil.o(.text))
<BR>[Address Reference Count : 1]<UL><LI> startup_mg32f003_keil.o(RESET)
</UL>
<P><STRONG><a name="[10]"></a>TIM3_IRQHandler</STRONG> (Thumb, 0 bytes, Stack size 0 bytes, startup_mg32f003_keil.o(.text))
<BR>[Address Reference Count : 1]<UL><LI> startup_mg32f003_keil.o(RESET)
</UL>
<P><STRONG><a name="[15]"></a>USART2_IRQHandler</STRONG> (Thumb, 0 bytes, Stack size 0 bytes, startup_mg32f003_keil.o(.text))
<BR>[Address Reference Count : 1]<UL><LI> startup_mg32f003_keil.o(RESET)
</UL>
<P><STRONG><a name="[52]"></a>__aeabi_uidiv</STRONG> (Thumb, 0 bytes, Stack size 12 bytes, uidiv.o(.text), UNUSED)

<P><STRONG><a name="[26]"></a>__aeabi_uidivmod</STRONG> (Thumb, 44 bytes, Stack size 12 bytes, uidiv.o(.text))
<BR><BR>[Stack]<UL><LI>Max Depth = 12<LI>Call Chain = __aeabi_uidivmod
</UL>
<BR>[Called By]<UL><LI><a href="#[1f]">&gt;&gt;</a>&nbsp;&nbsp;&nbsp;PLATFORM_InitDelay
<LI><a href="#[32]">&gt;&gt;</a>&nbsp;&nbsp;&nbsp;USART_Init
<LI><a href="#[39]">&gt;&gt;</a>&nbsp;&nbsp;&nbsp;USART2_DebugWriteU32
<LI><a href="#[3a]">&gt;&gt;</a>&nbsp;&nbsp;&nbsp;USART2_DebugWriteTemperature
<LI><a href="#[29]">&gt;&gt;</a>&nbsp;&nbsp;&nbsp;SetSysClockToDefine
</UL>

<P><STRONG><a name="[53]"></a>__aeabi_memcpy</STRONG> (Thumb, 36 bytes, Stack size 0 bytes, memcpya.o(.text), UNUSED)

<P><STRONG><a name="[44]"></a>__aeabi_memcpy4</STRONG> (Thumb, 0 bytes, Stack size 0 bytes, memcpya.o(.text))
<BR><BR>[Called By]<UL><LI><a href="#[40]">&gt;&gt;</a>&nbsp;&nbsp;&nbsp;USART_Interrupt_Sample
</UL>

<P><STRONG><a name="[54]"></a>__aeabi_memcpy8</STRONG> (Thumb, 0 bytes, Stack size 0 bytes, memcpya.o(.text), UNUSED)

<P><STRONG><a name="[1a]"></a>__scatterload</STRONG> (Thumb, 28 bytes, Stack size 0 bytes, init.o(.text))
<BR><BR>[Calls]<UL><LI><a href="#[1d]">&gt;&gt;</a>&nbsp;&nbsp;&nbsp;__main_after_scatterload
</UL>
<BR>[Called By]<UL><LI><a href="#[19]">&gt;&gt;</a>&nbsp;&nbsp;&nbsp;_main_scatterload
</UL>

<P><STRONG><a name="[55]"></a>__scatterload_rt2</STRONG> (Thumb, 0 bytes, Stack size 0 bytes, init.o(.text), UNUSED)

<P><STRONG><a name="[23]"></a>GPIO_Init</STRONG> (Thumb, 154 bytes, Stack size 24 bytes, mg32_gpio.o(i.GPIO_Init))
<BR><BR>[Stack]<UL><LI>Max Depth = 24<LI>Call Chain = GPIO_Init
</UL>
<BR>[Called By]<UL><LI><a href="#[20]">&gt;&gt;</a>&nbsp;&nbsp;&nbsp;PLATFORM_InitBoardGpio
<LI><a href="#[3e]">&gt;&gt;</a>&nbsp;&nbsp;&nbsp;USART_Configure
<LI><a href="#[2e]">&gt;&gt;</a>&nbsp;&nbsp;&nbsp;USART2_DebugConfigure
</UL>

<P><STRONG><a name="[2f]"></a>GPIO_PinAFConfig</STRONG> (Thumb, 40 bytes, Stack size 16 bytes, mg32_gpio.o(i.GPIO_PinAFConfig))
<BR><BR>[Stack]<UL><LI>Max Depth = 16<LI>Call Chain = GPIO_PinAFConfig
</UL>
<BR>[Called By]<UL><LI><a href="#[3e]">&gt;&gt;</a>&nbsp;&nbsp;&nbsp;USART_Configure
<LI><a href="#[2e]">&gt;&gt;</a>&nbsp;&nbsp;&nbsp;USART2_DebugConfigure
</UL>

<P><STRONG><a name="[45]"></a>GPIO_ReadInputDataBit</STRONG> (Thumb, 18 bytes, Stack size 0 bytes, mg32_gpio.o(i.GPIO_ReadInputDataBit))
<BR><BR>[Called By]<UL><LI><a href="#[40]">&gt;&gt;</a>&nbsp;&nbsp;&nbsp;USART_Interrupt_Sample
</UL>

<P><STRONG><a name="[22]"></a>GPIO_StructInit</STRONG> (Thumb, 16 bytes, Stack size 0 bytes, mg32_gpio.o(i.GPIO_StructInit))
<BR><BR>[Called By]<UL><LI><a href="#[20]">&gt;&gt;</a>&nbsp;&nbsp;&nbsp;PLATFORM_InitBoardGpio
<LI><a href="#[3e]">&gt;&gt;</a>&nbsp;&nbsp;&nbsp;USART_Configure
<LI><a href="#[2e]">&gt;&gt;</a>&nbsp;&nbsp;&nbsp;USART2_DebugConfigure
</UL>

<P><STRONG><a name="[24]"></a>GPIO_WriteBit</STRONG> (Thumb, 12 bytes, Stack size 0 bytes, mg32_gpio.o(i.GPIO_WriteBit))
<BR><BR>[Called By]<UL><LI><a href="#[20]">&gt;&gt;</a>&nbsp;&nbsp;&nbsp;PLATFORM_InitBoardGpio
<LI><a href="#[28]">&gt;&gt;</a>&nbsp;&nbsp;&nbsp;PLATFORM_LED_Enable
<LI><a href="#[34]">&gt;&gt;</a>&nbsp;&nbsp;&nbsp;USART2_DebugEndTx
<LI><a href="#[2e]">&gt;&gt;</a>&nbsp;&nbsp;&nbsp;USART2_DebugConfigure
<LI><a href="#[2d]">&gt;&gt;</a>&nbsp;&nbsp;&nbsp;USART2_DebugBeginTx
</UL>

<P><STRONG><a name="[2]"></a>HardFault_Handler</STRONG> (Thumb, 4 bytes, Stack size 0 bytes, mg32f003_it.o(i.HardFault_Handler))
<BR>[Address Reference Count : 1]<UL><LI> startup_mg32f003_keil.o(RESET)
</UL>
<P><STRONG><a name="[1]"></a>NMI_Handler</STRONG> (Thumb, 2 bytes, Stack size 0 bytes, mg32f003_it.o(i.NMI_Handler))
<BR>[Address Reference Count : 1]<UL><LI> startup_mg32f003_keil.o(RESET)
</UL>
<P><STRONG><a name="[3f]"></a>NVIC_Init</STRONG> (Thumb, 100 bytes, Stack size 0 bytes, mg32_misc.o(i.NVIC_Init))
<BR><BR>[Called By]<UL><LI><a href="#[3e]">&gt;&gt;</a>&nbsp;&nbsp;&nbsp;USART_Configure
</UL>

<P><STRONG><a name="[1e]"></a>PLATFORM_Init</STRONG> (Thumb, 12 bytes, Stack size 8 bytes, platform.o(i.PLATFORM_Init))
<BR><BR>[Stack]<UL><LI>Max Depth = 44<LI>Call Chain = PLATFORM_Init &rArr; PLATFORM_InitDelay &rArr; __aeabi_uidivmod
</UL>
<BR>[Calls]<UL><LI><a href="#[1f]">&gt;&gt;</a>&nbsp;&nbsp;&nbsp;PLATFORM_InitDelay
<LI><a href="#[20]">&gt;&gt;</a>&nbsp;&nbsp;&nbsp;PLATFORM_InitBoardGpio
</UL>
<BR>[Called By]<UL><LI><a href="#[16]">&gt;&gt;</a>&nbsp;&nbsp;&nbsp;main
</UL>

<P><STRONG><a name="[28]"></a>PLATFORM_LED_Enable</STRONG> (Thumb, 86 bytes, Stack size 16 bytes, platform.o(i.PLATFORM_LED_Enable))
<BR><BR>[Stack]<UL><LI>Max Depth = 16<LI>Call Chain = PLATFORM_LED_Enable
</UL>
<BR>[Calls]<UL><LI><a href="#[24]">&gt;&gt;</a>&nbsp;&nbsp;&nbsp;GPIO_WriteBit
</UL>
<BR>[Called By]<UL><LI><a href="#[40]">&gt;&gt;</a>&nbsp;&nbsp;&nbsp;USART_Interrupt_Sample
</UL>

<P><STRONG><a name="[4]"></a>PendSV_Handler</STRONG> (Thumb, 2 bytes, Stack size 0 bytes, mg32f003_it.o(i.PendSV_Handler))
<BR>[Address Reference Count : 1]<UL><LI> startup_mg32f003_keil.o(RESET)
</UL>
<P><STRONG><a name="[21]"></a>RCC_AHBPeriphClockCmd</STRONG> (Thumb, 28 bytes, Stack size 0 bytes, mg32_rcc.o(i.RCC_AHBPeriphClockCmd))
<BR><BR>[Called By]<UL><LI><a href="#[20]">&gt;&gt;</a>&nbsp;&nbsp;&nbsp;PLATFORM_InitBoardGpio
<LI><a href="#[3e]">&gt;&gt;</a>&nbsp;&nbsp;&nbsp;USART_Configure
<LI><a href="#[2e]">&gt;&gt;</a>&nbsp;&nbsp;&nbsp;USART2_DebugConfigure
</UL>

<P><STRONG><a name="[30]"></a>RCC_APB1PeriphClockCmd</STRONG> (Thumb, 28 bytes, Stack size 0 bytes, mg32_rcc.o(i.RCC_APB1PeriphClockCmd))
<BR><BR>[Called By]<UL><LI><a href="#[3e]">&gt;&gt;</a>&nbsp;&nbsp;&nbsp;USART_Configure
<LI><a href="#[2e]">&gt;&gt;</a>&nbsp;&nbsp;&nbsp;USART2_DebugConfigure
</UL>

<P><STRONG><a name="[25]"></a>RCC_GetClocksFreq</STRONG> (Thumb, 110 bytes, Stack size 8 bytes, mg32_rcc.o(i.RCC_GetClocksFreq))
<BR><BR>[Stack]<UL><LI>Max Depth = 8<LI>Call Chain = RCC_GetClocksFreq
</UL>
<BR>[Called By]<UL><LI><a href="#[1f]">&gt;&gt;</a>&nbsp;&nbsp;&nbsp;PLATFORM_InitDelay
<LI><a href="#[32]">&gt;&gt;</a>&nbsp;&nbsp;&nbsp;USART_Init
</UL>

<P><STRONG><a name="[3]"></a>SVC_Handler</STRONG> (Thumb, 2 bytes, Stack size 0 bytes, mg32f003_it.o(i.SVC_Handler))
<BR>[Address Reference Count : 1]<UL><LI> startup_mg32f003_keil.o(RESET)
</UL>
<P><STRONG><a name="[5]"></a>SysTick_Handler</STRONG> (Thumb, 20 bytes, Stack size 0 bytes, mg32f003_it.o(i.SysTick_Handler))
<BR>[Address Reference Count : 1]<UL><LI> startup_mg32f003_keil.o(RESET)
</UL>
<P><STRONG><a name="[17]"></a>SystemInit</STRONG> (Thumb, 56 bytes, Stack size 8 bytes, system_mg32f003.o(i.SystemInit))
<BR><BR>[Stack]<UL><LI>Max Depth = 36<LI>Call Chain = SystemInit &rArr; SetSysClockToDefine &rArr; __aeabi_uidivmod
</UL>
<BR>[Calls]<UL><LI><a href="#[29]">&gt;&gt;</a>&nbsp;&nbsp;&nbsp;SetSysClockToDefine
</UL>
<BR>[Address Reference Count : 1]<UL><LI> startup_mg32f003_keil.o(.text)
</UL>
<P><STRONG><a name="[14]"></a>USART1_IRQHandler</STRONG> (Thumb, 184 bytes, Stack size 8 bytes, mg32f003_it.o(i.USART1_IRQHandler))
<BR><BR>[Stack]<UL><LI>Max Depth = 16<LI>Call Chain = USART1_IRQHandler &rArr; USART_GetITStatus
</UL>
<BR>[Calls]<UL><LI><a href="#[2a]">&gt;&gt;</a>&nbsp;&nbsp;&nbsp;USART_GetITStatus
<LI><a href="#[2b]">&gt;&gt;</a>&nbsp;&nbsp;&nbsp;USART_ReceiveData
<LI><a href="#[2c]">&gt;&gt;</a>&nbsp;&nbsp;&nbsp;USART_ITConfig
</UL>
<BR>[Address Reference Count : 1]<UL><LI> startup_mg32f003_keil.o(RESET)
</UL>
<P><STRONG><a name="[47]"></a>USART_ClearFlag</STRONG> (Thumb, 6 bytes, Stack size 0 bytes, mg32_usart.o(i.USART_ClearFlag))
<BR><BR>[Called By]<UL><LI><a href="#[41]">&gt;&gt;</a>&nbsp;&nbsp;&nbsp;USART_RxIdle_Start
</UL>

<P><STRONG><a name="[46]"></a>USART_ClearITPendingBit</STRONG> (Thumb, 6 bytes, Stack size 0 bytes, mg32_usart.o(i.USART_ClearITPendingBit))
<BR><BR>[Called By]<UL><LI><a href="#[41]">&gt;&gt;</a>&nbsp;&nbsp;&nbsp;USART_RxIdle_Start
</UL>

<P><STRONG><a name="[33]"></a>USART_Cmd</STRONG> (Thumb, 28 bytes, Stack size 0 bytes, mg32_usart.o(i.USART_Cmd))
<BR><BR>[Called By]<UL><LI><a href="#[3e]">&gt;&gt;</a>&nbsp;&nbsp;&nbsp;USART_Configure
<LI><a href="#[2e]">&gt;&gt;</a>&nbsp;&nbsp;&nbsp;USART2_DebugConfigure
</UL>

<P><STRONG><a name="[3e]"></a>USART_Configure</STRONG> (Thumb, 186 bytes, Stack size 40 bytes, usart_interrupt.o(i.USART_Configure))
<BR><BR>[Stack]<UL><LI>Max Depth = 84<LI>Call Chain = USART_Configure &rArr; USART_Init &rArr; __aeabi_uidivmod
</UL>
<BR>[Calls]<UL><LI><a href="#[31]">&gt;&gt;</a>&nbsp;&nbsp;&nbsp;USART_StructInit
<LI><a href="#[32]">&gt;&gt;</a>&nbsp;&nbsp;&nbsp;USART_Init
<LI><a href="#[2c]">&gt;&gt;</a>&nbsp;&nbsp;&nbsp;USART_ITConfig
<LI><a href="#[33]">&gt;&gt;</a>&nbsp;&nbsp;&nbsp;USART_Cmd
<LI><a href="#[30]">&gt;&gt;</a>&nbsp;&nbsp;&nbsp;RCC_APB1PeriphClockCmd
<LI><a href="#[21]">&gt;&gt;</a>&nbsp;&nbsp;&nbsp;RCC_AHBPeriphClockCmd
<LI><a href="#[3f]">&gt;&gt;</a>&nbsp;&nbsp;&nbsp;NVIC_Init
<LI><a href="#[22]">&gt;&gt;</a>&nbsp;&nbsp;&nbsp;GPIO_StructInit
<LI><a href="#[2f]">&gt;&gt;</a>&nbsp;&nbsp;&nbsp;GPIO_PinAFConfig
<LI><a href="#[23]">&gt;&gt;</a>&nbsp;&nbsp;&nbsp;GPIO_Init
</UL>
<BR>[Called By]<UL><LI><a href="#[40]">&gt;&gt;</a>&nbsp;&nbsp;&nbsp;USART_Interrupt_Sample
</UL>

<P><STRONG><a name="[35]"></a>USART_GetFlagStatus</STRONG> (Thumb, 18 bytes, Stack size 0 bytes, mg32_usart.o(i.USART_GetFlagStatus))
<BR><BR>[Called By]<UL><LI><a href="#[3c]">&gt;&gt;</a>&nbsp;&nbsp;&nbsp;USART2_DebugWriteByte
<LI><a href="#[34]">&gt;&gt;</a>&nbsp;&nbsp;&nbsp;USART2_DebugEndTx
</UL>

<P><STRONG><a name="[2a]"></a>USART_GetITStatus</STRONG> (Thumb, 102 bytes, Stack size 8 bytes, mg32_usart.o(i.USART_GetITStatus))
<BR><BR>[Stack]<UL><LI>Max Depth = 8<LI>Call Chain = USART_GetITStatus
</UL>
<BR>[Called By]<UL><LI><a href="#[14]">&gt;&gt;</a>&nbsp;&nbsp;&nbsp;USART1_IRQHandler
</UL>

<P><STRONG><a name="[2c]"></a>USART_ITConfig</STRONG> (Thumb, 44 bytes, Stack size 0 bytes, mg32_usart.o(i.USART_ITConfig))
<BR><BR>[Called By]<UL><LI><a href="#[14]">&gt;&gt;</a>&nbsp;&nbsp;&nbsp;USART1_IRQHandler
<LI><a href="#[41]">&gt;&gt;</a>&nbsp;&nbsp;&nbsp;USART_RxIdle_Start
<LI><a href="#[3e]">&gt;&gt;</a>&nbsp;&nbsp;&nbsp;USART_Configure
</UL>

<P><STRONG><a name="[32]"></a>USART_Init</STRONG> (Thumb, 144 bytes, Stack size 32 bytes, mg32_usart.o(i.USART_Init))
<BR><BR>[Stack]<UL><LI>Max Depth = 44<LI>Call Chain = USART_Init &rArr; __aeabi_uidivmod
</UL>
<BR>[Calls]<UL><LI><a href="#[25]">&gt;&gt;</a>&nbsp;&nbsp;&nbsp;RCC_GetClocksFreq
<LI><a href="#[26]">&gt;&gt;</a>&nbsp;&nbsp;&nbsp;__aeabi_uidivmod
</UL>
<BR>[Called By]<UL><LI><a href="#[3e]">&gt;&gt;</a>&nbsp;&nbsp;&nbsp;USART_Configure
<LI><a href="#[2e]">&gt;&gt;</a>&nbsp;&nbsp;&nbsp;USART2_DebugConfigure
</UL>

<P><STRONG><a name="[40]"></a>USART_Interrupt_Sample</STRONG> (Thumb, 236 bytes, Stack size 32 bytes, usart_interrupt.o(i.USART_Interrupt_Sample))
<BR><BR>[Stack]<UL><LI>Max Depth = 116<LI>Call Chain = USART_Interrupt_Sample &rArr; USART_Configure &rArr; USART_Init &rArr; __aeabi_uidivmod
</UL>
<BR>[Calls]<UL><LI><a href="#[28]">&gt;&gt;</a>&nbsp;&nbsp;&nbsp;PLATFORM_LED_Enable
<LI><a href="#[45]">&gt;&gt;</a>&nbsp;&nbsp;&nbsp;GPIO_ReadInputDataBit
<LI><a href="#[41]">&gt;&gt;</a>&nbsp;&nbsp;&nbsp;USART_RxIdle_Start
<LI><a href="#[3e]">&gt;&gt;</a>&nbsp;&nbsp;&nbsp;USART_Configure
<LI><a href="#[43]">&gt;&gt;</a>&nbsp;&nbsp;&nbsp;YC02_ParseFrame
<LI><a href="#[36]">&gt;&gt;</a>&nbsp;&nbsp;&nbsp;USART2_DebugPrintLastFrame
<LI><a href="#[2e]">&gt;&gt;</a>&nbsp;&nbsp;&nbsp;USART2_DebugConfigure
<LI><a href="#[42]">&gt;&gt;</a>&nbsp;&nbsp;&nbsp;TOF_SaveLastFrame
<LI><a href="#[44]">&gt;&gt;</a>&nbsp;&nbsp;&nbsp;__aeabi_memcpy4
</UL>
<BR>[Called By]<UL><LI><a href="#[16]">&gt;&gt;</a>&nbsp;&nbsp;&nbsp;main
</UL>

<P><STRONG><a name="[2b]"></a>USART_ReceiveData</STRONG> (Thumb, 10 bytes, Stack size 0 bytes, mg32_usart.o(i.USART_ReceiveData))
<BR><BR>[Called By]<UL><LI><a href="#[14]">&gt;&gt;</a>&nbsp;&nbsp;&nbsp;USART1_IRQHandler
<LI><a href="#[41]">&gt;&gt;</a>&nbsp;&nbsp;&nbsp;USART_RxIdle_Start
</UL>

<P><STRONG><a name="[41]"></a>USART_RxIdle_Start</STRONG> (Thumb, 84 bytes, Stack size 16 bytes, usart_interrupt.o(i.USART_RxIdle_Start))
<BR><BR>[Stack]<UL><LI>Max Depth = 16<LI>Call Chain = USART_RxIdle_Start
</UL>
<BR>[Calls]<UL><LI><a href="#[2b]">&gt;&gt;</a>&nbsp;&nbsp;&nbsp;USART_ReceiveData
<LI><a href="#[2c]">&gt;&gt;</a>&nbsp;&nbsp;&nbsp;USART_ITConfig
<LI><a href="#[46]">&gt;&gt;</a>&nbsp;&nbsp;&nbsp;USART_ClearITPendingBit
<LI><a href="#[47]">&gt;&gt;</a>&nbsp;&nbsp;&nbsp;USART_ClearFlag
</UL>
<BR>[Called By]<UL><LI><a href="#[40]">&gt;&gt;</a>&nbsp;&nbsp;&nbsp;USART_Interrupt_Sample
</UL>

<P><STRONG><a name="[3d]"></a>USART_SendData</STRONG> (Thumb, 8 bytes, Stack size 0 bytes, mg32_usart.o(i.USART_SendData))
<BR><BR>[Called By]<UL><LI><a href="#[3c]">&gt;&gt;</a>&nbsp;&nbsp;&nbsp;USART2_DebugWriteByte
</UL>

<P><STRONG><a name="[31]"></a>USART_StructInit</STRONG> (Thumb, 20 bytes, Stack size 0 bytes, mg32_usart.o(i.USART_StructInit))
<BR><BR>[Called By]<UL><LI><a href="#[3e]">&gt;&gt;</a>&nbsp;&nbsp;&nbsp;USART_Configure
<LI><a href="#[2e]">&gt;&gt;</a>&nbsp;&nbsp;&nbsp;USART2_DebugConfigure
</UL>

<P><STRONG><a name="[56]"></a>__scatterload_copy</STRONG> (Thumb, 14 bytes, Stack size unknown bytes, handlers.o(i.__scatterload_copy), UNUSED)

<P><STRONG><a name="[57]"></a>__scatterload_null</STRONG> (Thumb, 2 bytes, Stack size unknown bytes, handlers.o(i.__scatterload_null), UNUSED)

<P><STRONG><a name="[58]"></a>__scatterload_zeroinit</STRONG> (Thumb, 14 bytes, Stack size unknown bytes, handlers.o(i.__scatterload_zeroinit), UNUSED)

<P><STRONG><a name="[16]"></a>main</STRONG> (Thumb, 12 bytes, Stack size 0 bytes, main.o(i.main))
<BR><BR>[Stack]<UL><LI>Max Depth = 116<LI>Call Chain = main &rArr; USART_Interrupt_Sample &rArr; USART_Configure &rArr; USART_Init &rArr; __aeabi_uidivmod
</UL>
<BR>[Calls]<UL><LI><a href="#[40]">&gt;&gt;</a>&nbsp;&nbsp;&nbsp;USART_Interrupt_Sample
<LI><a href="#[1e]">&gt;&gt;</a>&nbsp;&nbsp;&nbsp;PLATFORM_Init
</UL>
<BR>[Address Reference Count : 1]<UL><LI> entry9a.o(.ARM.Collect$$$$0000000B)
</UL><P>
<H3>
Local Symbols
</H3>
<P><STRONG><a name="[42]"></a>TOF_SaveLastFrame</STRONG> (Thumb, 44 bytes, Stack size 0 bytes, usart_interrupt.o(i.TOF_SaveLastFrame))
<BR><BR>[Called By]<UL><LI><a href="#[40]">&gt;&gt;</a>&nbsp;&nbsp;&nbsp;USART_Interrupt_Sample
</UL>

<P><STRONG><a name="[2d]"></a>USART2_DebugBeginTx</STRONG> (Thumb, 14 bytes, Stack size 8 bytes, usart_interrupt.o(i.USART2_DebugBeginTx))
<BR><BR>[Stack]<UL><LI>Max Depth = 8<LI>Call Chain = USART2_DebugBeginTx
</UL>
<BR>[Calls]<UL><LI><a href="#[24]">&gt;&gt;</a>&nbsp;&nbsp;&nbsp;GPIO_WriteBit
</UL>
<BR>[Called By]<UL><LI><a href="#[36]">&gt;&gt;</a>&nbsp;&nbsp;&nbsp;USART2_DebugPrintLastFrame
</UL>

<P><STRONG><a name="[2e]"></a>USART2_DebugConfigure</STRONG> (Thumb, 190 bytes, Stack size 32 bytes, usart_interrupt.o(i.USART2_DebugConfigure))
<BR><BR>[Stack]<UL><LI>Max Depth = 76<LI>Call Chain = USART2_DebugConfigure &rArr; USART_Init &rArr; __aeabi_uidivmod
</UL>
<BR>[Calls]<UL><LI><a href="#[31]">&gt;&gt;</a>&nbsp;&nbsp;&nbsp;USART_StructInit
<LI><a href="#[32]">&gt;&gt;</a>&nbsp;&nbsp;&nbsp;USART_Init
<LI><a href="#[33]">&gt;&gt;</a>&nbsp;&nbsp;&nbsp;USART_Cmd
<LI><a href="#[30]">&gt;&gt;</a>&nbsp;&nbsp;&nbsp;RCC_APB1PeriphClockCmd
<LI><a href="#[21]">&gt;&gt;</a>&nbsp;&nbsp;&nbsp;RCC_AHBPeriphClockCmd
<LI><a href="#[24]">&gt;&gt;</a>&nbsp;&nbsp;&nbsp;GPIO_WriteBit
<LI><a href="#[22]">&gt;&gt;</a>&nbsp;&nbsp;&nbsp;GPIO_StructInit
<LI><a href="#[2f]">&gt;&gt;</a>&nbsp;&nbsp;&nbsp;GPIO_PinAFConfig
<LI><a href="#[23]">&gt;&gt;</a>&nbsp;&nbsp;&nbsp;GPIO_Init
</UL>
<BR>[Called By]<UL><LI><a href="#[40]">&gt;&gt;</a>&nbsp;&nbsp;&nbsp;USART_Interrupt_Sample
</UL>

<P><STRONG><a name="[34]"></a>USART2_DebugEndTx</STRONG> (Thumb, 28 bytes, Stack size 8 bytes, usart_interrupt.o(i.USART2_DebugEndTx))
<BR><BR>[Stack]<UL><LI>Max Depth = 8<LI>Call Chain = USART2_DebugEndTx
</UL>
<BR>[Calls]<UL><LI><a href="#[35]">&gt;&gt;</a>&nbsp;&nbsp;&nbsp;USART_GetFlagStatus
<LI><a href="#[24]">&gt;&gt;</a>&nbsp;&nbsp;&nbsp;GPIO_WriteBit
</UL>
<BR>[Called By]<UL><LI><a href="#[36]">&gt;&gt;</a>&nbsp;&nbsp;&nbsp;USART2_DebugPrintLastFrame
</UL>

<P><STRONG><a name="[36]"></a>USART2_DebugPrintLastFrame</STRONG> (Thumb, 208 bytes, Stack size 8 bytes, usart_interrupt.o(i.USART2_DebugPrintLastFrame))
<BR><BR>[Stack]<UL><LI>Max Depth = 68<LI>Call Chain = USART2_DebugPrintLastFrame &rArr; USART2_DebugWriteTemperature &rArr; USART2_DebugWriteU32 &rArr; __aeabi_uidivmod
</UL>
<BR>[Calls]<UL><LI><a href="#[39]">&gt;&gt;</a>&nbsp;&nbsp;&nbsp;USART2_DebugWriteU32
<LI><a href="#[38]">&gt;&gt;</a>&nbsp;&nbsp;&nbsp;USART2_DebugWriteU16
<LI><a href="#[3a]">&gt;&gt;</a>&nbsp;&nbsp;&nbsp;USART2_DebugWriteTemperature
<LI><a href="#[37]">&gt;&gt;</a>&nbsp;&nbsp;&nbsp;USART2_DebugWriteString
<LI><a href="#[3b]">&gt;&gt;</a>&nbsp;&nbsp;&nbsp;USART2_DebugWriteS16
<LI><a href="#[34]">&gt;&gt;</a>&nbsp;&nbsp;&nbsp;USART2_DebugEndTx
<LI><a href="#[2d]">&gt;&gt;</a>&nbsp;&nbsp;&nbsp;USART2_DebugBeginTx
</UL>
<BR>[Called By]<UL><LI><a href="#[40]">&gt;&gt;</a>&nbsp;&nbsp;&nbsp;USART_Interrupt_Sample
</UL>

<P><STRONG><a name="[3c]"></a>USART2_DebugWriteByte</STRONG> (Thumb, 28 bytes, Stack size 8 bytes, usart_interrupt.o(i.USART2_DebugWriteByte))
<BR><BR>[Stack]<UL><LI>Max Depth = 8<LI>Call Chain = USART2_DebugWriteByte
</UL>
<BR>[Calls]<UL><LI><a href="#[3d]">&gt;&gt;</a>&nbsp;&nbsp;&nbsp;USART_SendData
<LI><a href="#[35]">&gt;&gt;</a>&nbsp;&nbsp;&nbsp;USART_GetFlagStatus
</UL>
<BR>[Called By]<UL><LI><a href="#[39]">&gt;&gt;</a>&nbsp;&nbsp;&nbsp;USART2_DebugWriteU32
<LI><a href="#[3a]">&gt;&gt;</a>&nbsp;&nbsp;&nbsp;USART2_DebugWriteTemperature
<LI><a href="#[37]">&gt;&gt;</a>&nbsp;&nbsp;&nbsp;USART2_DebugWriteString
<LI><a href="#[3b]">&gt;&gt;</a>&nbsp;&nbsp;&nbsp;USART2_DebugWriteS16
</UL>

<P><STRONG><a name="[3b]"></a>USART2_DebugWriteS16</STRONG> (Thumb, 30 bytes, Stack size 8 bytes, usart_interrupt.o(i.USART2_DebugWriteS16))
<BR><BR>[Stack]<UL><LI>Max Depth = 44<LI>Call Chain = USART2_DebugWriteS16 &rArr; USART2_DebugWriteU32 &rArr; __aeabi_uidivmod
</UL>
<BR>[Calls]<UL><LI><a href="#[39]">&gt;&gt;</a>&nbsp;&nbsp;&nbsp;USART2_DebugWriteU32
<LI><a href="#[3c]">&gt;&gt;</a>&nbsp;&nbsp;&nbsp;USART2_DebugWriteByte
</UL>
<BR>[Called By]<UL><LI><a href="#[36]">&gt;&gt;</a>&nbsp;&nbsp;&nbsp;USART2_DebugPrintLastFrame
</UL>

<P><STRONG><a name="[37]"></a>USART2_DebugWriteString</STRONG> (Thumb, 22 bytes, Stack size 8 bytes, usart_interrupt.o(i.USART2_DebugWriteString))
<BR><BR>[Stack]<UL><LI>Max Depth = 16<LI>Call Chain = USART2_DebugWriteString &rArr; USART2_DebugWriteByte
</UL>
<BR>[Calls]<UL><LI><a href="#[3c]">&gt;&gt;</a>&nbsp;&nbsp;&nbsp;USART2_DebugWriteByte
</UL>
<BR>[Called By]<UL><LI><a href="#[3a]">&gt;&gt;</a>&nbsp;&nbsp;&nbsp;USART2_DebugWriteTemperature
<LI><a href="#[36]">&gt;&gt;</a>&nbsp;&nbsp;&nbsp;USART2_DebugPrintLastFrame
</UL>

<P><STRONG><a name="[3a]"></a>USART2_DebugWriteTemperature</STRONG> (Thumb, 96 bytes, Stack size 24 bytes, usart_interrupt.o(i.USART2_DebugWriteTemperature))
<BR><BR>[Stack]<UL><LI>Max Depth = 60<LI>Call Chain = USART2_DebugWriteTemperature &rArr; USART2_DebugWriteU32 &rArr; __aeabi_uidivmod
</UL>
<BR>[Calls]<UL><LI><a href="#[39]">&gt;&gt;</a>&nbsp;&nbsp;&nbsp;USART2_DebugWriteU32
<LI><a href="#[37]">&gt;&gt;</a>&nbsp;&nbsp;&nbsp;USART2_DebugWriteString
<LI><a href="#[3c]">&gt;&gt;</a>&nbsp;&nbsp;&nbsp;USART2_DebugWriteByte
<LI><a href="#[26]">&gt;&gt;</a>&nbsp;&nbsp;&nbsp;__aeabi_uidivmod
</UL>
<BR>[Called By]<UL><LI><a href="#[36]">&gt;&gt;</a>&nbsp;&nbsp;&nbsp;USART2_DebugPrintLastFrame
</UL>

<P><STRONG><a name="[38]"></a>USART2_DebugWriteU16</STRONG> (Thumb, 12 bytes, Stack size 8 bytes, usart_interrupt.o(i.USART2_DebugWriteU16))
<BR><BR>[Stack]<UL><LI>Max Depth = 44<LI>Call Chain = USART2_DebugWriteU16 &rArr; USART2_DebugWriteU32 &rArr; __aeabi_uidivmod
</UL>
<BR>[Calls]<UL><LI><a href="#[39]">&gt;&gt;</a>&nbsp;&nbsp;&nbsp;USART2_DebugWriteU32
</UL>
<BR>[Called By]<UL><LI><a href="#[36]">&gt;&gt;</a>&nbsp;&nbsp;&nbsp;USART2_DebugPrintLastFrame
</UL>

<P><STRONG><a name="[39]"></a>USART2_DebugWriteU32</STRONG> (Thumb, 80 bytes, Stack size 24 bytes, usart_interrupt.o(i.USART2_DebugWriteU32))
<BR><BR>[Stack]<UL><LI>Max Depth = 36<LI>Call Chain = USART2_DebugWriteU32 &rArr; __aeabi_uidivmod
</UL>
<BR>[Calls]<UL><LI><a href="#[3c]">&gt;&gt;</a>&nbsp;&nbsp;&nbsp;USART2_DebugWriteByte
<LI><a href="#[26]">&gt;&gt;</a>&nbsp;&nbsp;&nbsp;__aeabi_uidivmod
</UL>
<BR>[Called By]<UL><LI><a href="#[38]">&gt;&gt;</a>&nbsp;&nbsp;&nbsp;USART2_DebugWriteU16
<LI><a href="#[3a]">&gt;&gt;</a>&nbsp;&nbsp;&nbsp;USART2_DebugWriteTemperature
<LI><a href="#[3b]">&gt;&gt;</a>&nbsp;&nbsp;&nbsp;USART2_DebugWriteS16
<LI><a href="#[36]">&gt;&gt;</a>&nbsp;&nbsp;&nbsp;USART2_DebugPrintLastFrame
</UL>

<P><STRONG><a name="[43]"></a>YC02_ParseFrame</STRONG> (Thumb, 162 bytes, Stack size 16 bytes, usart_interrupt.o(i.YC02_ParseFrame))
<BR><BR>[Stack]<UL><LI>Max Depth = 24<LI>Call Chain = YC02_ParseFrame &rArr; yc02_checksum
</UL>
<BR>[Calls]<UL><LI><a href="#[48]">&gt;&gt;</a>&nbsp;&nbsp;&nbsp;yc02_checksum
<LI><a href="#[4b]">&gt;&gt;</a>&nbsp;&nbsp;&nbsp;read_le32s
<LI><a href="#[4a]">&gt;&gt;</a>&nbsp;&nbsp;&nbsp;read_le24
<LI><a href="#[49]">&gt;&gt;</a>&nbsp;&nbsp;&nbsp;read_le16
</UL>
<BR>[Called By]<UL><LI><a href="#[40]">&gt;&gt;</a>&nbsp;&nbsp;&nbsp;USART_Interrupt_Sample
</UL>

<P><STRONG><a name="[49]"></a>read_le16</STRONG> (Thumb, 12 bytes, Stack size 0 bytes, usart_interrupt.o(i.read_le16))
<BR><BR>[Called By]<UL><LI><a href="#[43]">&gt;&gt;</a>&nbsp;&nbsp;&nbsp;YC02_ParseFrame
</UL>

<P><STRONG><a name="[4a]"></a>read_le24</STRONG> (Thumb, 18 bytes, Stack size 0 bytes, usart_interrupt.o(i.read_le24))
<BR><BR>[Called By]<UL><LI><a href="#[43]">&gt;&gt;</a>&nbsp;&nbsp;&nbsp;YC02_ParseFrame
</UL>

<P><STRONG><a name="[4b]"></a>read_le32s</STRONG> (Thumb, 24 bytes, Stack size 0 bytes, usart_interrupt.o(i.read_le32s))
<BR><BR>[Called By]<UL><LI><a href="#[43]">&gt;&gt;</a>&nbsp;&nbsp;&nbsp;YC02_ParseFrame
</UL>

<P><STRONG><a name="[48]"></a>yc02_checksum</STRONG> (Thumb, 28 bytes, Stack size 8 bytes, usart_interrupt.o(i.yc02_checksum))
<BR><BR>[Stack]<UL><LI>Max Depth = 8<LI>Call Chain = yc02_checksum
</UL>
<BR>[Called By]<UL><LI><a href="#[43]">&gt;&gt;</a>&nbsp;&nbsp;&nbsp;YC02_ParseFrame
</UL>

<P><STRONG><a name="[20]"></a>PLATFORM_InitBoardGpio</STRONG> (Thumb, 116 bytes, Stack size 8 bytes, platform.o(i.PLATFORM_InitBoardGpio))
<BR><BR>[Stack]<UL><LI>Max Depth = 32<LI>Call Chain = PLATFORM_InitBoardGpio &rArr; GPIO_Init
</UL>
<BR>[Calls]<UL><LI><a href="#[21]">&gt;&gt;</a>&nbsp;&nbsp;&nbsp;RCC_AHBPeriphClockCmd
<LI><a href="#[24]">&gt;&gt;</a>&nbsp;&nbsp;&nbsp;GPIO_WriteBit
<LI><a href="#[22]">&gt;&gt;</a>&nbsp;&nbsp;&nbsp;GPIO_StructInit
<LI><a href="#[23]">&gt;&gt;</a>&nbsp;&nbsp;&nbsp;GPIO_Init
</UL>
<BR>[Called By]<UL><LI><a href="#[1e]">&gt;&gt;</a>&nbsp;&nbsp;&nbsp;PLATFORM_Init
</UL>

<P><STRONG><a name="[1f]"></a>PLATFORM_InitDelay</STRONG> (Thumb, 76 bytes, Stack size 24 bytes, platform.o(i.PLATFORM_InitDelay))
<BR><BR>[Stack]<UL><LI>Max Depth = 36<LI>Call Chain = PLATFORM_InitDelay &rArr; __aeabi_uidivmod
</UL>
<BR>[Calls]<UL><LI><a href="#[25]">&gt;&gt;</a>&nbsp;&nbsp;&nbsp;RCC_GetClocksFreq
<LI><a href="#[27]">&gt;&gt;</a>&nbsp;&nbsp;&nbsp;__NVIC_SetPriority
<LI><a href="#[26]">&gt;&gt;</a>&nbsp;&nbsp;&nbsp;__aeabi_uidivmod
</UL>
<BR>[Called By]<UL><LI><a href="#[1e]">&gt;&gt;</a>&nbsp;&nbsp;&nbsp;PLATFORM_Init
</UL>

<P><STRONG><a name="[27]"></a>__NVIC_SetPriority</STRONG> (Thumb, 110 bytes, Stack size 8 bytes, platform.o(i.__NVIC_SetPriority))
<BR><BR>[Stack]<UL><LI>Max Depth = 8<LI>Call Chain = __NVIC_SetPriority
</UL>
<BR>[Called By]<UL><LI><a href="#[1f]">&gt;&gt;</a>&nbsp;&nbsp;&nbsp;PLATFORM_InitDelay
</UL>

<P><STRONG><a name="[29]"></a>SetSysClockToDefine</STRONG> (Thumb, 174 bytes, Stack size 16 bytes, system_mg32f003.o(i.SetSysClockToDefine))
<BR><BR>[Stack]<UL><LI>Max Depth = 28<LI>Call Chain = SetSysClockToDefine &rArr; __aeabi_uidivmod
</UL>
<BR>[Calls]<UL><LI><a href="#[26]">&gt;&gt;</a>&nbsp;&nbsp;&nbsp;__aeabi_uidivmod
</UL>
<BR>[Called By]<UL><LI><a href="#[17]">&gt;&gt;</a>&nbsp;&nbsp;&nbsp;SystemInit
</UL>
<P>
<H3>
Undefined Global Symbols
</H3>
<P><STRONG><a name="[1c]"></a>__arm_fini_</STRONG> (Unknown, 0 bytes, Stack size 0 bytes, UNDEFINED)
<BR><BR>[Called By]<UL><LI><a href="#[1b]">&gt;&gt;</a>&nbsp;&nbsp;&nbsp;__rt_lib_shutdown_fini
</UL>
<HR></body></html>
