<!doctype html public "-//w3c//dtd html 4.0 transitional//en">
<html><head>
<title>Static Call Graph - [.\Objects\USART_Interrupt.axf]</title></head>
<body><HR>
<H1>Static Call Graph for image .\Objects\USART_Interrupt.axf</H1><HR>
<BR><P>#&#060CALLGRAPH&#062# ARM Linker, 5060960: Last Updated: Thu Jun 25 09:56:13 2026
<BR><P>
<H3>Maximum Stack Usage =        144 bytes + Unknown(Cycles, Untraceable Function Pointers)</H3><H3>
Call chain for Maximum Stack Depth:</H3>
main &rArr; Sensor_HandleFrame &rArr; Sensor_ProcessDistance &rArr; Sensor_DebugTimingEvent &rArr; USART2_DebugWriteU16 &rArr; USART2_DebugWriteU32 &rArr; USART2_DebugWriteByte
<P>
<H3>
Mutually Recursive functions
</H3> <LI><a href="#[d]">ADC_IRQHandler</a>&nbsp;&nbsp;&nbsp;&rArr;&nbsp;&nbsp;&nbsp;<a href="#[d]">ADC_IRQHandler</a><BR>
</UL>
<P>
<H3>
Function Pointers
</H3><UL>
 <LI><a href="#[d]">ADC_IRQHandler</a> from startup_mg32f003_keil.o(.text) referenced from startup_mg32f003_keil.o(RESET)
 <LI><a href="#[a]">EXTI0_1_IRQHandler</a> from startup_mg32f003_keil.o(.text) referenced from startup_mg32f003_keil.o(RESET)
 <LI><a href="#[b]">EXTI2_3_IRQHandler</a> from startup_mg32f003_keil.o(.text) referenced from startup_mg32f003_keil.o(RESET)
 <LI><a href="#[c]">EXTI4_15_IRQHandler</a> from startup_mg32f003_keil.o(.text) referenced from startup_mg32f003_keil.o(RESET)
 <LI><a href="#[8]">FLASH_IRQHandler</a> from startup_mg32f003_keil.o(.text) referenced from startup_mg32f003_keil.o(RESET)
 <LI><a href="#[2]">HardFault_Handler</a> from mg32f003_it.o(i.HardFault_Handler) referenced from startup_mg32f003_keil.o(RESET)
 <LI><a href="#[12]">I2C1_IRQHandler</a> from startup_mg32f003_keil.o(.text) referenced from startup_mg32f003_keil.o(RESET)
 <LI><a href="#[6]">IWDG_IRQHandler</a> from startup_mg32f003_keil.o(.text) referenced from startup_mg32f003_keil.o(RESET)
 <LI><a href="#[1]">NMI_Handler</a> from mg32f003_it.o(i.NMI_Handler) referenced from startup_mg32f003_keil.o(RESET)
 <LI><a href="#[7]">PVD_IRQHandler</a> from startup_mg32f003_keil.o(.text) referenced from startup_mg32f003_keil.o(RESET)
 <LI><a href="#[4]">PendSV_Handler</a> from mg32f003_it.o(i.PendSV_Handler) referenced from startup_mg32f003_keil.o(RESET)
 <LI><a href="#[9]">RCC_IRQHandler</a> from startup_mg32f003_keil.o(.text) referenced from startup_mg32f003_keil.o(RESET)
 <LI><a href="#[0]">Reset_Handler</a> from startup_mg32f003_keil.o(.text) referenced from startup_mg32f003_keil.o(RESET)
 <LI><a href="#[13]">SPI1_IRQHandler</a> from startup_mg32f003_keil.o(.text) referenced from startup_mg32f003_keil.o(RESET)
 <LI><a href="#[3]">SVC_Handler</a> from mg32f003_it.o(i.SVC_Handler) referenced from startup_mg32f003_keil.o(RESET)
 <LI><a href="#[5]">SysTick_Handler</a> from mg32f003_it.o(i.SysTick_Handler) referenced from startup_mg32f003_keil.o(RESET)
 <LI><a href="#[17]">SystemInit</a> from system_mg32f003.o(i.SystemInit) referenced from startup_mg32f003_keil.o(.text)
 <LI><a href="#[11]">TIM14_IRQHandler</a> from startup_mg32f003_keil.o(.text) referenced from startup_mg32f003_keil.o(RESET)
 <LI><a href="#[e]">TIM1_BRK_UP_TRG_COM_IRQHandler</a> from startup_mg32f003_keil.o(.text) referenced from startup_mg32f003_keil.o(RESET)
 <LI><a href="#[f]">TIM1_CC_IRQHandler</a> from startup_mg32f003_keil.o(.text) referenced from startup_mg32f003_keil.o(RESET)
 <LI><a href="#[10]">TIM3_IRQHandler</a> from startup_mg32f003_keil.o(.text) referenced from startup_mg32f003_keil.o(RESET)
 <LI><a href="#[14]">USART1_IRQHandler</a> from mg32f003_it.o(i.USART1_IRQHandler) referenced from startup_mg32f003_keil.o(RESET)
 <LI><a href="#[15]">USART2_IRQHandler</a> from mg32f003_it.o(i.USART2_IRQHandler) referenced from startup_mg32f003_keil.o(RESET)
 <LI><a href="#[18]">__main</a> from entry.o(.ARM.Collect$$$$00000000) referenced from startup_mg32f003_keil.o(.text)
 <LI><a href="#[16]">main</a> from main.o(i.main) referenced from entry9a.o(.ARM.Collect$$$$0000000B)
</UL>
<P>
<H3>
Global Symbols
</H3>
<P><STRONG><a name="[18]"></a>__main</STRONG> (Thumb, 0 bytes, Stack size unknown bytes, entry.o(.ARM.Collect$$$$00000000))
<BR>[Address Reference Count : 1]<UL><LI> startup_mg32f003_keil.o(.text)
</UL>
<P><STRONG><a name="[64]"></a>_main_stk</STRONG> (Thumb, 0 bytes, Stack size unknown bytes, entry2.o(.ARM.Collect$$$$00000001))

<P><STRONG><a name="[19]"></a>_main_scatterload</STRONG> (Thumb, 0 bytes, Stack size unknown bytes, entry5.o(.ARM.Collect$$$$00000004))
<BR><BR>[Calls]<UL><LI><a href="#[1a]">&gt;&gt;</a>&nbsp;&nbsp;&nbsp;__scatterload
</UL>

<P><STRONG><a name="[1d]"></a>__main_after_scatterload</STRONG> (Thumb, 0 bytes, Stack size unknown bytes, entry5.o(.ARM.Collect$$$$00000004))
<BR><BR>[Called By]<UL><LI><a href="#[1a]">&gt;&gt;</a>&nbsp;&nbsp;&nbsp;__scatterload
</UL>

<P><STRONG><a name="[65]"></a>_main_clock</STRONG> (Thumb, 0 bytes, Stack size unknown bytes, entry7b.o(.ARM.Collect$$$$00000008))

<P><STRONG><a name="[66]"></a>_main_cpp_init</STRONG> (Thumb, 0 bytes, Stack size unknown bytes, entry8b.o(.ARM.Collect$$$$0000000A))

<P><STRONG><a name="[67]"></a>_main_init</STRONG> (Thumb, 0 bytes, Stack size unknown bytes, entry9a.o(.ARM.Collect$$$$0000000B))

<P><STRONG><a name="[1b]"></a>__rt_lib_shutdown_fini</STRONG> (Thumb, 0 bytes, Stack size unknown bytes, entry12b.o(.ARM.Collect$$$$0000000E))
<BR><BR>[Calls]<UL><LI><a href="#[1c]">&gt;&gt;</a>&nbsp;&nbsp;&nbsp;__arm_fini_ (Weak Reference)
</UL>

<P><STRONG><a name="[68]"></a>__rt_final_cpp</STRONG> (Thumb, 0 bytes, Stack size unknown bytes, entry10a.o(.ARM.Collect$$$$0000000F))

<P><STRONG><a name="[69]"></a>__rt_final_exit</STRONG> (Thumb, 0 bytes, Stack size unknown bytes, entry11a.o(.ARM.Collect$$$$00000011))

<P><STRONG><a name="[0]"></a>Reset_Handler</STRONG> (Thumb, 8 bytes, Stack size 0 bytes, startup_mg32f003_keil.o(.text))
<BR>[Address Reference Count : 1]<UL><LI> startup_mg32f003_keil.o(RESET)
</UL>
<P><STRONG><a name="[d]"></a>ADC_IRQHandler</STRONG> (Thumb, 0 bytes, Stack size 0 bytes, startup_mg32f003_keil.o(.text))
<BR><BR>[Calls]<UL><LI><a href="#[d]">&gt;&gt;</a>&nbsp;&nbsp;&nbsp;ADC_IRQHandler
</UL>
<BR>[Called By]<UL><LI><a href="#[d]">&gt;&gt;</a>&nbsp;&nbsp;&nbsp;ADC_IRQHandler
</UL>
<BR>[Address Reference Count : 1]<UL><LI> startup_mg32f003_keil.o(RESET)
</UL>
<P><STRONG><a name="[a]"></a>EXTI0_1_IRQHandler</STRONG> (Thumb, 0 bytes, Stack size 0 bytes, startup_mg32f003_keil.o(.text))
<BR>[Address Reference Count : 1]<UL><LI> startup_mg32f003_keil.o(RESET)
</UL>
<P><STRONG><a name="[b]"></a>EXTI2_3_IRQHandler</STRONG> (Thumb, 0 bytes, Stack size 0 bytes, startup_mg32f003_keil.o(.text))
<BR>[Address Reference Count : 1]<UL><LI> startup_mg32f003_keil.o(RESET)
</UL>
<P><STRONG><a name="[c]"></a>EXTI4_15_IRQHandler</STRONG> (Thumb, 0 bytes, Stack size 0 bytes, startup_mg32f003_keil.o(.text))
<BR>[Address Reference Count : 1]<UL><LI> startup_mg32f003_keil.o(RESET)
</UL>
<P><STRONG><a name="[8]"></a>FLASH_IRQHandler</STRONG> (Thumb, 0 bytes, Stack size 0 bytes, startup_mg32f003_keil.o(.text))
<BR>[Address Reference Count : 1]<UL><LI> startup_mg32f003_keil.o(RESET)
</UL>
<P><STRONG><a name="[12]"></a>I2C1_IRQHandler</STRONG> (Thumb, 0 bytes, Stack size 0 bytes, startup_mg32f003_keil.o(.text))
<BR>[Address Reference Count : 1]<UL><LI> startup_mg32f003_keil.o(RESET)
</UL>
<P><STRONG><a name="[6]"></a>IWDG_IRQHandler</STRONG> (Thumb, 0 bytes, Stack size 0 bytes, startup_mg32f003_keil.o(.text))
<BR>[Address Reference Count : 1]<UL><LI> startup_mg32f003_keil.o(RESET)
</UL>
<P><STRONG><a name="[7]"></a>PVD_IRQHandler</STRONG> (Thumb, 0 bytes, Stack size 0 bytes, startup_mg32f003_keil.o(.text))
<BR>[Address Reference Count : 1]<UL><LI> startup_mg32f003_keil.o(RESET)
</UL>
<P><STRONG><a name="[9]"></a>RCC_IRQHandler</STRONG> (Thumb, 0 bytes, Stack size 0 bytes, startup_mg32f003_keil.o(.text))
<BR>[Address Reference Count : 1]<UL><LI> startup_mg32f003_keil.o(RESET)
</UL>
<P><STRONG><a name="[13]"></a>SPI1_IRQHandler</STRONG> (Thumb, 0 bytes, Stack size 0 bytes, startup_mg32f003_keil.o(.text))
<BR>[Address Reference Count : 1]<UL><LI> startup_mg32f003_keil.o(RESET)
</UL>
<P><STRONG><a name="[11]"></a>TIM14_IRQHandler</STRONG> (Thumb, 0 bytes, Stack size 0 bytes, startup_mg32f003_keil.o(.text))
<BR>[Address Reference Count : 1]<UL><LI> startup_mg32f003_keil.o(RESET)
</UL>
<P><STRONG><a name="[e]"></a>TIM1_BRK_UP_TRG_COM_IRQHandler</STRONG> (Thumb, 0 bytes, Stack size 0 bytes, startup_mg32f003_keil.o(.text))
<BR>[Address Reference Count : 1]<UL><LI> startup_mg32f003_keil.o(RESET)
</UL>
<P><STRONG><a name="[f]"></a>TIM1_CC_IRQHandler</STRONG> (Thumb, 0 bytes, Stack size 0 bytes, startup_mg32f003_keil.o(.text))
<BR>[Address Reference Count : 1]<UL><LI> startup_mg32f003_keil.o(RESET)
</UL>
<P><STRONG><a name="[10]"></a>TIM3_IRQHandler</STRONG> (Thumb, 0 bytes, Stack size 0 bytes, startup_mg32f003_keil.o(.text))
<BR>[Address Reference Count : 1]<UL><LI> startup_mg32f003_keil.o(RESET)
</UL>
<P><STRONG><a name="[6a]"></a>__aeabi_uidiv</STRONG> (Thumb, 0 bytes, Stack size 12 bytes, uidiv.o(.text), UNUSED)

<P><STRONG><a name="[2a]"></a>__aeabi_uidivmod</STRONG> (Thumb, 44 bytes, Stack size 12 bytes, uidiv.o(.text))
<BR><BR>[Stack]<UL><LI>Max Depth = 12<LI>Call Chain = __aeabi_uidivmod
</UL>
<BR>[Called By]<UL><LI><a href="#[23]">&gt;&gt;</a>&nbsp;&nbsp;&nbsp;PLATFORM_InitDelay
<LI><a href="#[57]">&gt;&gt;</a>&nbsp;&nbsp;&nbsp;USART_Init
<LI><a href="#[40]">&gt;&gt;</a>&nbsp;&nbsp;&nbsp;USART2_DebugWriteU32
<LI><a href="#[47]">&gt;&gt;</a>&nbsp;&nbsp;&nbsp;Sensor_LEDService
<LI><a href="#[4a]">&gt;&gt;</a>&nbsp;&nbsp;&nbsp;SetSysClockToDefine
</UL>

<P><STRONG><a name="[1a]"></a>__scatterload</STRONG> (Thumb, 28 bytes, Stack size 0 bytes, init.o(.text))
<BR><BR>[Calls]<UL><LI><a href="#[1d]">&gt;&gt;</a>&nbsp;&nbsp;&nbsp;__main_after_scatterload
</UL>
<BR>[Called By]<UL><LI><a href="#[19]">&gt;&gt;</a>&nbsp;&nbsp;&nbsp;_main_scatterload
</UL>

<P><STRONG><a name="[6b]"></a>__scatterload_rt2</STRONG> (Thumb, 0 bytes, Stack size 0 bytes, init.o(.text), UNUSED)

<P><STRONG><a name="[27]"></a>GPIO_Init</STRONG> (Thumb, 154 bytes, Stack size 24 bytes, mg32_gpio.o(i.GPIO_Init))
<BR><BR>[Stack]<UL><LI>Max Depth = 24<LI>Call Chain = GPIO_Init
</UL>
<BR>[Called By]<UL><LI><a href="#[24]">&gt;&gt;</a>&nbsp;&nbsp;&nbsp;PLATFORM_InitBoardGpio
<LI><a href="#[4c]">&gt;&gt;</a>&nbsp;&nbsp;&nbsp;USART_Configure
<LI><a href="#[4d]">&gt;&gt;</a>&nbsp;&nbsp;&nbsp;USART2_DebugConfigure
</UL>

<P><STRONG><a name="[54]"></a>GPIO_PinAFConfig</STRONG> (Thumb, 40 bytes, Stack size 16 bytes, mg32_gpio.o(i.GPIO_PinAFConfig))
<BR><BR>[Stack]<UL><LI>Max Depth = 16<LI>Call Chain = GPIO_PinAFConfig
</UL>
<BR>[Called By]<UL><LI><a href="#[4c]">&gt;&gt;</a>&nbsp;&nbsp;&nbsp;USART_Configure
<LI><a href="#[4d]">&gt;&gt;</a>&nbsp;&nbsp;&nbsp;USART2_DebugConfigure
</UL>

<P><STRONG><a name="[2c]"></a>GPIO_ReadInputDataBit</STRONG> (Thumb, 18 bytes, Stack size 0 bytes, mg32_gpio.o(i.GPIO_ReadInputDataBit))
<BR><BR>[Called By]<UL><LI><a href="#[1f]">&gt;&gt;</a>&nbsp;&nbsp;&nbsp;PLATFORM_KeyIsPressed
</UL>

<P><STRONG><a name="[26]"></a>GPIO_StructInit</STRONG> (Thumb, 16 bytes, Stack size 0 bytes, mg32_gpio.o(i.GPIO_StructInit))
<BR><BR>[Called By]<UL><LI><a href="#[24]">&gt;&gt;</a>&nbsp;&nbsp;&nbsp;PLATFORM_InitBoardGpio
<LI><a href="#[4c]">&gt;&gt;</a>&nbsp;&nbsp;&nbsp;USART_Configure
<LI><a href="#[4d]">&gt;&gt;</a>&nbsp;&nbsp;&nbsp;USART2_DebugConfigure
</UL>

<P><STRONG><a name="[28]"></a>GPIO_WriteBit</STRONG> (Thumb, 12 bytes, Stack size 0 bytes, mg32_gpio.o(i.GPIO_WriteBit))
<BR><BR>[Called By]<UL><LI><a href="#[24]">&gt;&gt;</a>&nbsp;&nbsp;&nbsp;PLATFORM_InitBoardGpio
<LI><a href="#[5c]">&gt;&gt;</a>&nbsp;&nbsp;&nbsp;USART2_DebugWriteByte
<LI><a href="#[5a]">&gt;&gt;</a>&nbsp;&nbsp;&nbsp;USART2_DebugTxIRQHandler
<LI><a href="#[4d]">&gt;&gt;</a>&nbsp;&nbsp;&nbsp;USART2_DebugConfigure
<LI><a href="#[2e]">&gt;&gt;</a>&nbsp;&nbsp;&nbsp;PLATFORM_OutputTransistor
<LI><a href="#[2d]">&gt;&gt;</a>&nbsp;&nbsp;&nbsp;PLATFORM_LED_Enable
</UL>

<P><STRONG><a name="[2]"></a>HardFault_Handler</STRONG> (Thumb, 4 bytes, Stack size 0 bytes, mg32f003_it.o(i.HardFault_Handler))
<BR>[Address Reference Count : 1]<UL><LI> startup_mg32f003_keil.o(RESET)
</UL>
<P><STRONG><a name="[1]"></a>NMI_Handler</STRONG> (Thumb, 2 bytes, Stack size 0 bytes, mg32f003_it.o(i.NMI_Handler))
<BR>[Address Reference Count : 1]<UL><LI> startup_mg32f003_keil.o(RESET)
</UL>
<P><STRONG><a name="[58]"></a>NVIC_Init</STRONG> (Thumb, 100 bytes, Stack size 0 bytes, mg32_misc.o(i.NVIC_Init))
<BR><BR>[Called By]<UL><LI><a href="#[4c]">&gt;&gt;</a>&nbsp;&nbsp;&nbsp;USART_Configure
<LI><a href="#[4d]">&gt;&gt;</a>&nbsp;&nbsp;&nbsp;USART2_DebugConfigure
</UL>

<P><STRONG><a name="[34]"></a>PLATFORM_GetTickMs</STRONG> (Thumb, 6 bytes, Stack size 0 bytes, platform.o(i.PLATFORM_GetTickMs))
<BR><BR>[Called By]<UL><LI><a href="#[50]">&gt;&gt;</a>&nbsp;&nbsp;&nbsp;YC02_ParseFrame
<LI><a href="#[4b]">&gt;&gt;</a>&nbsp;&nbsp;&nbsp;TOF_CommInit
<LI><a href="#[16]">&gt;&gt;</a>&nbsp;&nbsp;&nbsp;main
<LI><a href="#[33]">&gt;&gt;</a>&nbsp;&nbsp;&nbsp;Sensor_AppInit
</UL>

<P><STRONG><a name="[22]"></a>PLATFORM_Init</STRONG> (Thumb, 12 bytes, Stack size 8 bytes, platform.o(i.PLATFORM_Init))
<BR><BR>[Stack]<UL><LI>Max Depth = 44<LI>Call Chain = PLATFORM_Init &rArr; PLATFORM_InitDelay &rArr; __aeabi_uidivmod
</UL>
<BR>[Calls]<UL><LI><a href="#[23]">&gt;&gt;</a>&nbsp;&nbsp;&nbsp;PLATFORM_InitDelay
<LI><a href="#[24]">&gt;&gt;</a>&nbsp;&nbsp;&nbsp;PLATFORM_InitBoardGpio
</UL>
<BR>[Called By]<UL><LI><a href="#[16]">&gt;&gt;</a>&nbsp;&nbsp;&nbsp;main
</UL>

<P><STRONG><a name="[1f]"></a>PLATFORM_KeyIsPressed</STRONG> (Thumb, 40 bytes, Stack size 16 bytes, platform.o(i.PLATFORM_KeyIsPressed))
<BR><BR>[Stack]<UL><LI>Max Depth = 16<LI>Call Chain = PLATFORM_KeyIsPressed
</UL>
<BR>[Calls]<UL><LI><a href="#[2c]">&gt;&gt;</a>&nbsp;&nbsp;&nbsp;GPIO_ReadInputDataBit
</UL>
<BR>[Called By]<UL><LI><a href="#[21]">&gt;&gt;</a>&nbsp;&nbsp;&nbsp;KeyDebounce_Init
<LI><a href="#[1e]">&gt;&gt;</a>&nbsp;&nbsp;&nbsp;KeyDebounce_GetPressEvent
</UL>

<P><STRONG><a name="[2d]"></a>PLATFORM_LED_Enable</STRONG> (Thumb, 74 bytes, Stack size 16 bytes, platform.o(i.PLATFORM_LED_Enable))
<BR><BR>[Stack]<UL><LI>Max Depth = 16<LI>Call Chain = PLATFORM_LED_Enable
</UL>
<BR>[Calls]<UL><LI><a href="#[28]">&gt;&gt;</a>&nbsp;&nbsp;&nbsp;GPIO_WriteBit
</UL>
<BR>[Called By]<UL><LI><a href="#[47]">&gt;&gt;</a>&nbsp;&nbsp;&nbsp;Sensor_LEDService
</UL>

<P><STRONG><a name="[2e]"></a>PLATFORM_OutputTransistor</STRONG> (Thumb, 28 bytes, Stack size 8 bytes, platform.o(i.PLATFORM_OutputTransistor))
<BR><BR>[Stack]<UL><LI>Max Depth = 8<LI>Call Chain = PLATFORM_OutputTransistor
</UL>
<BR>[Calls]<UL><LI><a href="#[28]">&gt;&gt;</a>&nbsp;&nbsp;&nbsp;GPIO_WriteBit
</UL>
<BR>[Called By]<UL><LI><a href="#[35]">&gt;&gt;</a>&nbsp;&nbsp;&nbsp;Sensor_ApplyOutput
</UL>

<P><STRONG><a name="[4]"></a>PendSV_Handler</STRONG> (Thumb, 2 bytes, Stack size 0 bytes, mg32f003_it.o(i.PendSV_Handler))
<BR>[Address Reference Count : 1]<UL><LI> startup_mg32f003_keil.o(RESET)
</UL>
<P><STRONG><a name="[25]"></a>RCC_AHBPeriphClockCmd</STRONG> (Thumb, 28 bytes, Stack size 0 bytes, mg32_rcc.o(i.RCC_AHBPeriphClockCmd))
<BR><BR>[Called By]<UL><LI><a href="#[24]">&gt;&gt;</a>&nbsp;&nbsp;&nbsp;PLATFORM_InitBoardGpio
<LI><a href="#[4c]">&gt;&gt;</a>&nbsp;&nbsp;&nbsp;USART_Configure
<LI><a href="#[4d]">&gt;&gt;</a>&nbsp;&nbsp;&nbsp;USART2_DebugConfigure
</UL>

<P><STRONG><a name="[55]"></a>RCC_APB1PeriphClockCmd</STRONG> (Thumb, 28 bytes, Stack size 0 bytes, mg32_rcc.o(i.RCC_APB1PeriphClockCmd))
<BR><BR>[Called By]<UL><LI><a href="#[4c]">&gt;&gt;</a>&nbsp;&nbsp;&nbsp;USART_Configure
<LI><a href="#[4d]">&gt;&gt;</a>&nbsp;&nbsp;&nbsp;USART2_DebugConfigure
</UL>

<P><STRONG><a name="[29]"></a>RCC_GetClocksFreq</STRONG> (Thumb, 110 bytes, Stack size 8 bytes, mg32_rcc.o(i.RCC_GetClocksFreq))
<BR><BR>[Stack]<UL><LI>Max Depth = 8<LI>Call Chain = RCC_GetClocksFreq
</UL>
<BR>[Called By]<UL><LI><a href="#[23]">&gt;&gt;</a>&nbsp;&nbsp;&nbsp;PLATFORM_InitDelay
<LI><a href="#[57]">&gt;&gt;</a>&nbsp;&nbsp;&nbsp;USART_Init
</UL>

<P><STRONG><a name="[3]"></a>SVC_Handler</STRONG> (Thumb, 2 bytes, Stack size 0 bytes, mg32f003_it.o(i.SVC_Handler))
<BR>[Address Reference Count : 1]<UL><LI> startup_mg32f003_keil.o(RESET)
</UL>
<P><STRONG><a name="[5]"></a>SysTick_Handler</STRONG> (Thumb, 30 bytes, Stack size 0 bytes, mg32f003_it.o(i.SysTick_Handler))
<BR>[Address Reference Count : 1]<UL><LI> startup_mg32f003_keil.o(RESET)
</UL>
<P><STRONG><a name="[17]"></a>SystemInit</STRONG> (Thumb, 56 bytes, Stack size 8 bytes, system_mg32f003.o(i.SystemInit))
<BR><BR>[Stack]<UL><LI>Max Depth = 36<LI>Call Chain = SystemInit &rArr; SetSysClockToDefine &rArr; __aeabi_uidivmod
</UL>
<BR>[Calls]<UL><LI><a href="#[4a]">&gt;&gt;</a>&nbsp;&nbsp;&nbsp;SetSysClockToDefine
</UL>
<BR>[Address Reference Count : 1]<UL><LI> startup_mg32f003_keil.o(.text)
</UL>
<P><STRONG><a name="[4b]"></a>TOF_CommInit</STRONG> (Thumb, 52 bytes, Stack size 8 bytes, usart_interrupt.o(i.TOF_CommInit))
<BR><BR>[Stack]<UL><LI>Max Depth = 92<LI>Call Chain = TOF_CommInit &rArr; USART_Configure &rArr; USART_Init &rArr; __aeabi_uidivmod
</UL>
<BR>[Calls]<UL><LI><a href="#[4e]">&gt;&gt;</a>&nbsp;&nbsp;&nbsp;USART_RxIdle_Start
<LI><a href="#[4c]">&gt;&gt;</a>&nbsp;&nbsp;&nbsp;USART_Configure
<LI><a href="#[4d]">&gt;&gt;</a>&nbsp;&nbsp;&nbsp;USART2_DebugConfigure
<LI><a href="#[34]">&gt;&gt;</a>&nbsp;&nbsp;&nbsp;PLATFORM_GetTickMs
</UL>
<BR>[Called By]<UL><LI><a href="#[16]">&gt;&gt;</a>&nbsp;&nbsp;&nbsp;main
</UL>

<P><STRONG><a name="[63]"></a>TOF_PopValidFrame</STRONG> (Thumb, 94 bytes, Stack size 0 bytes, usart_interrupt.o(i.TOF_PopValidFrame))
<BR><BR>[Called By]<UL><LI><a href="#[16]">&gt;&gt;</a>&nbsp;&nbsp;&nbsp;main
</UL>

<P><STRONG><a name="[4f]"></a>TOF_Service</STRONG> (Thumb, 200 bytes, Stack size 40 bytes, usart_interrupt.o(i.TOF_Service))
<BR><BR>[Stack]<UL><LI>Max Depth = 64<LI>Call Chain = TOF_Service &rArr; YC02_ParseFrame &rArr; yc02_checksum
</UL>
<BR>[Calls]<UL><LI><a href="#[4e]">&gt;&gt;</a>&nbsp;&nbsp;&nbsp;USART_RxIdle_Start
<LI><a href="#[50]">&gt;&gt;</a>&nbsp;&nbsp;&nbsp;YC02_ParseFrame
</UL>
<BR>[Called By]<UL><LI><a href="#[16]">&gt;&gt;</a>&nbsp;&nbsp;&nbsp;main
</UL>

<P><STRONG><a name="[14]"></a>USART1_IRQHandler</STRONG> (Thumb, 182 bytes, Stack size 8 bytes, mg32f003_it.o(i.USART1_IRQHandler))
<BR><BR>[Stack]<UL><LI>Max Depth = 16<LI>Call Chain = USART1_IRQHandler &rArr; USART_GetITStatus
</UL>
<BR>[Calls]<UL><LI><a href="#[52]">&gt;&gt;</a>&nbsp;&nbsp;&nbsp;USART_ReceiveData
<LI><a href="#[53]">&gt;&gt;</a>&nbsp;&nbsp;&nbsp;USART_ITConfig
<LI><a href="#[51]">&gt;&gt;</a>&nbsp;&nbsp;&nbsp;USART_GetITStatus
</UL>
<BR>[Address Reference Count : 1]<UL><LI> startup_mg32f003_keil.o(RESET)
</UL>
<P><STRONG><a name="[5a]"></a>USART2_DebugTxIRQHandler</STRONG> (Thumb, 134 bytes, Stack size 8 bytes, usart_interrupt.o(i.USART2_DebugTxIRQHandler))
<BR><BR>[Stack]<UL><LI>Max Depth = 16<LI>Call Chain = USART2_DebugTxIRQHandler &rArr; USART_GetITStatus
</UL>
<BR>[Calls]<UL><LI><a href="#[5b]">&gt;&gt;</a>&nbsp;&nbsp;&nbsp;USART_SendData
<LI><a href="#[53]">&gt;&gt;</a>&nbsp;&nbsp;&nbsp;USART_ITConfig
<LI><a href="#[51]">&gt;&gt;</a>&nbsp;&nbsp;&nbsp;USART_GetITStatus
<LI><a href="#[28]">&gt;&gt;</a>&nbsp;&nbsp;&nbsp;GPIO_WriteBit
</UL>
<BR>[Called By]<UL><LI><a href="#[15]">&gt;&gt;</a>&nbsp;&nbsp;&nbsp;USART2_IRQHandler
</UL>

<P><STRONG><a name="[5c]"></a>USART2_DebugWriteByte</STRONG> (Thumb, 82 bytes, Stack size 16 bytes, usart_interrupt.o(i.USART2_DebugWriteByte))
<BR><BR>[Stack]<UL><LI>Max Depth = 16<LI>Call Chain = USART2_DebugWriteByte
</UL>
<BR>[Calls]<UL><LI><a href="#[53]">&gt;&gt;</a>&nbsp;&nbsp;&nbsp;USART_ITConfig
<LI><a href="#[28]">&gt;&gt;</a>&nbsp;&nbsp;&nbsp;GPIO_WriteBit
</UL>
<BR>[Called By]<UL><LI><a href="#[40]">&gt;&gt;</a>&nbsp;&nbsp;&nbsp;USART2_DebugWriteU32
<LI><a href="#[39]">&gt;&gt;</a>&nbsp;&nbsp;&nbsp;USART2_DebugWriteString
<LI><a href="#[3c]">&gt;&gt;</a>&nbsp;&nbsp;&nbsp;USART2_DebugWriteS16
</UL>

<P><STRONG><a name="[3c]"></a>USART2_DebugWriteS16</STRONG> (Thumb, 30 bytes, Stack size 8 bytes, usart_interrupt.o(i.USART2_DebugWriteS16))
<BR><BR>[Stack]<UL><LI>Max Depth = 48<LI>Call Chain = USART2_DebugWriteS16 &rArr; USART2_DebugWriteU32 &rArr; USART2_DebugWriteByte
</UL>
<BR>[Calls]<UL><LI><a href="#[5c]">&gt;&gt;</a>&nbsp;&nbsp;&nbsp;USART2_DebugWriteByte
<LI><a href="#[40]">&gt;&gt;</a>&nbsp;&nbsp;&nbsp;USART2_DebugWriteU32
</UL>
<BR>[Called By]<UL><LI><a href="#[3f]">&gt;&gt;</a>&nbsp;&nbsp;&nbsp;Sensor_DebugTimingEvent
<LI><a href="#[31]">&gt;&gt;</a>&nbsp;&nbsp;&nbsp;Sensor_DebugCalibration
</UL>

<P><STRONG><a name="[39]"></a>USART2_DebugWriteString</STRONG> (Thumb, 30 bytes, Stack size 8 bytes, usart_interrupt.o(i.USART2_DebugWriteString))
<BR><BR>[Stack]<UL><LI>Max Depth = 24<LI>Call Chain = USART2_DebugWriteString &rArr; USART2_DebugWriteByte
</UL>
<BR>[Calls]<UL><LI><a href="#[5c]">&gt;&gt;</a>&nbsp;&nbsp;&nbsp;USART2_DebugWriteByte
</UL>
<BR>[Called By]<UL><LI><a href="#[16]">&gt;&gt;</a>&nbsp;&nbsp;&nbsp;main
<LI><a href="#[46]">&gt;&gt;</a>&nbsp;&nbsp;&nbsp;Sensor_StartCalibration
<LI><a href="#[42]">&gt;&gt;</a>&nbsp;&nbsp;&nbsp;Sensor_HandleFrame
<LI><a href="#[41]">&gt;&gt;</a>&nbsp;&nbsp;&nbsp;Sensor_EnterFault
<LI><a href="#[3f]">&gt;&gt;</a>&nbsp;&nbsp;&nbsp;Sensor_DebugTimingEvent
<LI><a href="#[38]">&gt;&gt;</a>&nbsp;&nbsp;&nbsp;Sensor_DebugPrefix
<LI><a href="#[3e]">&gt;&gt;</a>&nbsp;&nbsp;&nbsp;Sensor_DebugMode
<LI><a href="#[31]">&gt;&gt;</a>&nbsp;&nbsp;&nbsp;Sensor_DebugCalibration
<LI><a href="#[36]">&gt;&gt;</a>&nbsp;&nbsp;&nbsp;Sensor_CalibrationFail
</UL>

<P><STRONG><a name="[3d]"></a>USART2_DebugWriteU16</STRONG> (Thumb, 12 bytes, Stack size 8 bytes, usart_interrupt.o(i.USART2_DebugWriteU16))
<BR><BR>[Stack]<UL><LI>Max Depth = 48<LI>Call Chain = USART2_DebugWriteU16 &rArr; USART2_DebugWriteU32 &rArr; USART2_DebugWriteByte
</UL>
<BR>[Calls]<UL><LI><a href="#[40]">&gt;&gt;</a>&nbsp;&nbsp;&nbsp;USART2_DebugWriteU32
</UL>
<BR>[Called By]<UL><LI><a href="#[3f]">&gt;&gt;</a>&nbsp;&nbsp;&nbsp;Sensor_DebugTimingEvent
<LI><a href="#[31]">&gt;&gt;</a>&nbsp;&nbsp;&nbsp;Sensor_DebugCalibration
</UL>

<P><STRONG><a name="[40]"></a>USART2_DebugWriteU32</STRONG> (Thumb, 80 bytes, Stack size 24 bytes, usart_interrupt.o(i.USART2_DebugWriteU32))
<BR><BR>[Stack]<UL><LI>Max Depth = 40<LI>Call Chain = USART2_DebugWriteU32 &rArr; USART2_DebugWriteByte
</UL>
<BR>[Calls]<UL><LI><a href="#[5c]">&gt;&gt;</a>&nbsp;&nbsp;&nbsp;USART2_DebugWriteByte
<LI><a href="#[2a]">&gt;&gt;</a>&nbsp;&nbsp;&nbsp;__aeabi_uidivmod
</UL>
<BR>[Called By]<UL><LI><a href="#[3d]">&gt;&gt;</a>&nbsp;&nbsp;&nbsp;USART2_DebugWriteU16
<LI><a href="#[3c]">&gt;&gt;</a>&nbsp;&nbsp;&nbsp;USART2_DebugWriteS16
<LI><a href="#[3f]">&gt;&gt;</a>&nbsp;&nbsp;&nbsp;Sensor_DebugTimingEvent
</UL>

<P><STRONG><a name="[15]"></a>USART2_IRQHandler</STRONG> (Thumb, 8 bytes, Stack size 8 bytes, mg32f003_it.o(i.USART2_IRQHandler))
<BR><BR>[Stack]<UL><LI>Max Depth = 24<LI>Call Chain = USART2_IRQHandler &rArr; USART2_DebugTxIRQHandler &rArr; USART_GetITStatus
</UL>
<BR>[Calls]<UL><LI><a href="#[5a]">&gt;&gt;</a>&nbsp;&nbsp;&nbsp;USART2_DebugTxIRQHandler
</UL>
<BR>[Address Reference Count : 1]<UL><LI> startup_mg32f003_keil.o(RESET)
</UL>
<P><STRONG><a name="[5e]"></a>USART_ClearFlag</STRONG> (Thumb, 6 bytes, Stack size 0 bytes, mg32_usart.o(i.USART_ClearFlag))
<BR><BR>[Called By]<UL><LI><a href="#[4e]">&gt;&gt;</a>&nbsp;&nbsp;&nbsp;USART_RxIdle_Start
</UL>

<P><STRONG><a name="[5d]"></a>USART_ClearITPendingBit</STRONG> (Thumb, 6 bytes, Stack size 0 bytes, mg32_usart.o(i.USART_ClearITPendingBit))
<BR><BR>[Called By]<UL><LI><a href="#[4e]">&gt;&gt;</a>&nbsp;&nbsp;&nbsp;USART_RxIdle_Start
</UL>

<P><STRONG><a name="[59]"></a>USART_Cmd</STRONG> (Thumb, 28 bytes, Stack size 0 bytes, mg32_usart.o(i.USART_Cmd))
<BR><BR>[Called By]<UL><LI><a href="#[4c]">&gt;&gt;</a>&nbsp;&nbsp;&nbsp;USART_Configure
<LI><a href="#[4d]">&gt;&gt;</a>&nbsp;&nbsp;&nbsp;USART2_DebugConfigure
</UL>

<P><STRONG><a name="[4c]"></a>USART_Configure</STRONG> (Thumb, 188 bytes, Stack size 40 bytes, usart_interrupt.o(i.USART_Configure))
<BR><BR>[Stack]<UL><LI>Max Depth = 84<LI>Call Chain = USART_Configure &rArr; USART_Init &rArr; __aeabi_uidivmod
</UL>
<BR>[Calls]<UL><LI><a href="#[56]">&gt;&gt;</a>&nbsp;&nbsp;&nbsp;USART_StructInit
<LI><a href="#[57]">&gt;&gt;</a>&nbsp;&nbsp;&nbsp;USART_Init
<LI><a href="#[53]">&gt;&gt;</a>&nbsp;&nbsp;&nbsp;USART_ITConfig
<LI><a href="#[59]">&gt;&gt;</a>&nbsp;&nbsp;&nbsp;USART_Cmd
<LI><a href="#[55]">&gt;&gt;</a>&nbsp;&nbsp;&nbsp;RCC_APB1PeriphClockCmd
<LI><a href="#[25]">&gt;&gt;</a>&nbsp;&nbsp;&nbsp;RCC_AHBPeriphClockCmd
<LI><a href="#[58]">&gt;&gt;</a>&nbsp;&nbsp;&nbsp;NVIC_Init
<LI><a href="#[26]">&gt;&gt;</a>&nbsp;&nbsp;&nbsp;GPIO_StructInit
<LI><a href="#[54]">&gt;&gt;</a>&nbsp;&nbsp;&nbsp;GPIO_PinAFConfig
<LI><a href="#[27]">&gt;&gt;</a>&nbsp;&nbsp;&nbsp;GPIO_Init
</UL>
<BR>[Called By]<UL><LI><a href="#[4b]">&gt;&gt;</a>&nbsp;&nbsp;&nbsp;TOF_CommInit
</UL>

<P><STRONG><a name="[51]"></a>USART_GetITStatus</STRONG> (Thumb, 102 bytes, Stack size 8 bytes, mg32_usart.o(i.USART_GetITStatus))
<BR><BR>[Stack]<UL><LI>Max Depth = 8<LI>Call Chain = USART_GetITStatus
</UL>
<BR>[Called By]<UL><LI><a href="#[14]">&gt;&gt;</a>&nbsp;&nbsp;&nbsp;USART1_IRQHandler
<LI><a href="#[5a]">&gt;&gt;</a>&nbsp;&nbsp;&nbsp;USART2_DebugTxIRQHandler
</UL>

<P><STRONG><a name="[53]"></a>USART_ITConfig</STRONG> (Thumb, 44 bytes, Stack size 0 bytes, mg32_usart.o(i.USART_ITConfig))
<BR><BR>[Called By]<UL><LI><a href="#[14]">&gt;&gt;</a>&nbsp;&nbsp;&nbsp;USART1_IRQHandler
<LI><a href="#[4e]">&gt;&gt;</a>&nbsp;&nbsp;&nbsp;USART_RxIdle_Start
<LI><a href="#[4c]">&gt;&gt;</a>&nbsp;&nbsp;&nbsp;USART_Configure
<LI><a href="#[5c]">&gt;&gt;</a>&nbsp;&nbsp;&nbsp;USART2_DebugWriteByte
<LI><a href="#[5a]">&gt;&gt;</a>&nbsp;&nbsp;&nbsp;USART2_DebugTxIRQHandler
<LI><a href="#[4d]">&gt;&gt;</a>&nbsp;&nbsp;&nbsp;USART2_DebugConfigure
</UL>

<P><STRONG><a name="[57]"></a>USART_Init</STRONG> (Thumb, 144 bytes, Stack size 32 bytes, mg32_usart.o(i.USART_Init))
<BR><BR>[Stack]<UL><LI>Max Depth = 44<LI>Call Chain = USART_Init &rArr; __aeabi_uidivmod
</UL>
<BR>[Calls]<UL><LI><a href="#[29]">&gt;&gt;</a>&nbsp;&nbsp;&nbsp;RCC_GetClocksFreq
<LI><a href="#[2a]">&gt;&gt;</a>&nbsp;&nbsp;&nbsp;__aeabi_uidivmod
</UL>
<BR>[Called By]<UL><LI><a href="#[4c]">&gt;&gt;</a>&nbsp;&nbsp;&nbsp;USART_Configure
<LI><a href="#[4d]">&gt;&gt;</a>&nbsp;&nbsp;&nbsp;USART2_DebugConfigure
</UL>

<P><STRONG><a name="[52]"></a>USART_ReceiveData</STRONG> (Thumb, 10 bytes, Stack size 0 bytes, mg32_usart.o(i.USART_ReceiveData))
<BR><BR>[Called By]<UL><LI><a href="#[14]">&gt;&gt;</a>&nbsp;&nbsp;&nbsp;USART1_IRQHandler
<LI><a href="#[4e]">&gt;&gt;</a>&nbsp;&nbsp;&nbsp;USART_RxIdle_Start
</UL>

<P><STRONG><a name="[4e]"></a>USART_RxIdle_Start</STRONG> (Thumb, 86 bytes, Stack size 16 bytes, usart_interrupt.o(i.USART_RxIdle_Start))
<BR><BR>[Stack]<UL><LI>Max Depth = 16<LI>Call Chain = USART_RxIdle_Start
</UL>
<BR>[Calls]<UL><LI><a href="#[52]">&gt;&gt;</a>&nbsp;&nbsp;&nbsp;USART_ReceiveData
<LI><a href="#[53]">&gt;&gt;</a>&nbsp;&nbsp;&nbsp;USART_ITConfig
<LI><a href="#[5d]">&gt;&gt;</a>&nbsp;&nbsp;&nbsp;USART_ClearITPendingBit
<LI><a href="#[5e]">&gt;&gt;</a>&nbsp;&nbsp;&nbsp;USART_ClearFlag
</UL>
<BR>[Called By]<UL><LI><a href="#[4f]">&gt;&gt;</a>&nbsp;&nbsp;&nbsp;TOF_Service
<LI><a href="#[4b]">&gt;&gt;</a>&nbsp;&nbsp;&nbsp;TOF_CommInit
</UL>

<P><STRONG><a name="[5b]"></a>USART_SendData</STRONG> (Thumb, 8 bytes, Stack size 0 bytes, mg32_usart.o(i.USART_SendData))
<BR><BR>[Called By]<UL><LI><a href="#[5a]">&gt;&gt;</a>&nbsp;&nbsp;&nbsp;USART2_DebugTxIRQHandler
</UL>

<P><STRONG><a name="[56]"></a>USART_StructInit</STRONG> (Thumb, 20 bytes, Stack size 0 bytes, mg32_usart.o(i.USART_StructInit))
<BR><BR>[Called By]<UL><LI><a href="#[4c]">&gt;&gt;</a>&nbsp;&nbsp;&nbsp;USART_Configure
<LI><a href="#[4d]">&gt;&gt;</a>&nbsp;&nbsp;&nbsp;USART2_DebugConfigure
</UL>

<P><STRONG><a name="[6c]"></a>__scatterload_copy</STRONG> (Thumb, 14 bytes, Stack size unknown bytes, handlers.o(i.__scatterload_copy), UNUSED)

<P><STRONG><a name="[6d]"></a>__scatterload_null</STRONG> (Thumb, 2 bytes, Stack size unknown bytes, handlers.o(i.__scatterload_null), UNUSED)

<P><STRONG><a name="[6e]"></a>__scatterload_zeroinit</STRONG> (Thumb, 14 bytes, Stack size unknown bytes, handlers.o(i.__scatterload_zeroinit), UNUSED)

<P><STRONG><a name="[16]"></a>main</STRONG> (Thumb, 74 bytes, Stack size 32 bytes, main.o(i.main))
<BR><BR>[Stack]<UL><LI>Max Depth = 144<LI>Call Chain = main &rArr; Sensor_HandleFrame &rArr; Sensor_ProcessDistance &rArr; Sensor_DebugTimingEvent &rArr; USART2_DebugWriteU16 &rArr; USART2_DebugWriteU32 &rArr; USART2_DebugWriteByte
</UL>
<BR>[Calls]<UL><LI><a href="#[39]">&gt;&gt;</a>&nbsp;&nbsp;&nbsp;USART2_DebugWriteString
<LI><a href="#[4f]">&gt;&gt;</a>&nbsp;&nbsp;&nbsp;TOF_Service
<LI><a href="#[63]">&gt;&gt;</a>&nbsp;&nbsp;&nbsp;TOF_PopValidFrame
<LI><a href="#[4b]">&gt;&gt;</a>&nbsp;&nbsp;&nbsp;TOF_CommInit
<LI><a href="#[22]">&gt;&gt;</a>&nbsp;&nbsp;&nbsp;PLATFORM_Init
<LI><a href="#[34]">&gt;&gt;</a>&nbsp;&nbsp;&nbsp;PLATFORM_GetTickMs
<LI><a href="#[49]">&gt;&gt;</a>&nbsp;&nbsp;&nbsp;Sensor_ServiceTimeouts
<LI><a href="#[47]">&gt;&gt;</a>&nbsp;&nbsp;&nbsp;Sensor_LEDService
<LI><a href="#[45]">&gt;&gt;</a>&nbsp;&nbsp;&nbsp;Sensor_KeyService
<LI><a href="#[42]">&gt;&gt;</a>&nbsp;&nbsp;&nbsp;Sensor_HandleFrame
<LI><a href="#[33]">&gt;&gt;</a>&nbsp;&nbsp;&nbsp;Sensor_AppInit
</UL>
<BR>[Address Reference Count : 1]<UL><LI> entry9a.o(.ARM.Collect$$$$0000000B)
</UL><P>
<H3>
Local Symbols
</H3>
<P><STRONG><a name="[1e]"></a>KeyDebounce_GetPressEvent</STRONG> (Thumb, 62 bytes, Stack size 24 bytes, main.o(i.KeyDebounce_GetPressEvent))
<BR><BR>[Stack]<UL><LI>Max Depth = 40<LI>Call Chain = KeyDebounce_GetPressEvent &rArr; PLATFORM_KeyIsPressed
</UL>
<BR>[Calls]<UL><LI><a href="#[1f]">&gt;&gt;</a>&nbsp;&nbsp;&nbsp;PLATFORM_KeyIsPressed
<LI><a href="#[20]">&gt;&gt;</a>&nbsp;&nbsp;&nbsp;Sensor_TimeElapsed
</UL>
<BR>[Called By]<UL><LI><a href="#[45]">&gt;&gt;</a>&nbsp;&nbsp;&nbsp;Sensor_KeyService
</UL>

<P><STRONG><a name="[21]"></a>KeyDebounce_Init</STRONG> (Thumb, 24 bytes, Stack size 16 bytes, main.o(i.KeyDebounce_Init))
<BR><BR>[Stack]<UL><LI>Max Depth = 32<LI>Call Chain = KeyDebounce_Init &rArr; PLATFORM_KeyIsPressed
</UL>
<BR>[Calls]<UL><LI><a href="#[1f]">&gt;&gt;</a>&nbsp;&nbsp;&nbsp;PLATFORM_KeyIsPressed
</UL>
<BR>[Called By]<UL><LI><a href="#[33]">&gt;&gt;</a>&nbsp;&nbsp;&nbsp;Sensor_AppInit
</UL>

<P><STRONG><a name="[3a]"></a>Sensor_AbsDiffU16</STRONG> (Thumb, 16 bytes, Stack size 0 bytes, main.o(i.Sensor_AbsDiffU16))
<BR><BR>[Called By]<UL><LI><a href="#[32]">&gt;&gt;</a>&nbsp;&nbsp;&nbsp;Sensor_CompleteCalibration
</UL>

<P><STRONG><a name="[2f]"></a>Sensor_AddCalibrationSample</STRONG> (Thumb, 124 bytes, Stack size 16 bytes, main.o(i.Sensor_AddCalibrationSample))
<BR><BR>[Stack]<UL><LI>Max Depth = 96<LI>Call Chain = Sensor_AddCalibrationSample &rArr; Sensor_CompleteCalibration &rArr; Sensor_DebugCalibration &rArr; USART2_DebugWriteU16 &rArr; USART2_DebugWriteU32 &rArr; USART2_DebugWriteByte
</UL>
<BR>[Calls]<UL><LI><a href="#[30]">&gt;&gt;</a>&nbsp;&nbsp;&nbsp;Sensor_GetMedian
<LI><a href="#[31]">&gt;&gt;</a>&nbsp;&nbsp;&nbsp;Sensor_DebugCalibration
<LI><a href="#[32]">&gt;&gt;</a>&nbsp;&nbsp;&nbsp;Sensor_CompleteCalibration
</UL>
<BR>[Called By]<UL><LI><a href="#[42]">&gt;&gt;</a>&nbsp;&nbsp;&nbsp;Sensor_HandleFrame
</UL>

<P><STRONG><a name="[33]"></a>Sensor_AppInit</STRONG> (Thumb, 54 bytes, Stack size 8 bytes, main.o(i.Sensor_AppInit))
<BR><BR>[Stack]<UL><LI>Max Depth = 40<LI>Call Chain = Sensor_AppInit &rArr; KeyDebounce_Init &rArr; PLATFORM_KeyIsPressed
</UL>
<BR>[Calls]<UL><LI><a href="#[34]">&gt;&gt;</a>&nbsp;&nbsp;&nbsp;PLATFORM_GetTickMs
<LI><a href="#[35]">&gt;&gt;</a>&nbsp;&nbsp;&nbsp;Sensor_ApplyOutput
<LI><a href="#[21]">&gt;&gt;</a>&nbsp;&nbsp;&nbsp;KeyDebounce_Init
</UL>
<BR>[Called By]<UL><LI><a href="#[16]">&gt;&gt;</a>&nbsp;&nbsp;&nbsp;main
</UL>

<P><STRONG><a name="[35]"></a>Sensor_ApplyOutput</STRONG> (Thumb, 90 bytes, Stack size 8 bytes, main.o(i.Sensor_ApplyOutput))
<BR><BR>[Stack]<UL><LI>Max Depth = 16<LI>Call Chain = Sensor_ApplyOutput &rArr; PLATFORM_OutputTransistor
</UL>
<BR>[Calls]<UL><LI><a href="#[2e]">&gt;&gt;</a>&nbsp;&nbsp;&nbsp;PLATFORM_OutputTransistor
</UL>
<BR>[Called By]<UL><LI><a href="#[44]">&gt;&gt;</a>&nbsp;&nbsp;&nbsp;Sensor_ProcessDistance
<LI><a href="#[45]">&gt;&gt;</a>&nbsp;&nbsp;&nbsp;Sensor_KeyService
<LI><a href="#[42]">&gt;&gt;</a>&nbsp;&nbsp;&nbsp;Sensor_HandleFrame
<LI><a href="#[41]">&gt;&gt;</a>&nbsp;&nbsp;&nbsp;Sensor_EnterFault
<LI><a href="#[32]">&gt;&gt;</a>&nbsp;&nbsp;&nbsp;Sensor_CompleteCalibration
<LI><a href="#[33]">&gt;&gt;</a>&nbsp;&nbsp;&nbsp;Sensor_AppInit
</UL>

<P><STRONG><a name="[36]"></a>Sensor_CalibrationFail</STRONG> (Thumb, 52 bytes, Stack size 16 bytes, main.o(i.Sensor_CalibrationFail))
<BR><BR>[Stack]<UL><LI>Max Depth = 48<LI>Call Chain = Sensor_CalibrationFail &rArr; Sensor_DebugPrefix &rArr; USART2_DebugWriteString &rArr; USART2_DebugWriteByte
</UL>
<BR>[Calls]<UL><LI><a href="#[39]">&gt;&gt;</a>&nbsp;&nbsp;&nbsp;USART2_DebugWriteString
<LI><a href="#[37]">&gt;&gt;</a>&nbsp;&nbsp;&nbsp;Sensor_SetIndication
<LI><a href="#[38]">&gt;&gt;</a>&nbsp;&nbsp;&nbsp;Sensor_DebugPrefix
</UL>
<BR>[Called By]<UL><LI><a href="#[49]">&gt;&gt;</a>&nbsp;&nbsp;&nbsp;Sensor_ServiceTimeouts
<LI><a href="#[32]">&gt;&gt;</a>&nbsp;&nbsp;&nbsp;Sensor_CompleteCalibration
</UL>

<P><STRONG><a name="[32]"></a>Sensor_CompleteCalibration</STRONG> (Thumb, 108 bytes, Stack size 24 bytes, main.o(i.Sensor_CompleteCalibration))
<BR><BR>[Stack]<UL><LI>Max Depth = 80<LI>Call Chain = Sensor_CompleteCalibration &rArr; Sensor_DebugCalibration &rArr; USART2_DebugWriteU16 &rArr; USART2_DebugWriteU32 &rArr; USART2_DebugWriteByte
</UL>
<BR>[Calls]<UL><LI><a href="#[37]">&gt;&gt;</a>&nbsp;&nbsp;&nbsp;Sensor_SetIndication
<LI><a href="#[3b]">&gt;&gt;</a>&nbsp;&nbsp;&nbsp;Sensor_ResetCandidates
<LI><a href="#[31]">&gt;&gt;</a>&nbsp;&nbsp;&nbsp;Sensor_DebugCalibration
<LI><a href="#[36]">&gt;&gt;</a>&nbsp;&nbsp;&nbsp;Sensor_CalibrationFail
<LI><a href="#[35]">&gt;&gt;</a>&nbsp;&nbsp;&nbsp;Sensor_ApplyOutput
<LI><a href="#[3a]">&gt;&gt;</a>&nbsp;&nbsp;&nbsp;Sensor_AbsDiffU16
</UL>
<BR>[Called By]<UL><LI><a href="#[2f]">&gt;&gt;</a>&nbsp;&nbsp;&nbsp;Sensor_AddCalibrationSample
</UL>

<P><STRONG><a name="[31]"></a>Sensor_DebugCalibration</STRONG> (Thumb, 78 bytes, Stack size 8 bytes, main.o(i.Sensor_DebugCalibration))
<BR><BR>[Stack]<UL><LI>Max Depth = 56<LI>Call Chain = Sensor_DebugCalibration &rArr; USART2_DebugWriteU16 &rArr; USART2_DebugWriteU32 &rArr; USART2_DebugWriteByte
</UL>
<BR>[Calls]<UL><LI><a href="#[3d]">&gt;&gt;</a>&nbsp;&nbsp;&nbsp;USART2_DebugWriteU16
<LI><a href="#[39]">&gt;&gt;</a>&nbsp;&nbsp;&nbsp;USART2_DebugWriteString
<LI><a href="#[3c]">&gt;&gt;</a>&nbsp;&nbsp;&nbsp;USART2_DebugWriteS16
<LI><a href="#[38]">&gt;&gt;</a>&nbsp;&nbsp;&nbsp;Sensor_DebugPrefix
</UL>
<BR>[Called By]<UL><LI><a href="#[32]">&gt;&gt;</a>&nbsp;&nbsp;&nbsp;Sensor_CompleteCalibration
<LI><a href="#[2f]">&gt;&gt;</a>&nbsp;&nbsp;&nbsp;Sensor_AddCalibrationSample
</UL>

<P><STRONG><a name="[3e]"></a>Sensor_DebugMode</STRONG> (Thumb, 36 bytes, Stack size 8 bytes, main.o(i.Sensor_DebugMode))
<BR><BR>[Stack]<UL><LI>Max Depth = 32<LI>Call Chain = Sensor_DebugMode &rArr; USART2_DebugWriteString &rArr; USART2_DebugWriteByte
</UL>
<BR>[Calls]<UL><LI><a href="#[39]">&gt;&gt;</a>&nbsp;&nbsp;&nbsp;USART2_DebugWriteString
</UL>
<BR>[Called By]<UL><LI><a href="#[45]">&gt;&gt;</a>&nbsp;&nbsp;&nbsp;Sensor_KeyService
</UL>

<P><STRONG><a name="[38]"></a>Sensor_DebugPrefix</STRONG> (Thumb, 18 bytes, Stack size 8 bytes, main.o(i.Sensor_DebugPrefix))
<BR><BR>[Stack]<UL><LI>Max Depth = 32<LI>Call Chain = Sensor_DebugPrefix &rArr; USART2_DebugWriteString &rArr; USART2_DebugWriteByte
</UL>
<BR>[Calls]<UL><LI><a href="#[39]">&gt;&gt;</a>&nbsp;&nbsp;&nbsp;USART2_DebugWriteString
</UL>
<BR>[Called By]<UL><LI><a href="#[3f]">&gt;&gt;</a>&nbsp;&nbsp;&nbsp;Sensor_DebugTimingEvent
<LI><a href="#[31]">&gt;&gt;</a>&nbsp;&nbsp;&nbsp;Sensor_DebugCalibration
<LI><a href="#[36]">&gt;&gt;</a>&nbsp;&nbsp;&nbsp;Sensor_CalibrationFail
</UL>

<P><STRONG><a name="[3f]"></a>Sensor_DebugTimingEvent</STRONG> (Thumb, 60 bytes, Stack size 24 bytes, main.o(i.Sensor_DebugTimingEvent))
<BR><BR>[Stack]<UL><LI>Max Depth = 72<LI>Call Chain = Sensor_DebugTimingEvent &rArr; USART2_DebugWriteU16 &rArr; USART2_DebugWriteU32 &rArr; USART2_DebugWriteByte
</UL>
<BR>[Calls]<UL><LI><a href="#[40]">&gt;&gt;</a>&nbsp;&nbsp;&nbsp;USART2_DebugWriteU32
<LI><a href="#[3d]">&gt;&gt;</a>&nbsp;&nbsp;&nbsp;USART2_DebugWriteU16
<LI><a href="#[39]">&gt;&gt;</a>&nbsp;&nbsp;&nbsp;USART2_DebugWriteString
<LI><a href="#[3c]">&gt;&gt;</a>&nbsp;&nbsp;&nbsp;USART2_DebugWriteS16
<LI><a href="#[38]">&gt;&gt;</a>&nbsp;&nbsp;&nbsp;Sensor_DebugPrefix
</UL>
<BR>[Called By]<UL><LI><a href="#[44]">&gt;&gt;</a>&nbsp;&nbsp;&nbsp;Sensor_ProcessDistance
</UL>

<P><STRONG><a name="[41]"></a>Sensor_EnterFault</STRONG> (Thumb, 42 bytes, Stack size 8 bytes, main.o(i.Sensor_EnterFault))
<BR><BR>[Stack]<UL><LI>Max Depth = 32<LI>Call Chain = Sensor_EnterFault &rArr; USART2_DebugWriteString &rArr; USART2_DebugWriteByte
</UL>
<BR>[Calls]<UL><LI><a href="#[39]">&gt;&gt;</a>&nbsp;&nbsp;&nbsp;USART2_DebugWriteString
<LI><a href="#[3b]">&gt;&gt;</a>&nbsp;&nbsp;&nbsp;Sensor_ResetCandidates
<LI><a href="#[35]">&gt;&gt;</a>&nbsp;&nbsp;&nbsp;Sensor_ApplyOutput
</UL>
<BR>[Called By]<UL><LI><a href="#[49]">&gt;&gt;</a>&nbsp;&nbsp;&nbsp;Sensor_ServiceTimeouts
</UL>

<P><STRONG><a name="[30]"></a>Sensor_GetMedian</STRONG> (Thumb, 106 bytes, Stack size 36 bytes, main.o(i.Sensor_GetMedian))
<BR><BR>[Stack]<UL><LI>Max Depth = 36<LI>Call Chain = Sensor_GetMedian
</UL>
<BR>[Called By]<UL><LI><a href="#[2f]">&gt;&gt;</a>&nbsp;&nbsp;&nbsp;Sensor_AddCalibrationSample
</UL>

<P><STRONG><a name="[42]"></a>Sensor_HandleFrame</STRONG> (Thumb, 128 bytes, Stack size 16 bytes, main.o(i.Sensor_HandleFrame))
<BR><BR>[Stack]<UL><LI>Max Depth = 112<LI>Call Chain = Sensor_HandleFrame &rArr; Sensor_ProcessDistance &rArr; Sensor_DebugTimingEvent &rArr; USART2_DebugWriteU16 &rArr; USART2_DebugWriteU32 &rArr; USART2_DebugWriteByte
</UL>
<BR>[Calls]<UL><LI><a href="#[39]">&gt;&gt;</a>&nbsp;&nbsp;&nbsp;USART2_DebugWriteString
<LI><a href="#[3b]">&gt;&gt;</a>&nbsp;&nbsp;&nbsp;Sensor_ResetCandidates
<LI><a href="#[44]">&gt;&gt;</a>&nbsp;&nbsp;&nbsp;Sensor_ProcessDistance
<LI><a href="#[43]">&gt;&gt;</a>&nbsp;&nbsp;&nbsp;Sensor_IsMeasurementValid
<LI><a href="#[35]">&gt;&gt;</a>&nbsp;&nbsp;&nbsp;Sensor_ApplyOutput
<LI><a href="#[2f]">&gt;&gt;</a>&nbsp;&nbsp;&nbsp;Sensor_AddCalibrationSample
</UL>
<BR>[Called By]<UL><LI><a href="#[16]">&gt;&gt;</a>&nbsp;&nbsp;&nbsp;main
</UL>

<P><STRONG><a name="[43]"></a>Sensor_IsMeasurementValid</STRONG> (Thumb, 44 bytes, Stack size 0 bytes, main.o(i.Sensor_IsMeasurementValid))
<BR><BR>[Called By]<UL><LI><a href="#[42]">&gt;&gt;</a>&nbsp;&nbsp;&nbsp;Sensor_HandleFrame
</UL>

<P><STRONG><a name="[45]"></a>Sensor_KeyService</STRONG> (Thumb, 104 bytes, Stack size 8 bytes, main.o(i.Sensor_KeyService))
<BR><BR>[Stack]<UL><LI>Max Depth = 48<LI>Call Chain = Sensor_KeyService &rArr; Sensor_StartCalibration &rArr; USART2_DebugWriteString &rArr; USART2_DebugWriteByte
</UL>
<BR>[Calls]<UL><LI><a href="#[46]">&gt;&gt;</a>&nbsp;&nbsp;&nbsp;Sensor_StartCalibration
<LI><a href="#[37]">&gt;&gt;</a>&nbsp;&nbsp;&nbsp;Sensor_SetIndication
<LI><a href="#[3e]">&gt;&gt;</a>&nbsp;&nbsp;&nbsp;Sensor_DebugMode
<LI><a href="#[35]">&gt;&gt;</a>&nbsp;&nbsp;&nbsp;Sensor_ApplyOutput
<LI><a href="#[1e]">&gt;&gt;</a>&nbsp;&nbsp;&nbsp;KeyDebounce_GetPressEvent
</UL>
<BR>[Called By]<UL><LI><a href="#[16]">&gt;&gt;</a>&nbsp;&nbsp;&nbsp;main
</UL>

<P><STRONG><a name="[47]"></a>Sensor_LEDService</STRONG> (Thumb, 388 bytes, Stack size 16 bytes, main.o(i.Sensor_LEDService))
<BR><BR>[Stack]<UL><LI>Max Depth = 32<LI>Call Chain = Sensor_LEDService &rArr; PLATFORM_LED_Enable
</UL>
<BR>[Calls]<UL><LI><a href="#[2d]">&gt;&gt;</a>&nbsp;&nbsp;&nbsp;PLATFORM_LED_Enable
<LI><a href="#[48]">&gt;&gt;</a>&nbsp;&nbsp;&nbsp;Sensor_TimeReached
<LI><a href="#[2a]">&gt;&gt;</a>&nbsp;&nbsp;&nbsp;__aeabi_uidivmod
</UL>
<BR>[Called By]<UL><LI><a href="#[16]">&gt;&gt;</a>&nbsp;&nbsp;&nbsp;main
</UL>

<P><STRONG><a name="[44]"></a>Sensor_ProcessDistance</STRONG> (Thumb, 218 bytes, Stack size 24 bytes, main.o(i.Sensor_ProcessDistance))
<BR><BR>[Stack]<UL><LI>Max Depth = 96<LI>Call Chain = Sensor_ProcessDistance &rArr; Sensor_DebugTimingEvent &rArr; USART2_DebugWriteU16 &rArr; USART2_DebugWriteU32 &rArr; USART2_DebugWriteByte
</UL>
<BR>[Calls]<UL><LI><a href="#[3f]">&gt;&gt;</a>&nbsp;&nbsp;&nbsp;Sensor_DebugTimingEvent
<LI><a href="#[35]">&gt;&gt;</a>&nbsp;&nbsp;&nbsp;Sensor_ApplyOutput
</UL>
<BR>[Called By]<UL><LI><a href="#[42]">&gt;&gt;</a>&nbsp;&nbsp;&nbsp;Sensor_HandleFrame
</UL>

<P><STRONG><a name="[3b]"></a>Sensor_ResetCandidates</STRONG> (Thumb, 10 bytes, Stack size 0 bytes, main.o(i.Sensor_ResetCandidates))
<BR><BR>[Called By]<UL><LI><a href="#[42]">&gt;&gt;</a>&nbsp;&nbsp;&nbsp;Sensor_HandleFrame
<LI><a href="#[41]">&gt;&gt;</a>&nbsp;&nbsp;&nbsp;Sensor_EnterFault
<LI><a href="#[32]">&gt;&gt;</a>&nbsp;&nbsp;&nbsp;Sensor_CompleteCalibration
</UL>

<P><STRONG><a name="[49]"></a>Sensor_ServiceTimeouts</STRONG> (Thumb, 136 bytes, Stack size 8 bytes, main.o(i.Sensor_ServiceTimeouts))
<BR><BR>[Stack]<UL><LI>Max Depth = 56<LI>Call Chain = Sensor_ServiceTimeouts &rArr; Sensor_CalibrationFail &rArr; Sensor_DebugPrefix &rArr; USART2_DebugWriteString &rArr; USART2_DebugWriteByte
</UL>
<BR>[Calls]<UL><LI><a href="#[20]">&gt;&gt;</a>&nbsp;&nbsp;&nbsp;Sensor_TimeElapsed
<LI><a href="#[41]">&gt;&gt;</a>&nbsp;&nbsp;&nbsp;Sensor_EnterFault
<LI><a href="#[36]">&gt;&gt;</a>&nbsp;&nbsp;&nbsp;Sensor_CalibrationFail
</UL>
<BR>[Called By]<UL><LI><a href="#[16]">&gt;&gt;</a>&nbsp;&nbsp;&nbsp;main
</UL>

<P><STRONG><a name="[37]"></a>Sensor_SetIndication</STRONG> (Thumb, 16 bytes, Stack size 8 bytes, main.o(i.Sensor_SetIndication))
<BR><BR>[Stack]<UL><LI>Max Depth = 8<LI>Call Chain = Sensor_SetIndication
</UL>
<BR>[Called By]<UL><LI><a href="#[45]">&gt;&gt;</a>&nbsp;&nbsp;&nbsp;Sensor_KeyService
<LI><a href="#[32]">&gt;&gt;</a>&nbsp;&nbsp;&nbsp;Sensor_CompleteCalibration
<LI><a href="#[36]">&gt;&gt;</a>&nbsp;&nbsp;&nbsp;Sensor_CalibrationFail
</UL>

<P><STRONG><a name="[46]"></a>Sensor_StartCalibration</STRONG> (Thumb, 52 bytes, Stack size 16 bytes, main.o(i.Sensor_StartCalibration))
<BR><BR>[Stack]<UL><LI>Max Depth = 40<LI>Call Chain = Sensor_StartCalibration &rArr; USART2_DebugWriteString &rArr; USART2_DebugWriteByte
</UL>
<BR>[Calls]<UL><LI><a href="#[39]">&gt;&gt;</a>&nbsp;&nbsp;&nbsp;USART2_DebugWriteString
</UL>
<BR>[Called By]<UL><LI><a href="#[45]">&gt;&gt;</a>&nbsp;&nbsp;&nbsp;Sensor_KeyService
</UL>

<P><STRONG><a name="[20]"></a>Sensor_TimeElapsed</STRONG> (Thumb, 16 bytes, Stack size 0 bytes, main.o(i.Sensor_TimeElapsed))
<BR><BR>[Called By]<UL><LI><a href="#[49]">&gt;&gt;</a>&nbsp;&nbsp;&nbsp;Sensor_ServiceTimeouts
<LI><a href="#[1e]">&gt;&gt;</a>&nbsp;&nbsp;&nbsp;KeyDebounce_GetPressEvent
</UL>

<P><STRONG><a name="[48]"></a>Sensor_TimeReached</STRONG> (Thumb, 10 bytes, Stack size 0 bytes, main.o(i.Sensor_TimeReached))
<BR><BR>[Called By]<UL><LI><a href="#[47]">&gt;&gt;</a>&nbsp;&nbsp;&nbsp;Sensor_LEDService
</UL>

<P><STRONG><a name="[4d]"></a>USART2_DebugConfigure</STRONG> (Thumb, 230 bytes, Stack size 32 bytes, usart_interrupt.o(i.USART2_DebugConfigure))
<BR><BR>[Stack]<UL><LI>Max Depth = 76<LI>Call Chain = USART2_DebugConfigure &rArr; USART_Init &rArr; __aeabi_uidivmod
</UL>
<BR>[Calls]<UL><LI><a href="#[56]">&gt;&gt;</a>&nbsp;&nbsp;&nbsp;USART_StructInit
<LI><a href="#[57]">&gt;&gt;</a>&nbsp;&nbsp;&nbsp;USART_Init
<LI><a href="#[53]">&gt;&gt;</a>&nbsp;&nbsp;&nbsp;USART_ITConfig
<LI><a href="#[59]">&gt;&gt;</a>&nbsp;&nbsp;&nbsp;USART_Cmd
<LI><a href="#[55]">&gt;&gt;</a>&nbsp;&nbsp;&nbsp;RCC_APB1PeriphClockCmd
<LI><a href="#[25]">&gt;&gt;</a>&nbsp;&nbsp;&nbsp;RCC_AHBPeriphClockCmd
<LI><a href="#[58]">&gt;&gt;</a>&nbsp;&nbsp;&nbsp;NVIC_Init
<LI><a href="#[28]">&gt;&gt;</a>&nbsp;&nbsp;&nbsp;GPIO_WriteBit
<LI><a href="#[26]">&gt;&gt;</a>&nbsp;&nbsp;&nbsp;GPIO_StructInit
<LI><a href="#[54]">&gt;&gt;</a>&nbsp;&nbsp;&nbsp;GPIO_PinAFConfig
<LI><a href="#[27]">&gt;&gt;</a>&nbsp;&nbsp;&nbsp;GPIO_Init
</UL>
<BR>[Called By]<UL><LI><a href="#[4b]">&gt;&gt;</a>&nbsp;&nbsp;&nbsp;TOF_CommInit
</UL>

<P><STRONG><a name="[50]"></a>YC02_ParseFrame</STRONG> (Thumb, 168 bytes, Stack size 16 bytes, usart_interrupt.o(i.YC02_ParseFrame))
<BR><BR>[Stack]<UL><LI>Max Depth = 24<LI>Call Chain = YC02_ParseFrame &rArr; yc02_checksum
</UL>
<BR>[Calls]<UL><LI><a href="#[5f]">&gt;&gt;</a>&nbsp;&nbsp;&nbsp;yc02_checksum
<LI><a href="#[62]">&gt;&gt;</a>&nbsp;&nbsp;&nbsp;read_le32s
<LI><a href="#[61]">&gt;&gt;</a>&nbsp;&nbsp;&nbsp;read_le24
<LI><a href="#[60]">&gt;&gt;</a>&nbsp;&nbsp;&nbsp;read_le16
<LI><a href="#[34]">&gt;&gt;</a>&nbsp;&nbsp;&nbsp;PLATFORM_GetTickMs
</UL>
<BR>[Called By]<UL><LI><a href="#[4f]">&gt;&gt;</a>&nbsp;&nbsp;&nbsp;TOF_Service
</UL>

<P><STRONG><a name="[60]"></a>read_le16</STRONG> (Thumb, 12 bytes, Stack size 0 bytes, usart_interrupt.o(i.read_le16))
<BR><BR>[Called By]<UL><LI><a href="#[50]">&gt;&gt;</a>&nbsp;&nbsp;&nbsp;YC02_ParseFrame
</UL>

<P><STRONG><a name="[61]"></a>read_le24</STRONG> (Thumb, 18 bytes, Stack size 0 bytes, usart_interrupt.o(i.read_le24))
<BR><BR>[Called By]<UL><LI><a href="#[50]">&gt;&gt;</a>&nbsp;&nbsp;&nbsp;YC02_ParseFrame
</UL>

<P><STRONG><a name="[62]"></a>read_le32s</STRONG> (Thumb, 24 bytes, Stack size 0 bytes, usart_interrupt.o(i.read_le32s))
<BR><BR>[Called By]<UL><LI><a href="#[50]">&gt;&gt;</a>&nbsp;&nbsp;&nbsp;YC02_ParseFrame
</UL>

<P><STRONG><a name="[5f]"></a>yc02_checksum</STRONG> (Thumb, 28 bytes, Stack size 8 bytes, usart_interrupt.o(i.yc02_checksum))
<BR><BR>[Stack]<UL><LI>Max Depth = 8<LI>Call Chain = yc02_checksum
</UL>
<BR>[Called By]<UL><LI><a href="#[50]">&gt;&gt;</a>&nbsp;&nbsp;&nbsp;YC02_ParseFrame
</UL>

<P><STRONG><a name="[24]"></a>PLATFORM_InitBoardGpio</STRONG> (Thumb, 130 bytes, Stack size 8 bytes, platform.o(i.PLATFORM_InitBoardGpio))
<BR><BR>[Stack]<UL><LI>Max Depth = 32<LI>Call Chain = PLATFORM_InitBoardGpio &rArr; GPIO_Init
</UL>
<BR>[Calls]<UL><LI><a href="#[25]">&gt;&gt;</a>&nbsp;&nbsp;&nbsp;RCC_AHBPeriphClockCmd
<LI><a href="#[28]">&gt;&gt;</a>&nbsp;&nbsp;&nbsp;GPIO_WriteBit
<LI><a href="#[26]">&gt;&gt;</a>&nbsp;&nbsp;&nbsp;GPIO_StructInit
<LI><a href="#[27]">&gt;&gt;</a>&nbsp;&nbsp;&nbsp;GPIO_Init
</UL>
<BR>[Called By]<UL><LI><a href="#[22]">&gt;&gt;</a>&nbsp;&nbsp;&nbsp;PLATFORM_Init
</UL>

<P><STRONG><a name="[23]"></a>PLATFORM_InitDelay</STRONG> (Thumb, 76 bytes, Stack size 24 bytes, platform.o(i.PLATFORM_InitDelay))
<BR><BR>[Stack]<UL><LI>Max Depth = 36<LI>Call Chain = PLATFORM_InitDelay &rArr; __aeabi_uidivmod
</UL>
<BR>[Calls]<UL><LI><a href="#[29]">&gt;&gt;</a>&nbsp;&nbsp;&nbsp;RCC_GetClocksFreq
<LI><a href="#[2b]">&gt;&gt;</a>&nbsp;&nbsp;&nbsp;__NVIC_SetPriority
<LI><a href="#[2a]">&gt;&gt;</a>&nbsp;&nbsp;&nbsp;__aeabi_uidivmod
</UL>
<BR>[Called By]<UL><LI><a href="#[22]">&gt;&gt;</a>&nbsp;&nbsp;&nbsp;PLATFORM_Init
</UL>

<P><STRONG><a name="[2b]"></a>__NVIC_SetPriority</STRONG> (Thumb, 110 bytes, Stack size 8 bytes, platform.o(i.__NVIC_SetPriority))
<BR><BR>[Stack]<UL><LI>Max Depth = 8<LI>Call Chain = __NVIC_SetPriority
</UL>
<BR>[Called By]<UL><LI><a href="#[23]">&gt;&gt;</a>&nbsp;&nbsp;&nbsp;PLATFORM_InitDelay
</UL>

<P><STRONG><a name="[4a]"></a>SetSysClockToDefine</STRONG> (Thumb, 174 bytes, Stack size 16 bytes, system_mg32f003.o(i.SetSysClockToDefine))
<BR><BR>[Stack]<UL><LI>Max Depth = 28<LI>Call Chain = SetSysClockToDefine &rArr; __aeabi_uidivmod
</UL>
<BR>[Calls]<UL><LI><a href="#[2a]">&gt;&gt;</a>&nbsp;&nbsp;&nbsp;__aeabi_uidivmod
</UL>
<BR>[Called By]<UL><LI><a href="#[17]">&gt;&gt;</a>&nbsp;&nbsp;&nbsp;SystemInit
</UL>
<P>
<H3>
Undefined Global Symbols
</H3>
<P><STRONG><a name="[1c]"></a>__arm_fini_</STRONG> (Unknown, 0 bytes, Stack size 0 bytes, UNDEFINED)
<BR><BR>[Called By]<UL><LI><a href="#[1b]">&gt;&gt;</a>&nbsp;&nbsp;&nbsp;__rt_lib_shutdown_fini
</UL>
<HR></body></html>
