Component: ARM Compiler 5.06 update 7 (build 960) Tool: armlink [4d3601]

==============================================================================

Section Cross References

    main.o(i.main) refers to platform.o(i.PLATFORM_Init) for PLATFORM_Init
    main.o(i.main) refers to usart_interrupt.o(i.USART_Interrupt_Sample) for USART_Interrupt_Sample
    usart_interrupt.o(i.TOF_SaveLastFrame) refers to usart_interrupt.o(.bss) for USART_RxStruct
    usart_interrupt.o(i.TOF_SaveLastFrame) refers to usart_interrupt.o(.data) for g_tof_last_frame_count
    usart_interrupt.o(i.USART2_DebugBeginTx) refers to mg32_gpio.o(i.GPIO_WriteBit) for GPIO_WriteBit
    usart_interrupt.o(i.USART2_DebugConfigure) refers to mg32_rcc.o(i.RCC_AHBPeriphClockCmd) for RCC_AHBPeriphClockCmd
    usart_interrupt.o(i.USART2_DebugConfigure) refers to mg32_gpio.o(i.GPIO_PinAFConfig) for GPIO_PinAFConfig
    usart_interrupt.o(i.USART2_DebugConfigure) refers to mg32_gpio.o(i.GPIO_StructInit) for GPIO_StructInit
    usart_interrupt.o(i.USART2_DebugConfigure) refers to mg32_gpio.o(i.GPIO_Init) for GPIO_Init
    usart_interrupt.o(i.USART2_DebugConfigure) refers to mg32_gpio.o(i.GPIO_WriteBit) for GPIO_WriteBit
    usart_interrupt.o(i.USART2_DebugConfigure) refers to mg32_rcc.o(i.RCC_APB1PeriphClockCmd) for RCC_APB1PeriphClockCmd
    usart_interrupt.o(i.USART2_DebugConfigure) refers to mg32_usart.o(i.USART_StructInit) for USART_StructInit
    usart_interrupt.o(i.USART2_DebugConfigure) refers to mg32_usart.o(i.USART_Init) for USART_Init
    usart_interrupt.o(i.USART2_DebugConfigure) refers to mg32_usart.o(i.USART_Cmd) for USART_Cmd
    usart_interrupt.o(i.USART2_DebugEndTx) refers to mg32_usart.o(i.USART_GetFlagStatus) for USART_GetFlagStatus
    usart_interrupt.o(i.USART2_DebugEndTx) refers to mg32_gpio.o(i.GPIO_WriteBit) for GPIO_WriteBit
    usart_interrupt.o(i.USART2_DebugPrintLastFrame) refers to usart_interrupt.o(i.USART2_DebugBeginTx) for USART2_DebugBeginTx
    usart_interrupt.o(i.USART2_DebugPrintLastFrame) refers to usart_interrupt.o(i.USART2_DebugWriteString) for USART2_DebugWriteString
    usart_interrupt.o(i.USART2_DebugPrintLastFrame) refers to usart_interrupt.o(i.USART2_DebugWriteU16) for USART2_DebugWriteU16
    usart_interrupt.o(i.USART2_DebugPrintLastFrame) refers to usart_interrupt.o(i.USART2_DebugWriteByte) for USART2_DebugWriteByte
    usart_interrupt.o(i.USART2_DebugPrintLastFrame) refers to usart_interrupt.o(i.USART2_DebugWriteHexByte) for USART2_DebugWriteHexByte
    usart_interrupt.o(i.USART2_DebugPrintLastFrame) refers to usart_interrupt.o(i.yc02_checksum) for yc02_checksum
    usart_interrupt.o(i.USART2_DebugPrintLastFrame) refers to usart_interrupt.o(i.USART2_DebugWriteS16) for USART2_DebugWriteS16
    usart_interrupt.o(i.USART2_DebugPrintLastFrame) refers to usart_interrupt.o(i.USART2_DebugEndTx) for USART2_DebugEndTx
    usart_interrupt.o(i.USART2_DebugPrintLastFrame) refers to usart_interrupt.o(.data) for g_tof_last_frame_count
    usart_interrupt.o(i.USART2_DebugPrintLastFrame) refers to usart_interrupt.o(.bss) for g_tof_last_frame
    usart_interrupt.o(i.USART2_DebugWriteByte) refers to mg32_usart.o(i.USART_SendData) for USART_SendData
    usart_interrupt.o(i.USART2_DebugWriteByte) refers to mg32_usart.o(i.USART_GetFlagStatus) for USART_GetFlagStatus
    usart_interrupt.o(i.USART2_DebugWriteHexByte) refers to usart_interrupt.o(i.USART2_DebugWriteByte) for USART2_DebugWriteByte
    usart_interrupt.o(i.USART2_DebugWriteHexByte) refers to usart_interrupt.o(.constdata) for hex
    usart_interrupt.o(i.USART2_DebugWriteS16) refers to usart_interrupt.o(i.USART2_DebugWriteByte) for USART2_DebugWriteByte
    usart_interrupt.o(i.USART2_DebugWriteS16) refers to usart_interrupt.o(i.USART2_DebugWriteU16) for USART2_DebugWriteU16
    usart_interrupt.o(i.USART2_DebugWriteString) refers to usart_interrupt.o(i.USART2_DebugWriteByte) for USART2_DebugWriteByte
    usart_interrupt.o(i.USART2_DebugWriteU16) refers to uidiv.o(.text) for __aeabi_uidivmod
    usart_interrupt.o(i.USART2_DebugWriteU16) refers to usart_interrupt.o(i.USART2_DebugWriteByte) for USART2_DebugWriteByte
    usart_interrupt.o(i.USART_Configure) refers to mg32_misc.o(i.NVIC_Init) for NVIC_Init
    usart_interrupt.o(i.USART_Configure) refers to mg32_rcc.o(i.RCC_AHBPeriphClockCmd) for RCC_AHBPeriphClockCmd
    usart_interrupt.o(i.USART_Configure) refers to mg32_gpio.o(i.GPIO_PinAFConfig) for GPIO_PinAFConfig
    usart_interrupt.o(i.USART_Configure) refers to mg32_gpio.o(i.GPIO_StructInit) for GPIO_StructInit
    usart_interrupt.o(i.USART_Configure) refers to mg32_gpio.o(i.GPIO_Init) for GPIO_Init
    usart_interrupt.o(i.USART_Configure) refers to mg32_rcc.o(i.RCC_APB1PeriphClockCmd) for RCC_APB1PeriphClockCmd
    usart_interrupt.o(i.USART_Configure) refers to mg32_usart.o(i.USART_StructInit) for USART_StructInit
    usart_interrupt.o(i.USART_Configure) refers to mg32_usart.o(i.USART_Init) for USART_Init
    usart_interrupt.o(i.USART_Configure) refers to mg32_usart.o(i.USART_ITConfig) for USART_ITConfig
    usart_interrupt.o(i.USART_Configure) refers to mg32_usart.o(i.USART_Cmd) for USART_Cmd
    usart_interrupt.o(i.USART_Interrupt_Sample) refers to usart_interrupt.o(i.USART_Configure) for USART_Configure
    usart_interrupt.o(i.USART_Interrupt_Sample) refers to usart_interrupt.o(i.USART2_DebugConfigure) for USART2_DebugConfigure
    usart_interrupt.o(i.USART_Interrupt_Sample) refers to usart_interrupt.o(i.USART_RxIdle_Start) for USART_RxIdle_Start
    usart_interrupt.o(i.USART_Interrupt_Sample) refers to platform.o(i.PLATFORM_LED_Enable) for PLATFORM_LED_Enable
    usart_interrupt.o(i.USART_Interrupt_Sample) refers to usart_interrupt.o(i.TOF_SaveLastFrame) for TOF_SaveLastFrame
    usart_interrupt.o(i.USART_Interrupt_Sample) refers to usart_interrupt.o(i.YC02_ParseFrame) for YC02_ParseFrame
    usart_interrupt.o(i.USART_Interrupt_Sample) refers to mg32_gpio.o(i.GPIO_ReadInputDataBit) for GPIO_ReadInputDataBit
    usart_interrupt.o(i.USART_Interrupt_Sample) refers to usart_interrupt.o(i.USART2_DebugPrintLastFrame) for USART2_DebugPrintLastFrame
    usart_interrupt.o(i.USART_Interrupt_Sample) refers to usart_interrupt.o(.bss) for USART_RxStruct
    usart_interrupt.o(i.USART_Interrupt_Sample) refers to usart_interrupt.o(.data) for g_tof_last_frame_length
    usart_interrupt.o(i.USART_RxIdle_Start) refers to mg32_usart.o(i.USART_ReceiveData) for USART_ReceiveData
    usart_interrupt.o(i.USART_RxIdle_Start) refers to mg32_usart.o(i.USART_ClearITPendingBit) for USART_ClearITPendingBit
    usart_interrupt.o(i.USART_RxIdle_Start) refers to mg32_usart.o(i.USART_ClearFlag) for USART_ClearFlag
    usart_interrupt.o(i.USART_RxIdle_Start) refers to mg32_usart.o(i.USART_ITConfig) for USART_ITConfig
    usart_interrupt.o(i.USART_RxIdle_Start) refers to usart_interrupt.o(.bss) for USART_RxStruct
    usart_interrupt.o(i.YC02_ParseFrame) refers to usart_interrupt.o(i.yc02_checksum) for yc02_checksum
    usart_interrupt.o(i.YC02_ParseFrame) refers to usart_interrupt.o(i.read_le16) for read_le16
    usart_interrupt.o(i.YC02_ParseFrame) refers to usart_interrupt.o(i.read_le24) for read_le24
    usart_interrupt.o(i.YC02_ParseFrame) refers to usart_interrupt.o(i.read_le32s) for read_le32s
    platform.o(i.PLATFORM_DelayMS) refers to platform.o(.data) for PLATFORM_DelayTick
    platform.o(i.PLATFORM_Init) refers to platform.o(i.PLATFORM_InitDelay) for PLATFORM_InitDelay
    platform.o(i.PLATFORM_Init) refers to platform.o(i.PLATFORM_InitBoardGpio) for PLATFORM_InitBoardGpio
    platform.o(i.PLATFORM_InitBoardGpio) refers to mg32_rcc.o(i.RCC_AHBPeriphClockCmd) for RCC_AHBPeriphClockCmd
    platform.o(i.PLATFORM_InitBoardGpio) refers to mg32_gpio.o(i.GPIO_StructInit) for GPIO_StructInit
    platform.o(i.PLATFORM_InitBoardGpio) refers to mg32_gpio.o(i.GPIO_Init) for GPIO_Init
    platform.o(i.PLATFORM_InitBoardGpio) refers to mg32_gpio.o(i.GPIO_WriteBit) for GPIO_WriteBit
    platform.o(i.PLATFORM_InitDelay) refers to mg32_rcc.o(i.RCC_GetClocksFreq) for RCC_GetClocksFreq
    platform.o(i.PLATFORM_InitDelay) refers to uidiv.o(.text) for __aeabi_uidivmod
    platform.o(i.PLATFORM_InitDelay) refers to platform.o(i.__NVIC_SetPriority) for __NVIC_SetPriority
    platform.o(i.PLATFORM_LED_Enable) refers to mg32_gpio.o(i.GPIO_WriteBit) for GPIO_WriteBit
    platform.o(i.PLATFORM_LED_Toggle) refers to mg32_gpio.o(i.GPIO_ReadOutputDataBit) for GPIO_ReadOutputDataBit
    platform.o(i.PLATFORM_LED_Toggle) refers to mg32_gpio.o(i.GPIO_WriteBit) for GPIO_WriteBit
    mg32f003_it.o(i.SysTick_Handler) refers to platform.o(.data) for PLATFORM_DelayTick
    mg32f003_it.o(i.USART1_IRQHandler) refers to mg32_usart.o(i.USART_GetITStatus) for USART_GetITStatus
    mg32f003_it.o(i.USART1_IRQHandler) refers to mg32_usart.o(i.USART_ReceiveData) for USART_ReceiveData
    mg32f003_it.o(i.USART1_IRQHandler) refers to mg32_usart.o(i.USART_ITConfig) for USART_ITConfig
    mg32f003_it.o(i.USART1_IRQHandler) refers to usart_interrupt.o(.bss) for USART_RxStruct
    mg32_adc.o(i.ADC_DeInit) refers to mg32_rcc.o(i.RCC_APB1PeriphResetCmd) for RCC_APB1PeriphResetCmd
    mg32_flash.o(i.FLASH_EnableWriteProtection) refers to mg32_flash.o(i.FLASH_ProgramOptionHalfWord) for FLASH_ProgramOptionHalfWord
    mg32_flash.o(i.FLASH_EraseAllPages) refers to mg32_flash.o(i.FLASH_WaitForLastOperation) for FLASH_WaitForLastOperation
    mg32_flash.o(i.FLASH_EraseDataAreaPage) refers to mg32_flash.o(i.FLASH_OPTB_Enable) for FLASH_OPTB_Enable
    mg32_flash.o(i.FLASH_EraseDataAreaPage) refers to mg32_flash.o(i.FLASH_WaitForLastOperation) for FLASH_WaitForLastOperation
    mg32_flash.o(i.FLASH_EraseOptionBytes) refers to mg32_flash.o(i.FLASH_OPTB_Enable) for FLASH_OPTB_Enable
    mg32_flash.o(i.FLASH_EraseOptionBytes) refers to mg32_flash.o(i.FLASH_WaitForLastOperation) for FLASH_WaitForLastOperation
    mg32_flash.o(i.FLASH_ErasePage) refers to mg32_flash.o(i.FLASH_WaitForLastOperation) for FLASH_WaitForLastOperation
    mg32_flash.o(i.FLASH_ProgramDataAreaHalfWord) refers to mg32_flash.o(i.FLASH_OPTB_Enable) for FLASH_OPTB_Enable
    mg32_flash.o(i.FLASH_ProgramDataAreaHalfWord) refers to mg32_flash.o(i.FLASH_WaitForLastOperation) for FLASH_WaitForLastOperation
    mg32_flash.o(i.FLASH_ProgramHalfWord) refers to mg32_flash.o(i.FLASH_WaitForLastOperation) for FLASH_WaitForLastOperation
    mg32_flash.o(i.FLASH_ProgramOptionByteData) refers to mg32_flash.o(i.FLASH_OPTB_Enable) for FLASH_OPTB_Enable
    mg32_flash.o(i.FLASH_ProgramOptionByteData) refers to mg32_flash.o(i.FLASH_WaitForLastOperation) for FLASH_WaitForLastOperation
    mg32_flash.o(i.FLASH_ProgramOptionHalfWord) refers to mg32_flash.o(i.FLASH_OPTB_Enable) for FLASH_OPTB_Enable
    mg32_flash.o(i.FLASH_ProgramOptionHalfWord) refers to mg32_flash.o(i.FLASH_WaitForLastOperation) for FLASH_WaitForLastOperation
    mg32_flash.o(i.FLASH_ProgramWord) refers to mg32_flash.o(i.FLASH_ProgramHalfWord) for FLASH_ProgramHalfWord
    mg32_flash.o(i.FLASH_UserOptionByteConfig) refers to mg32_flash.o(i.FLASH_OPTB_Enable) for FLASH_OPTB_Enable
    mg32_flash.o(i.FLASH_UserOptionByteConfig) refers to mg32_flash.o(i.FLASH_WaitForLastOperation) for FLASH_WaitForLastOperation
    mg32_flash.o(i.FLASH_WaitForLastOperation) refers to mg32_flash.o(i.FLASH_GetStatus) for FLASH_GetStatus
    mg32_gpio.o(i.GPIO_DeInit) refers to mg32_rcc.o(i.RCC_AHBPeriphResetCmd) for RCC_AHBPeriphResetCmd
    mg32_i2c.o(i.I2C_DeInit) refers to mg32_rcc.o(i.RCC_APB1PeriphResetCmd) for RCC_APB1PeriphResetCmd
    mg32_i2c.o(i.I2C_ITConfig) refers to mg32_i2c.o(i.I2C_ReadCmd) for I2C_ReadCmd
    mg32_i2c.o(i.I2C_Init) refers to mg32_rcc.o(i.RCC_GetClocksFreq) for RCC_GetClocksFreq
    mg32_i2c.o(i.I2C_Init) refers to uidiv.o(.text) for __aeabi_uidivmod
    mg32_iwdg.o(i.IVU_CheckStatus) refers to mg32_iwdg.o(i.IWDG_GetFlagStatus) for IWDG_GetFlagStatus
    mg32_iwdg.o(i.IWDG_SetIGen) refers to mg32_iwdg.o(i.IVU_CheckStatus) for IVU_CheckStatus
    mg32_iwdg.o(i.IWDG_SetPrescaler) refers to mg32_iwdg.o(i.PVU_CheckStatus) for PVU_CheckStatus
    mg32_iwdg.o(i.IWDG_SetReload) refers to mg32_iwdg.o(i.RVU_CheckStatus) for RVU_CheckStatus
    mg32_iwdg.o(i.PVU_CheckStatus) refers to mg32_iwdg.o(i.IWDG_GetFlagStatus) for IWDG_GetFlagStatus
    mg32_iwdg.o(i.RVU_CheckStatus) refers to mg32_iwdg.o(i.IWDG_GetFlagStatus) for IWDG_GetFlagStatus
    mg32_pwr.o(i.PWR_DeInit) refers to mg32_rcc.o(i.RCC_APB1PeriphResetCmd) for RCC_APB1PeriphResetCmd
    mg32_rcc.o(i.RCC_GetClocksFreq) refers to mg32_rcc.o(.data) for AHBPreTable
    mg32_spi.o(i.SPI_DeInit) refers to mg32_rcc.o(i.RCC_APB1PeriphResetCmd) for RCC_APB1PeriphResetCmd
    mg32_tim.o(i.TIM_DeInit) refers to mg32_rcc.o(i.RCC_APB1PeriphResetCmd) for RCC_APB1PeriphResetCmd
    mg32_tim.o(i.TIM_GetTIMxClock) refers to mg32_rcc.o(i.RCC_GetClocksFreq) for RCC_GetClocksFreq
    mg32_tim.o(i.TIM_ICInit) refers to mg32_tim.o(i.TI1_Configure) for TI1_Configure
    mg32_tim.o(i.TIM_ICInit) refers to mg32_tim.o(i.TIM_SetIC1Prescaler) for TIM_SetIC1Prescaler
    mg32_tim.o(i.TIM_ICInit) refers to mg32_tim.o(i.TI2_Configure) for TI2_Configure
    mg32_tim.o(i.TIM_ICInit) refers to mg32_tim.o(i.TIM_SetIC2Prescaler) for TIM_SetIC2Prescaler
    mg32_tim.o(i.TIM_ICInit) refers to mg32_tim.o(i.TI3_Configure) for TI3_Configure
    mg32_tim.o(i.TIM_ICInit) refers to mg32_tim.o(i.TIM_SetIC3Prescaler) for TIM_SetIC3Prescaler
    mg32_tim.o(i.TIM_ICInit) refers to mg32_tim.o(i.TI4_Configure) for TI4_Configure
    mg32_tim.o(i.TIM_ICInit) refers to mg32_tim.o(i.TIM_SetIC4Prescaler) for TIM_SetIC4Prescaler
    mg32_tim.o(i.TIM_ITRxExternalClockConfig) refers to mg32_tim.o(i.TIM_SelectInputTrigger) for TIM_SelectInputTrigger
    mg32_tim.o(i.TIM_PWMIConfig) refers to mg32_tim.o(i.TI1_Configure) for TI1_Configure
    mg32_tim.o(i.TIM_PWMIConfig) refers to mg32_tim.o(i.TIM_SetIC1Prescaler) for TIM_SetIC1Prescaler
    mg32_tim.o(i.TIM_PWMIConfig) refers to mg32_tim.o(i.TI2_Configure) for TI2_Configure
    mg32_tim.o(i.TIM_PWMIConfig) refers to mg32_tim.o(i.TIM_SetIC2Prescaler) for TIM_SetIC2Prescaler
    mg32_usart.o(i.USART_DeInit) refers to mg32_rcc.o(i.RCC_APB1PeriphResetCmd) for RCC_APB1PeriphResetCmd
    mg32_usart.o(i.USART_Init) refers to mg32_rcc.o(i.RCC_GetClocksFreq) for RCC_GetClocksFreq
    mg32_usart.o(i.USART_Init) refers to uidiv.o(.text) for __aeabi_uidivmod
    mg32_usart.o(i.USART_SyncMasterConfig) refers to mg32_rcc.o(i.RCC_GetClocksFreq) for RCC_GetClocksFreq
    mg32_usart.o(i.USART_SyncMasterConfig) refers to uidiv.o(.text) for __aeabi_uidivmod
    system_mg32f003.o(i.SetSysClockToDefine) refers to uidiv.o(.text) for __aeabi_uidivmod
    system_mg32f003.o(i.SetSysClockToDefine) refers to system_mg32f003.o(.data) for SystemCoreClock
    system_mg32f003.o(i.SystemInit) refers to system_mg32f003.o(i.SetSysClockToDefine) for SetSysClockToDefine
    startup_mg32f003_keil.o(RESET) refers to startup_mg32f003_keil.o(STACK) for __initial_sp
    startup_mg32f003_keil.o(RESET) refers to startup_mg32f003_keil.o(.text) for Reset_Handler
    startup_mg32f003_keil.o(RESET) refers to mg32f003_it.o(i.NMI_Handler) for NMI_Handler
    startup_mg32f003_keil.o(RESET) refers to mg32f003_it.o(i.HardFault_Handler) for HardFault_Handler
    startup_mg32f003_keil.o(RESET) refers to mg32f003_it.o(i.SVC_Handler) for SVC_Handler
    startup_mg32f003_keil.o(RESET) refers to mg32f003_it.o(i.PendSV_Handler) for PendSV_Handler
    startup_mg32f003_keil.o(RESET) refers to mg32f003_it.o(i.SysTick_Handler) for SysTick_Handler
    startup_mg32f003_keil.o(RESET) refers to mg32f003_it.o(i.USART1_IRQHandler) for USART1_IRQHandler
    startup_mg32f003_keil.o(.text) refers to system_mg32f003.o(i.SystemInit) for SystemInit
    startup_mg32f003_keil.o(.text) refers to entry.o(.ARM.Collect$$$$00000000) for __main
    entry.o(.ARM.Collect$$$$00000000) refers (Special) to entry10a.o(.ARM.Collect$$$$0000000F) for __rt_final_cpp
    entry.o(.ARM.Collect$$$$00000000) refers (Special) to entry11a.o(.ARM.Collect$$$$00000011) for __rt_final_exit
    entry.o(.ARM.Collect$$$$00000000) refers (Special) to entry12b.o(.ARM.Collect$$$$0000000E) for __rt_lib_shutdown_fini
    entry.o(.ARM.Collect$$$$00000000) refers (Special) to entry7b.o(.ARM.Collect$$$$00000008) for _main_clock
    entry.o(.ARM.Collect$$$$00000000) refers (Special) to entry8b.o(.ARM.Collect$$$$0000000A) for _main_cpp_init
    entry.o(.ARM.Collect$$$$00000000) refers (Special) to entry9a.o(.ARM.Collect$$$$0000000B) for _main_init
    entry.o(.ARM.Collect$$$$00000000) refers (Special) to entry5.o(.ARM.Collect$$$$00000004) for _main_scatterload
    entry.o(.ARM.Collect$$$$00000000) refers (Special) to entry2.o(.ARM.Collect$$$$00000001) for _main_stk
    entry2.o(.ARM.Collect$$$$00000001) refers to entry2.o(.ARM.Collect$$$$00002712) for __lit__00000000
    entry2.o(.ARM.Collect$$$$00002712) refers to startup_mg32f003_keil.o(STACK) for __initial_sp
    entry2.o(__vectab_stack_and_reset_area) refers to startup_mg32f003_keil.o(STACK) for __initial_sp
    entry2.o(__vectab_stack_and_reset_area) refers to entry.o(.ARM.Collect$$$$00000000) for __main
    entry5.o(.ARM.Collect$$$$00000004) refers to init.o(.text) for __scatterload
    entry9a.o(.ARM.Collect$$$$0000000B) refers to main.o(i.main) for main
    entry9b.o(.ARM.Collect$$$$0000000C) refers to main.o(i.main) for main
    init.o(.text) refers to entry5.o(.ARM.Collect$$$$00000004) for __main_after_scatterload


==============================================================================

Removing Unused input sections from the image.

    Removing main.o(.rev16_text), (4 bytes).
    Removing main.o(.revsh_text), (4 bytes).
    Removing usart_interrupt.o(.rev16_text), (4 bytes).
    Removing usart_interrupt.o(.revsh_text), (4 bytes).
    Removing platform.o(.rev16_text), (4 bytes).
    Removing platform.o(.revsh_text), (4 bytes).
    Removing platform.o(i.PLATFORM_DelayMS), (20 bytes).
    Removing platform.o(i.PLATFORM_LED_Toggle), (112 bytes).
    Removing mg32f003_it.o(.rev16_text), (4 bytes).
    Removing mg32f003_it.o(.revsh_text), (4 bytes).
    Removing mg32_adc.o(.rev16_text), (4 bytes).
    Removing mg32_adc.o(.revsh_text), (4 bytes).
    Removing mg32_adc.o(i.ADC_AnalogWatchdogCmd), (24 bytes).
    Removing mg32_adc.o(i.ADC_AnalogWatchdogSingleChannelConfig), (24 bytes).
    Removing mg32_adc.o(i.ADC_AnalogWatchdogThresholdsConfig), (40 bytes).
    Removing mg32_adc.o(i.ADC_AnyChannelCmd), (24 bytes).
    Removing mg32_adc.o(i.ADC_AnyChannelNumCfg), (16 bytes).
    Removing mg32_adc.o(i.ADC_AnyChannelSelect), (72 bytes).
    Removing mg32_adc.o(i.ADC_ClearFlag), (20 bytes).
    Removing mg32_adc.o(i.ADC_ClearITPendingBit), (20 bytes).
    Removing mg32_adc.o(i.ADC_Cmd), (24 bytes).
    Removing mg32_adc.o(i.ADC_DMACmd), (24 bytes).
    Removing mg32_adc.o(i.ADC_DeInit), (32 bytes).
    Removing mg32_adc.o(i.ADC_ExternalTrigConvCmd), (24 bytes).
    Removing mg32_adc.o(i.ADC_ExternalTrigSourceConfig), (52 bytes).
    Removing mg32_adc.o(i.ADC_GetChannelConvertedValue), (14 bytes).
    Removing mg32_adc.o(i.ADC_GetConversionValue), (8 bytes).
    Removing mg32_adc.o(i.ADC_GetFlagStatus), (46 bytes).
    Removing mg32_adc.o(i.ADC_GetITStatus), (46 bytes).
    Removing mg32_adc.o(i.ADC_GetSoftwareStartConvStatus), (14 bytes).
    Removing mg32_adc.o(i.ADC_ITConfig), (60 bytes).
    Removing mg32_adc.o(i.ADC_Init), (108 bytes).
    Removing mg32_adc.o(i.ADC_SampleTimeConfig), (16 bytes).
    Removing mg32_adc.o(i.ADC_SoftwareStartConvCmd), (28 bytes).
    Removing mg32_adc.o(i.ADC_StructInit), (14 bytes).
    Removing mg32_adc.o(i.ADC_VrefSensorCmd), (48 bytes).
    Removing mg32_crc.o(.rev16_text), (4 bytes).
    Removing mg32_crc.o(.revsh_text), (4 bytes).
    Removing mg32_crc.o(i.CRC_CalcBlockCRC), (36 bytes).
    Removing mg32_crc.o(i.CRC_CalcCRC), (16 bytes).
    Removing mg32_crc.o(i.CRC_GetCRC), (12 bytes).
    Removing mg32_crc.o(i.CRC_GetIndependentDataRegister), (12 bytes).
    Removing mg32_crc.o(i.CRC_ResetDR), (20 bytes).
    Removing mg32_crc.o(i.CRC_SetIndependentDataRegister), (12 bytes).
    Removing mg32_dbg.o(.rev16_text), (4 bytes).
    Removing mg32_dbg.o(.revsh_text), (4 bytes).
    Removing mg32_dbg.o(i.DBG_Configure), (32 bytes).
    Removing mg32_dbg.o(i.DBG_GetDeviceIDCode), (12 bytes).
    Removing mg32_exti.o(.rev16_text), (4 bytes).
    Removing mg32_exti.o(.revsh_text), (4 bytes).
    Removing mg32_exti.o(i.EXTI_ClearFlag), (12 bytes).
    Removing mg32_exti.o(i.EXTI_ClearITPendingBit), (12 bytes).
    Removing mg32_exti.o(i.EXTI_DeInit), (28 bytes).
    Removing mg32_exti.o(i.EXTI_GenerateSWInterrupt), (16 bytes).
    Removing mg32_exti.o(i.EXTI_GetFlagStatus), (24 bytes).
    Removing mg32_exti.o(i.EXTI_GetITStatus), (36 bytes).
    Removing mg32_exti.o(i.EXTI_Init), (192 bytes).
    Removing mg32_exti.o(i.EXTI_StructInit), (16 bytes).
    Removing mg32_flash.o(.rev16_text), (4 bytes).
    Removing mg32_flash.o(.revsh_text), (4 bytes).
    Removing mg32_flash.o(i.FLASH_ClearFlag), (12 bytes).
    Removing mg32_flash.o(i.FLASH_EnableWriteProtection), (56 bytes).
    Removing mg32_flash.o(i.FLASH_EraseAllPages), (52 bytes).
    Removing mg32_flash.o(i.FLASH_EraseDataAreaPage), (52 bytes).
    Removing mg32_flash.o(i.FLASH_EraseOptionBytes), (56 bytes).
    Removing mg32_flash.o(i.FLASH_ErasePage), (48 bytes).
    Removing mg32_flash.o(i.FLASH_GetFlagStatus), (36 bytes).
    Removing mg32_flash.o(i.FLASH_GetStatus), (56 bytes).
    Removing mg32_flash.o(i.FLASH_GetUserOptionByte), (12 bytes).
    Removing mg32_flash.o(i.FLASH_GetWriteProtectionOptionByte), (12 bytes).
    Removing mg32_flash.o(i.FLASH_Lock), (20 bytes).
    Removing mg32_flash.o(i.FLASH_OPTB_Disable), (20 bytes).
    Removing mg32_flash.o(i.FLASH_OPTB_Enable), (24 bytes).
    Removing mg32_flash.o(i.FLASH_PrefetchBufferCmd), (24 bytes).
    Removing mg32_flash.o(i.FLASH_ProgramDataAreaHalfWord), (44 bytes).
    Removing mg32_flash.o(i.FLASH_ProgramHalfWord), (36 bytes).
    Removing mg32_flash.o(i.FLASH_ProgramOptionByteData), (44 bytes).
    Removing mg32_flash.o(i.FLASH_ProgramOptionHalfWord), (44 bytes).
    Removing mg32_flash.o(i.FLASH_ProgramWord), (34 bytes).
    Removing mg32_flash.o(i.FLASH_SetLatency), (24 bytes).
    Removing mg32_flash.o(i.FLASH_Unlock), (24 bytes).
    Removing mg32_flash.o(i.FLASH_UserOptionByteConfig), (68 bytes).
    Removing mg32_flash.o(i.FLASH_WaitForLastOperation), (68 bytes).
    Removing mg32_gpio.o(.rev16_text), (4 bytes).
    Removing mg32_gpio.o(.revsh_text), (4 bytes).
    Removing mg32_gpio.o(i.GPIO_AFIODeInit), (32 bytes).
    Removing mg32_gpio.o(i.GPIO_DeInit), (60 bytes).
    Removing mg32_gpio.o(i.GPIO_PinLockConfig), (54 bytes).
    Removing mg32_gpio.o(i.GPIO_ReadInputData), (8 bytes).
    Removing mg32_gpio.o(i.GPIO_ReadOutputData), (8 bytes).
    Removing mg32_gpio.o(i.GPIO_ReadOutputDataBit), (18 bytes).
    Removing mg32_gpio.o(i.GPIO_ResetBits), (4 bytes).
    Removing mg32_gpio.o(i.GPIO_SetBits), (4 bytes).
    Removing mg32_gpio.o(i.GPIO_Write), (4 bytes).
    Removing mg32_i2c.o(.rev16_text), (4 bytes).
    Removing mg32_i2c.o(.revsh_text), (4 bytes).
    Removing mg32_i2c.o(i.I2C_CheckEvent), (18 bytes).
    Removing mg32_i2c.o(i.I2C_ClearFlag), (152 bytes).
    Removing mg32_i2c.o(i.I2C_ClearITPendingBit), (126 bytes).
    Removing mg32_i2c.o(i.I2C_Cmd), (24 bytes).
    Removing mg32_i2c.o(i.I2C_DeInit), (36 bytes).
    Removing mg32_i2c.o(i.I2C_GeneralCallCmd), (28 bytes).
    Removing mg32_i2c.o(i.I2C_GenerateSTART), (24 bytes).
    Removing mg32_i2c.o(i.I2C_GenerateSTOP), (24 bytes).
    Removing mg32_i2c.o(i.I2C_GetFlagStatus), (48 bytes).
    Removing mg32_i2c.o(i.I2C_GetITStatus), (18 bytes).
    Removing mg32_i2c.o(i.I2C_GetLastEvent), (10 bytes).
    Removing mg32_i2c.o(i.I2C_GetSlaveReceivedAddr), (8 bytes).
    Removing mg32_i2c.o(i.I2C_ITConfig), (38 bytes).
    Removing mg32_i2c.o(i.I2C_Init), (260 bytes).
    Removing mg32_i2c.o(i.I2C_ReadCmd), (12 bytes).
    Removing mg32_i2c.o(i.I2C_ReceiveData), (8 bytes).
    Removing mg32_i2c.o(i.I2C_SendData), (4 bytes).
    Removing mg32_i2c.o(i.I2C_SlaveAddressConfig), (16 bytes).
    Removing mg32_i2c.o(i.I2C_SlaveAddressMaskConfig), (20 bytes).
    Removing mg32_i2c.o(i.I2C_SlaveModeCmd), (24 bytes).
    Removing mg32_i2c.o(i.I2C_StructInit), (20 bytes).
    Removing mg32_i2c.o(i.I2C_TargetAddressConfig), (16 bytes).
    Removing mg32_iwdg.o(.rev16_text), (4 bytes).
    Removing mg32_iwdg.o(.revsh_text), (4 bytes).
    Removing mg32_iwdg.o(i.IVU_CheckStatus), (16 bytes).
    Removing mg32_iwdg.o(i.IWDG_ClearITPendingBit), (20 bytes).
    Removing mg32_iwdg.o(i.IWDG_Enable), (16 bytes).
    Removing mg32_iwdg.o(i.IWDG_GetCnt), (20 bytes).
    Removing mg32_iwdg.o(i.IWDG_GetFlagStatus), (24 bytes).
    Removing mg32_iwdg.o(i.IWDG_GetReload), (12 bytes).
    Removing mg32_iwdg.o(i.IWDG_OverflowConfig), (24 bytes).
    Removing mg32_iwdg.o(i.IWDG_ReloadCounter), (16 bytes).
    Removing mg32_iwdg.o(i.IWDG_SetIGen), (20 bytes).
    Removing mg32_iwdg.o(i.IWDG_SetPrescaler), (20 bytes).
    Removing mg32_iwdg.o(i.IWDG_SetReload), (20 bytes).
    Removing mg32_iwdg.o(i.IWDG_WriteAccessCmd), (12 bytes).
    Removing mg32_iwdg.o(i.PVU_CheckStatus), (16 bytes).
    Removing mg32_iwdg.o(i.RVU_CheckStatus), (16 bytes).
    Removing mg32_misc.o(.rev16_text), (4 bytes).
    Removing mg32_misc.o(.revsh_text), (4 bytes).
    Removing mg32_misc.o(i.NVIC_SystemLPConfig), (32 bytes).
    Removing mg32_misc.o(i.SysTick_CLKSourceConfig), (36 bytes).
    Removing mg32_pwr.o(.rev16_text), (4 bytes).
    Removing mg32_pwr.o(.revsh_text), (4 bytes).
    Removing mg32_pwr.o(i.PWR_DeInit), (22 bytes).
    Removing mg32_pwr.o(i.PWR_EnterSLEEPMode), (72 bytes).
    Removing mg32_pwr.o(i.PWR_EnterSTOPMode), (288 bytes).
    Removing mg32_pwr.o(i.PWR_GetPVDOFlagStatus), (16 bytes).
    Removing mg32_pwr.o(i.PWR_PVDCmd), (36 bytes).
    Removing mg32_pwr.o(i.PWR_PVDLevelConfig), (24 bytes).
    Removing mg32_rcc.o(.rev16_text), (4 bytes).
    Removing mg32_rcc.o(.revsh_text), (4 bytes).
    Removing mg32_rcc.o(i.RCC_AHBPeriphResetCmd), (32 bytes).
    Removing mg32_rcc.o(i.RCC_APB1PeriphResetCmd), (32 bytes).
    Removing mg32_rcc.o(i.RCC_ClearFlag), (20 bytes).
    Removing mg32_rcc.o(i.RCC_ClearITPendingBit), (20 bytes).
    Removing mg32_rcc.o(i.RCC_DeInit), (68 bytes).
    Removing mg32_rcc.o(i.RCC_GetFlagStatus), (48 bytes).
    Removing mg32_rcc.o(i.RCC_GetITStatus), (16 bytes).
    Removing mg32_rcc.o(i.RCC_GetSYSCLKSource), (16 bytes).
    Removing mg32_rcc.o(i.RCC_HCLKConfig), (24 bytes).
    Removing mg32_rcc.o(i.RCC_HSICmd), (36 bytes).
    Removing mg32_rcc.o(i.RCC_ITConfig), (36 bytes).
    Removing mg32_rcc.o(i.RCC_LSICmd), (36 bytes).
    Removing mg32_rcc.o(i.RCC_MCOConfig), (24 bytes).
    Removing mg32_rcc.o(i.RCC_PCLK1Config), (32 bytes).
    Removing mg32_rcc.o(i.RCC_SYSCLKConfig), (24 bytes).
    Removing mg32_spi.o(.rev16_text), (4 bytes).
    Removing mg32_spi.o(.revsh_text), (4 bytes).
    Removing mg32_spi.o(i.SPI_BiDirectionalLineConfig), (64 bytes).
    Removing mg32_spi.o(i.SPI_CSInternalSelected), (24 bytes).
    Removing mg32_spi.o(i.SPI_ClearITPendingBit), (4 bytes).
    Removing mg32_spi.o(i.SPI_Cmd), (24 bytes).
    Removing mg32_spi.o(i.SPI_DataSizeConfig), (36 bytes).
    Removing mg32_spi.o(i.SPI_DataSizeTypeConfig), (16 bytes).
    Removing mg32_spi.o(i.SPI_DeInit), (32 bytes).
    Removing mg32_spi.o(i.SPI_GetFlagStatus), (18 bytes).
    Removing mg32_spi.o(i.SPI_GetITStatus), (18 bytes).
    Removing mg32_spi.o(i.SPI_ITCmd), (24 bytes).
    Removing mg32_spi.o(i.SPI_ITConfig), (20 bytes).
    Removing mg32_spi.o(i.SPI_Init), (172 bytes).
    Removing mg32_spi.o(i.SPI_NSSInternalSoftwareConfig), (16 bytes).
    Removing mg32_spi.o(i.SPI_ReceiveData), (6 bytes).
    Removing mg32_spi.o(i.SPI_RxBytes), (4 bytes).
    Removing mg32_spi.o(i.SPI_SendData), (4 bytes).
    Removing mg32_spi.o(i.SPI_SlaveAdjust), (14 bytes).
    Removing mg32_spi.o(i.SPI_StructInit), (32 bytes).
    Removing mg32_syscfg.o(.rev16_text), (4 bytes).
    Removing mg32_syscfg.o(.revsh_text), (4 bytes).
    Removing mg32_syscfg.o(i.SYSCFG_DeInit), (28 bytes).
    Removing mg32_syscfg.o(i.SYSCFG_EXTILineConfig), (164 bytes).
    Removing mg32_syscfg.o(i.SYSCFG_MemoryRemapConfig), (24 bytes).
    Removing mg32_tim.o(.rev16_text), (4 bytes).
    Removing mg32_tim.o(.revsh_text), (4 bytes).
    Removing mg32_tim.o(i.TI1_Configure), (52 bytes).
    Removing mg32_tim.o(i.TI2_Configure), (64 bytes).
    Removing mg32_tim.o(i.TI3_Configure), (60 bytes).
    Removing mg32_tim.o(i.TI4_Configure), (70 bytes).
    Removing mg32_tim.o(i.TIM_ARRPreloadConfig), (24 bytes).
    Removing mg32_tim.o(i.TIM_BDTRConfig), (30 bytes).
    Removing mg32_tim.o(i.TIM_BDTRStructInit), (18 bytes).
    Removing mg32_tim.o(i.TIM_CCPreloadControl), (24 bytes).
    Removing mg32_tim.o(i.TIM_CCxCmd), (26 bytes).
    Removing mg32_tim.o(i.TIM_CCxNCmd), (26 bytes).
    Removing mg32_tim.o(i.TIM_ClearFlag), (6 bytes).
    Removing mg32_tim.o(i.TIM_ClearITPendingBit), (6 bytes).
    Removing mg32_tim.o(i.TIM_Cmd), (24 bytes).
    Removing mg32_tim.o(i.TIM_CounterModeConfig), (14 bytes).
    Removing mg32_tim.o(i.TIM_CtrlPWMOutputs), (28 bytes).
    Removing mg32_tim.o(i.TIM_DeInit), (88 bytes).
    Removing mg32_tim.o(i.TIM_EncoderInterfaceConfig), (52 bytes).
    Removing mg32_tim.o(i.TIM_ForcedOC1Config), (20 bytes).
    Removing mg32_tim.o(i.TIM_ForcedOC2Config), (24 bytes).
    Removing mg32_tim.o(i.TIM_ForcedOC3Config), (20 bytes).
    Removing mg32_tim.o(i.TIM_ForcedOC4Config), (24 bytes).
    Removing mg32_tim.o(i.TIM_GenerateEvent), (4 bytes).
    Removing mg32_tim.o(i.TIM_GetCapture1), (6 bytes).
    Removing mg32_tim.o(i.TIM_GetCapture2), (6 bytes).
    Removing mg32_tim.o(i.TIM_GetCapture3), (6 bytes).
    Removing mg32_tim.o(i.TIM_GetCapture4), (6 bytes).
    Removing mg32_tim.o(i.TIM_GetCapture5), (6 bytes).
    Removing mg32_tim.o(i.TIM_GetCountDirection), (12 bytes).
    Removing mg32_tim.o(i.TIM_GetCounter), (6 bytes).
    Removing mg32_tim.o(i.TIM_GetFlagStatus), (18 bytes).
    Removing mg32_tim.o(i.TIM_GetITStatus), (26 bytes).
    Removing mg32_tim.o(i.TIM_GetPrescaler), (8 bytes).
    Removing mg32_tim.o(i.TIM_GetTIMxClock), (180 bytes).
    Removing mg32_tim.o(i.TIM_ICInit), (120 bytes).
    Removing mg32_tim.o(i.TIM_ICStructInit), (18 bytes).
    Removing mg32_tim.o(i.TIM_ITConfig), (20 bytes).
    Removing mg32_tim.o(i.TIM_ITRxExternalClockConfig), (24 bytes).
    Removing mg32_tim.o(i.TIM_InternalClockConfig), (16 bytes).
    Removing mg32_tim.o(i.TIM_OC1FastConfig), (14 bytes).
    Removing mg32_tim.o(i.TIM_OC1Init), (144 bytes).
    Removing mg32_tim.o(i.TIM_OC1NPolarityConfig), (20 bytes).
    Removing mg32_tim.o(i.TIM_OC1PolarityConfig), (20 bytes).
    Removing mg32_tim.o(i.TIM_OC1PreloadConfig), (14 bytes).
    Removing mg32_tim.o(i.TIM_OC2FastConfig), (24 bytes).
    Removing mg32_tim.o(i.TIM_OC2Init), (148 bytes).
    Removing mg32_tim.o(i.TIM_OC2NPolarityConfig), (20 bytes).
    Removing mg32_tim.o(i.TIM_OC2PolarityConfig), (20 bytes).
    Removing mg32_tim.o(i.TIM_OC2PreloadConfig), (24 bytes).
    Removing mg32_tim.o(i.TIM_OC3FastConfig), (14 bytes).
    Removing mg32_tim.o(i.TIM_OC3Init), (148 bytes).
    Removing mg32_tim.o(i.TIM_OC3NPolarityConfig), (24 bytes).
    Removing mg32_tim.o(i.TIM_OC3PolarityConfig), (24 bytes).
    Removing mg32_tim.o(i.TIM_OC3PreloadConfig), (14 bytes).
    Removing mg32_tim.o(i.TIM_OC4FastConfig), (24 bytes).
    Removing mg32_tim.o(i.TIM_OC4Init), (116 bytes).
    Removing mg32_tim.o(i.TIM_OC4NPolarityConfig), (24 bytes).
    Removing mg32_tim.o(i.TIM_OC4PolarityConfig), (24 bytes).
    Removing mg32_tim.o(i.TIM_OC4PreloadConfig), (24 bytes).
    Removing mg32_tim.o(i.TIM_OC5PreloadConfig), (14 bytes).
    Removing mg32_tim.o(i.TIM_OCStructInit), (20 bytes).
    Removing mg32_tim.o(i.TIM_PWMIConfig), (128 bytes).
    Removing mg32_tim.o(i.TIM_PWMShiftConfig), (20 bytes).
    Removing mg32_tim.o(i.TIM_PrescalerConfig), (6 bytes).
    Removing mg32_tim.o(i.TIM_SelectCOM), (24 bytes).
    Removing mg32_tim.o(i.TIM_SelectHallSensor), (24 bytes).
    Removing mg32_tim.o(i.TIM_SelectInputTrigger), (14 bytes).
    Removing mg32_tim.o(i.TIM_SelectMasterSlaveMode), (14 bytes).
    Removing mg32_tim.o(i.TIM_SelectOCxM), (116 bytes).
    Removing mg32_tim.o(i.TIM_SelectOnePulseMode), (14 bytes).
    Removing mg32_tim.o(i.TIM_SelectOutputTrigger), (14 bytes).
    Removing mg32_tim.o(i.TIM_SelectSlaveMode), (16 bytes).
    Removing mg32_tim.o(i.TIM_SetAutoreload), (4 bytes).
    Removing mg32_tim.o(i.TIM_SetCCR1FALL), (4 bytes).
    Removing mg32_tim.o(i.TIM_SetCCR2FALL), (4 bytes).
    Removing mg32_tim.o(i.TIM_SetCCR3FALL), (4 bytes).
    Removing mg32_tim.o(i.TIM_SetCCR4FALL), (4 bytes).
    Removing mg32_tim.o(i.TIM_SetCCR5FALL), (4 bytes).
    Removing mg32_tim.o(i.TIM_SetClockDivision), (16 bytes).
    Removing mg32_tim.o(i.TIM_SetCompare1), (6 bytes).
    Removing mg32_tim.o(i.TIM_SetCompare2), (6 bytes).
    Removing mg32_tim.o(i.TIM_SetCompare3), (6 bytes).
    Removing mg32_tim.o(i.TIM_SetCompare4), (6 bytes).
    Removing mg32_tim.o(i.TIM_SetCompare5), (6 bytes).
    Removing mg32_tim.o(i.TIM_SetCounter), (4 bytes).
    Removing mg32_tim.o(i.TIM_SetIC1Prescaler), (14 bytes).
    Removing mg32_tim.o(i.TIM_SetIC2Prescaler), (24 bytes).
    Removing mg32_tim.o(i.TIM_SetIC3Prescaler), (14 bytes).
    Removing mg32_tim.o(i.TIM_SetIC4Prescaler), (24 bytes).
    Removing mg32_tim.o(i.TIM_TimeBaseInit), (92 bytes).
    Removing mg32_tim.o(i.TIM_TimeBaseStructInit), (18 bytes).
    Removing mg32_tim.o(i.TIM_UpdateDisableConfig), (24 bytes).
    Removing mg32_tim.o(i.TIM_UpdateRequestConfig), (14 bytes).
    Removing mg32_uid.o(.rev16_text), (4 bytes).
    Removing mg32_uid.o(.revsh_text), (4 bytes).
    Removing mg32_uid.o(i.Get_ChipsetUIDw0), (12 bytes).
    Removing mg32_uid.o(i.Get_ChipsetUIDw1), (12 bytes).
    Removing mg32_uid.o(i.Get_ChipsetUIDw2), (12 bytes).
    Removing mg32_usart.o(.rev16_text), (4 bytes).
    Removing mg32_usart.o(.revsh_text), (4 bytes).
    Removing mg32_usart.o(i.USART_DeInit), (64 bytes).
    Removing mg32_usart.o(i.USART_HalfDuplexCmd), (24 bytes).
    Removing mg32_usart.o(i.USART_RxCmd), (24 bytes).
    Removing mg32_usart.o(i.USART_SyncMasterConfig), (136 bytes).
    Removing mg32_usart.o(i.USART_SyncSlaveConfig), (64 bytes).
    Removing mg32_usart.o(i.USART_TxCmd), (24 bytes).
    Removing system_mg32f003.o(.rev16_text), (4 bytes).
    Removing system_mg32f003.o(.revsh_text), (4 bytes).
    Removing startup_mg32f003_keil.o(HEAP), (0 bytes).

298 unused section(s) (total 8724 bytes) removed from the image.

==============================================================================

Image Symbol Table

    Local Symbols

    Symbol Name                              Value     Ov Type        Size  Object(Section)

    ../clib/microlib/division.c              0x00000000   Number         0  uidiv.o ABSOLUTE
    ../clib/microlib/init/entry.s            0x00000000   Number         0  entry.o ABSOLUTE
    ../clib/microlib/init/entry.s            0x00000000   Number         0  entry8b.o ABSOLUTE
    ../clib/microlib/init/entry.s            0x00000000   Number         0  entry12b.o ABSOLUTE
    ../clib/microlib/init/entry.s            0x00000000   Number         0  entry12a.o ABSOLUTE
    ../clib/microlib/init/entry.s            0x00000000   Number         0  entry11b.o ABSOLUTE
    ../clib/microlib/init/entry.s            0x00000000   Number         0  entry11a.o ABSOLUTE
    ../clib/microlib/init/entry.s            0x00000000   Number         0  entry10b.o ABSOLUTE
    ../clib/microlib/init/entry.s            0x00000000   Number         0  entry10a.o ABSOLUTE
    ../clib/microlib/init/entry.s            0x00000000   Number         0  entry9b.o ABSOLUTE
    ../clib/microlib/init/entry.s            0x00000000   Number         0  entry9a.o ABSOLUTE
    ../clib/microlib/init/entry.s            0x00000000   Number         0  entry8a.o ABSOLUTE
    ../clib/microlib/init/entry.s            0x00000000   Number         0  entry7b.o ABSOLUTE
    ../clib/microlib/init/entry.s            0x00000000   Number         0  entry7a.o ABSOLUTE
    ../clib/microlib/init/entry.s            0x00000000   Number         0  entry5.o ABSOLUTE
    ../clib/microlib/init/entry.s            0x00000000   Number         0  entry2.o ABSOLUTE
    ..\..\..\..\..\Device\MG32F003\MG32F003_Lib\src\mg32_adc.c 0x00000000   Number         0  mg32_adc.o ABSOLUTE
    ..\..\..\..\..\Device\MG32F003\MG32F003_Lib\src\mg32_crc.c 0x00000000   Number         0  mg32_crc.o ABSOLUTE
    ..\..\..\..\..\Device\MG32F003\MG32F003_Lib\src\mg32_dbg.c 0x00000000   Number         0  mg32_dbg.o ABSOLUTE
    ..\..\..\..\..\Device\MG32F003\MG32F003_Lib\src\mg32_exti.c 0x00000000   Number         0  mg32_exti.o ABSOLUTE
    ..\..\..\..\..\Device\MG32F003\MG32F003_Lib\src\mg32_flash.c 0x00000000   Number         0  mg32_flash.o ABSOLUTE
    ..\..\..\..\..\Device\MG32F003\MG32F003_Lib\src\mg32_gpio.c 0x00000000   Number         0  mg32_gpio.o ABSOLUTE
    ..\..\..\..\..\Device\MG32F003\MG32F003_Lib\src\mg32_i2c.c 0x00000000   Number         0  mg32_i2c.o ABSOLUTE
    ..\..\..\..\..\Device\MG32F003\MG32F003_Lib\src\mg32_iwdg.c 0x00000000   Number         0  mg32_iwdg.o ABSOLUTE
    ..\..\..\..\..\Device\MG32F003\MG32F003_Lib\src\mg32_misc.c 0x00000000   Number         0  mg32_misc.o ABSOLUTE
    ..\..\..\..\..\Device\MG32F003\MG32F003_Lib\src\mg32_pwr.c 0x00000000   Number         0  mg32_pwr.o ABSOLUTE
    ..\..\..\..\..\Device\MG32F003\MG32F003_Lib\src\mg32_rcc.c 0x00000000   Number         0  mg32_rcc.o ABSOLUTE
    ..\..\..\..\..\Device\MG32F003\MG32F003_Lib\src\mg32_spi.c 0x00000000   Number         0  mg32_spi.o ABSOLUTE
    ..\..\..\..\..\Device\MG32F003\MG32F003_Lib\src\mg32_syscfg.c 0x00000000   Number         0  mg32_syscfg.o ABSOLUTE
    ..\..\..\..\..\Device\MG32F003\MG32F003_Lib\src\mg32_tim.c 0x00000000   Number         0  mg32_tim.o ABSOLUTE
    ..\..\..\..\..\Device\MG32F003\MG32F003_Lib\src\mg32_uid.c 0x00000000   Number         0  mg32_uid.o ABSOLUTE
    ..\..\..\..\..\Device\MG32F003\MG32F003_Lib\src\mg32_usart.c 0x00000000   Number         0  mg32_usart.o ABSOLUTE
    ..\..\..\..\..\Device\MG32F003\Source\KEIL_StartAsm\startup_mg32f003_keil.s 0x00000000   Number         0  startup_mg32f003_keil.o ABSOLUTE
    ..\..\..\..\..\Device\MG32F003\Source\system_mg32f003.c 0x00000000   Number         0  system_mg32f003.o ABSOLUTE
    ..\\..\\..\\..\\..\\Device\\MG32F003\\MG32F003_Lib\\src\\mg32_adc.c 0x00000000   Number         0  mg32_adc.o ABSOLUTE
    ..\\..\\..\\..\\..\\Device\\MG32F003\\MG32F003_Lib\\src\\mg32_crc.c 0x00000000   Number         0  mg32_crc.o ABSOLUTE
    ..\\..\\..\\..\\..\\Device\\MG32F003\\MG32F003_Lib\\src\\mg32_dbg.c 0x00000000   Number         0  mg32_dbg.o ABSOLUTE
    ..\\..\\..\\..\\..\\Device\\MG32F003\\MG32F003_Lib\\src\\mg32_exti.c 0x00000000   Number         0  mg32_exti.o ABSOLUTE
    ..\\..\\..\\..\\..\\Device\\MG32F003\\MG32F003_Lib\\src\\mg32_flash.c 0x00000000   Number         0  mg32_flash.o ABSOLUTE
    ..\\..\\..\\..\\..\\Device\\MG32F003\\MG32F003_Lib\\src\\mg32_gpio.c 0x00000000   Number         0  mg32_gpio.o ABSOLUTE
    ..\\..\\..\\..\\..\\Device\\MG32F003\\MG32F003_Lib\\src\\mg32_i2c.c 0x00000000   Number         0  mg32_i2c.o ABSOLUTE
    ..\\..\\..\\..\\..\\Device\\MG32F003\\MG32F003_Lib\\src\\mg32_iwdg.c 0x00000000   Number         0  mg32_iwdg.o ABSOLUTE
    ..\\..\\..\\..\\..\\Device\\MG32F003\\MG32F003_Lib\\src\\mg32_misc.c 0x00000000   Number         0  mg32_misc.o ABSOLUTE
    ..\\..\\..\\..\\..\\Device\\MG32F003\\MG32F003_Lib\\src\\mg32_pwr.c 0x00000000   Number         0  mg32_pwr.o ABSOLUTE
    ..\\..\\..\\..\\..\\Device\\MG32F003\\MG32F003_Lib\\src\\mg32_rcc.c 0x00000000   Number         0  mg32_rcc.o ABSOLUTE
    ..\\..\\..\\..\\..\\Device\\MG32F003\\MG32F003_Lib\\src\\mg32_spi.c 0x00000000   Number         0  mg32_spi.o ABSOLUTE
    ..\\..\\..\\..\\..\\Device\\MG32F003\\MG32F003_Lib\\src\\mg32_syscfg.c 0x00000000   Number         0  mg32_syscfg.o ABSOLUTE
    ..\\..\\..\\..\\..\\Device\\MG32F003\\MG32F003_Lib\\src\\mg32_tim.c 0x00000000   Number         0  mg32_tim.o ABSOLUTE
    ..\\..\\..\\..\\..\\Device\\MG32F003\\MG32F003_Lib\\src\\mg32_uid.c 0x00000000   Number         0  mg32_uid.o ABSOLUTE
    ..\\..\\..\\..\\..\\Device\\MG32F003\\MG32F003_Lib\\src\\mg32_usart.c 0x00000000   Number         0  mg32_usart.o ABSOLUTE
    ..\\..\\..\\..\\..\\Device\\MG32F003\\Source\\system_mg32f003.c 0x00000000   Number         0  system_mg32f003.o ABSOLUTE
    ..\\main.c                               0x00000000   Number         0  main.o ABSOLUTE
    ..\\mg32f003_it.c                        0x00000000   Number         0  mg32f003_it.o ABSOLUTE
    ..\\platform.c                           0x00000000   Number         0  platform.o ABSOLUTE
    ..\\usart_interrupt.c                    0x00000000   Number         0  usart_interrupt.o ABSOLUTE
    ..\main.c                                0x00000000   Number         0  main.o ABSOLUTE
    ..\mg32f003_it.c                         0x00000000   Number         0  mg32f003_it.o ABSOLUTE
    ..\platform.c                            0x00000000   Number         0  platform.o ABSOLUTE
    ..\usart_interrupt.c                     0x00000000   Number         0  usart_interrupt.o ABSOLUTE
    dc.s                                     0x00000000   Number         0  dc.o ABSOLUTE
    handlers.s                               0x00000000   Number         0  handlers.o ABSOLUTE
    init.s                                   0x00000000   Number         0  init.o ABSOLUTE
    RESET                                    0x08000000   Section      192  startup_mg32f003_keil.o(RESET)
    .ARM.Collect$$$$00000000                 0x080000c0   Section        0  entry.o(.ARM.Collect$$$$00000000)
    .ARM.Collect$$$$00000001                 0x080000c0   Section        4  entry2.o(.ARM.Collect$$$$00000001)
    .ARM.Collect$$$$00000004                 0x080000c4   Section        4  entry5.o(.ARM.Collect$$$$00000004)
    .ARM.Collect$$$$00000008                 0x080000c8   Section        0  entry7b.o(.ARM.Collect$$$$00000008)
    .ARM.Collect$$$$0000000A                 0x080000c8   Section        0  entry8b.o(.ARM.Collect$$$$0000000A)
    .ARM.Collect$$$$0000000B                 0x080000c8   Section        8  entry9a.o(.ARM.Collect$$$$0000000B)
    .ARM.Collect$$$$0000000E                 0x080000d0   Section        4  entry12b.o(.ARM.Collect$$$$0000000E)
    .ARM.Collect$$$$0000000F                 0x080000d4   Section        0  entry10a.o(.ARM.Collect$$$$0000000F)
    .ARM.Collect$$$$00000011                 0x080000d4   Section        0  entry11a.o(.ARM.Collect$$$$00000011)
    .ARM.Collect$$$$00002712                 0x080000d4   Section        4  entry2.o(.ARM.Collect$$$$00002712)
    __lit__00000000                          0x080000d4   Data           4  entry2.o(.ARM.Collect$$$$00002712)
    .text                                    0x080000d8   Section       28  startup_mg32f003_keil.o(.text)
    .text                                    0x080000f4   Section        0  uidiv.o(.text)
    .text                                    0x08000120   Section       36  init.o(.text)
    i.GPIO_Init                              0x08000144   Section        0  mg32_gpio.o(i.GPIO_Init)
    i.GPIO_PinAFConfig                       0x080001de   Section        0  mg32_gpio.o(i.GPIO_PinAFConfig)
    i.GPIO_ReadInputDataBit                  0x08000206   Section        0  mg32_gpio.o(i.GPIO_ReadInputDataBit)
    i.GPIO_StructInit                        0x08000218   Section        0  mg32_gpio.o(i.GPIO_StructInit)
    i.GPIO_WriteBit                          0x08000228   Section        0  mg32_gpio.o(i.GPIO_WriteBit)
    i.HardFault_Handler                      0x08000234   Section        0  mg32f003_it.o(i.HardFault_Handler)
    i.NMI_Handler                            0x08000238   Section        0  mg32f003_it.o(i.NMI_Handler)
    i.NVIC_Init                              0x0800023c   Section        0  mg32_misc.o(i.NVIC_Init)
    i.PLATFORM_Init                          0x080002a4   Section        0  platform.o(i.PLATFORM_Init)
    i.PLATFORM_InitBoardGpio                 0x080002b0   Section        0  platform.o(i.PLATFORM_InitBoardGpio)
    PLATFORM_InitBoardGpio                   0x080002b1   Thumb Code   116  platform.o(i.PLATFORM_InitBoardGpio)
    i.PLATFORM_InitDelay                     0x08000324   Section        0  platform.o(i.PLATFORM_InitDelay)
    PLATFORM_InitDelay                       0x08000325   Thumb Code    76  platform.o(i.PLATFORM_InitDelay)
    i.PLATFORM_LED_Enable                    0x08000378   Section        0  platform.o(i.PLATFORM_LED_Enable)
    i.PendSV_Handler                         0x080003ce   Section        0  mg32f003_it.o(i.PendSV_Handler)
    i.RCC_AHBPeriphClockCmd                  0x080003d0   Section        0  mg32_rcc.o(i.RCC_AHBPeriphClockCmd)
    i.RCC_APB1PeriphClockCmd                 0x080003f0   Section        0  mg32_rcc.o(i.RCC_APB1PeriphClockCmd)
    i.RCC_GetClocksFreq                      0x08000410   Section        0  mg32_rcc.o(i.RCC_GetClocksFreq)
    i.SVC_Handler                            0x08000498   Section        0  mg32f003_it.o(i.SVC_Handler)
    i.SetSysClockToDefine                    0x0800049c   Section        0  system_mg32f003.o(i.SetSysClockToDefine)
    SetSysClockToDefine                      0x0800049d   Thumb Code   174  system_mg32f003.o(i.SetSysClockToDefine)
    i.SysTick_Handler                        0x08000560   Section        0  mg32f003_it.o(i.SysTick_Handler)
    i.SystemInit                             0x08000578   Section        0  system_mg32f003.o(i.SystemInit)
    i.TOF_SaveLastFrame                      0x080005b8   Section        0  usart_interrupt.o(i.TOF_SaveLastFrame)
    TOF_SaveLastFrame                        0x080005b9   Thumb Code    44  usart_interrupt.o(i.TOF_SaveLastFrame)
    i.USART1_IRQHandler                      0x080005f8   Section        0  mg32f003_it.o(i.USART1_IRQHandler)
    i.USART2_DebugBeginTx                    0x080006b8   Section        0  usart_interrupt.o(i.USART2_DebugBeginTx)
    USART2_DebugBeginTx                      0x080006b9   Thumb Code    14  usart_interrupt.o(i.USART2_DebugBeginTx)
    i.USART2_DebugConfigure                  0x080006cc   Section        0  usart_interrupt.o(i.USART2_DebugConfigure)
    USART2_DebugConfigure                    0x080006cd   Thumb Code   190  usart_interrupt.o(i.USART2_DebugConfigure)
    i.USART2_DebugEndTx                      0x08000794   Section        0  usart_interrupt.o(i.USART2_DebugEndTx)
    USART2_DebugEndTx                        0x08000795   Thumb Code    28  usart_interrupt.o(i.USART2_DebugEndTx)
    i.USART2_DebugPrintLastFrame             0x080007b8   Section        0  usart_interrupt.o(i.USART2_DebugPrintLastFrame)
    USART2_DebugPrintLastFrame               0x080007b9   Thumb Code   210  usart_interrupt.o(i.USART2_DebugPrintLastFrame)
    i.USART2_DebugWriteByte                  0x080008f8   Section        0  usart_interrupt.o(i.USART2_DebugWriteByte)
    USART2_DebugWriteByte                    0x080008f9   Thumb Code    28  usart_interrupt.o(i.USART2_DebugWriteByte)
    i.USART2_DebugWriteHexByte               0x08000918   Section        0  usart_interrupt.o(i.USART2_DebugWriteHexByte)
    USART2_DebugWriteHexByte                 0x08000919   Thumb Code    30  usart_interrupt.o(i.USART2_DebugWriteHexByte)
    i.USART2_DebugWriteS16                   0x0800093c   Section        0  usart_interrupt.o(i.USART2_DebugWriteS16)
    USART2_DebugWriteS16                     0x0800093d   Thumb Code    30  usart_interrupt.o(i.USART2_DebugWriteS16)
    i.USART2_DebugWriteString                0x0800095a   Section        0  usart_interrupt.o(i.USART2_DebugWriteString)
    USART2_DebugWriteString                  0x0800095b   Thumb Code    22  usart_interrupt.o(i.USART2_DebugWriteString)
    i.USART2_DebugWriteU16                   0x08000970   Section        0  usart_interrupt.o(i.USART2_DebugWriteU16)
    USART2_DebugWriteU16                     0x08000971   Thumb Code    66  usart_interrupt.o(i.USART2_DebugWriteU16)
    i.USART_ClearFlag                        0x080009b2   Section        0  mg32_usart.o(i.USART_ClearFlag)
    i.USART_ClearITPendingBit                0x080009b8   Section        0  mg32_usart.o(i.USART_ClearITPendingBit)
    i.USART_Cmd                              0x080009be   Section        0  mg32_usart.o(i.USART_Cmd)
    i.USART_Configure                        0x080009dc   Section        0  usart_interrupt.o(i.USART_Configure)
    i.USART_GetFlagStatus                    0x08000a9c   Section        0  mg32_usart.o(i.USART_GetFlagStatus)
    i.USART_GetITStatus                      0x08000aae   Section        0  mg32_usart.o(i.USART_GetITStatus)
    i.USART_ITConfig                         0x08000b14   Section        0  mg32_usart.o(i.USART_ITConfig)
    i.USART_Init                             0x08000b40   Section        0  mg32_usart.o(i.USART_Init)
    i.USART_Interrupt_Sample                 0x08000bd8   Section        0  usart_interrupt.o(i.USART_Interrupt_Sample)
    i.USART_ReceiveData                      0x08000cd0   Section        0  mg32_usart.o(i.USART_ReceiveData)
    i.USART_RxIdle_Start                     0x08000cdc   Section        0  usart_interrupt.o(i.USART_RxIdle_Start)
    i.USART_SendData                         0x08000d3c   Section        0  mg32_usart.o(i.USART_SendData)
    i.USART_StructInit                       0x08000d44   Section        0  mg32_usart.o(i.USART_StructInit)
    i.YC02_ParseFrame                        0x08000d58   Section        0  usart_interrupt.o(i.YC02_ParseFrame)
    YC02_ParseFrame                          0x08000d59   Thumb Code   162  usart_interrupt.o(i.YC02_ParseFrame)
    i.__NVIC_SetPriority                     0x08000dfc   Section        0  platform.o(i.__NVIC_SetPriority)
    __NVIC_SetPriority                       0x08000dfd   Thumb Code   110  platform.o(i.__NVIC_SetPriority)
    i.__scatterload_copy                     0x08000e74   Section       14  handlers.o(i.__scatterload_copy)
    i.__scatterload_null                     0x08000e82   Section        2  handlers.o(i.__scatterload_null)
    i.__scatterload_zeroinit                 0x08000e84   Section       14  handlers.o(i.__scatterload_zeroinit)
    i.main                                   0x08000e92   Section        0  main.o(i.main)
    i.read_le16                              0x08000e9e   Section        0  usart_interrupt.o(i.read_le16)
    read_le16                                0x08000e9f   Thumb Code    12  usart_interrupt.o(i.read_le16)
    i.read_le24                              0x08000eaa   Section        0  usart_interrupt.o(i.read_le24)
    read_le24                                0x08000eab   Thumb Code    18  usart_interrupt.o(i.read_le24)
    i.read_le32s                             0x08000ebc   Section        0  usart_interrupt.o(i.read_le32s)
    read_le32s                               0x08000ebd   Thumb Code    24  usart_interrupt.o(i.read_le32s)
    i.yc02_checksum                          0x08000ed4   Section        0  usart_interrupt.o(i.yc02_checksum)
    yc02_checksum                            0x08000ed5   Thumb Code    28  usart_interrupt.o(i.yc02_checksum)
    .constdata                               0x08000ef0   Section       17  usart_interrupt.o(.constdata)
    hex                                      0x08000ef0   Data          17  usart_interrupt.o(.constdata)
    .data                                    0x20000000   Section       19  usart_interrupt.o(.data)
    .data                                    0x20000014   Section        4  platform.o(.data)
    .data                                    0x20000018   Section       24  mg32_rcc.o(.data)
    .data                                    0x20000030   Section        4  system_mg32f003.o(.data)
    .bss                                     0x20000034   Section      554  usart_interrupt.o(.bss)
    STACK                                    0x20000260   Section      512  startup_mg32f003_keil.o(STACK)

    Global Symbols

    Symbol Name                              Value     Ov Type        Size  Object(Section)

    BuildAttributes$$THM_ISAv3M$S$PE$A:L22$X:L11$S22$IEEE1$IW$USESV6$~STKCKD$USESV7$~SHL$OSPACE$EBA8$MICROLIB$REQ8$PRES8$EABIv2 0x00000000   Number         0  anon$$obj.o ABSOLUTE
    __ARM_use_no_argv                        0x00000000   Number         0  main.o ABSOLUTE
    __arm_fini_                               - Undefined Weak Reference
    __cpp_initialize__aeabi_                  - Undefined Weak Reference
    __cxa_finalize                            - Undefined Weak Reference
    __decompress                              - Undefined Weak Reference
    _clock_init                               - Undefined Weak Reference
    _microlib_exit                            - Undefined Weak Reference
    __Vectors_Size                           0x000000c0   Number         0  startup_mg32f003_keil.o ABSOLUTE
    __Vectors                                0x08000000   Data           4  startup_mg32f003_keil.o(RESET)
    __Vectors_End                            0x080000c0   Data           0  startup_mg32f003_keil.o(RESET)
    __main                                   0x080000c1   Thumb Code     0  entry.o(.ARM.Collect$$$$00000000)
    _main_stk                                0x080000c1   Thumb Code     0  entry2.o(.ARM.Collect$$$$00000001)
    _main_scatterload                        0x080000c5   Thumb Code     0  entry5.o(.ARM.Collect$$$$00000004)
    __main_after_scatterload                 0x080000c9   Thumb Code     0  entry5.o(.ARM.Collect$$$$00000004)
    _main_clock                              0x080000c9   Thumb Code     0  entry7b.o(.ARM.Collect$$$$00000008)
    _main_cpp_init                           0x080000c9   Thumb Code     0  entry8b.o(.ARM.Collect$$$$0000000A)
    _main_init                               0x080000c9   Thumb Code     0  entry9a.o(.ARM.Collect$$$$0000000B)
    __rt_lib_shutdown_fini                   0x080000d1   Thumb Code     0  entry12b.o(.ARM.Collect$$$$0000000E)
    __rt_final_cpp                           0x080000d5   Thumb Code     0  entry10a.o(.ARM.Collect$$$$0000000F)
    __rt_final_exit                          0x080000d5   Thumb Code     0  entry11a.o(.ARM.Collect$$$$00000011)
    Reset_Handler                            0x080000d9   Thumb Code     8  startup_mg32f003_keil.o(.text)
    ADC_IRQHandler                           0x080000eb   Thumb Code     0  startup_mg32f003_keil.o(.text)
    EXTI0_1_IRQHandler                       0x080000eb   Thumb Code     0  startup_mg32f003_keil.o(.text)
    EXTI2_3_IRQHandler                       0x080000eb   Thumb Code     0  startup_mg32f003_keil.o(.text)
    EXTI4_15_IRQHandler                      0x080000eb   Thumb Code     0  startup_mg32f003_keil.o(.text)
    FLASH_IRQHandler                         0x080000eb   Thumb Code     0  startup_mg32f003_keil.o(.text)
    I2C1_IRQHandler                          0x080000eb   Thumb Code     0  startup_mg32f003_keil.o(.text)
    IWDG_IRQHandler                          0x080000eb   Thumb Code     0  startup_mg32f003_keil.o(.text)
    PVD_IRQHandler                           0x080000eb   Thumb Code     0  startup_mg32f003_keil.o(.text)
    RCC_IRQHandler                           0x080000eb   Thumb Code     0  startup_mg32f003_keil.o(.text)
    SPI1_IRQHandler                          0x080000eb   Thumb Code     0  startup_mg32f003_keil.o(.text)
    TIM14_IRQHandler                         0x080000eb   Thumb Code     0  startup_mg32f003_keil.o(.text)
    TIM1_BRK_UP_TRG_COM_IRQHandler           0x080000eb   Thumb Code     0  startup_mg32f003_keil.o(.text)
    TIM1_CC_IRQHandler                       0x080000eb   Thumb Code     0  startup_mg32f003_keil.o(.text)
    TIM3_IRQHandler                          0x080000eb   Thumb Code     0  startup_mg32f003_keil.o(.text)
    USART2_IRQHandler                        0x080000eb   Thumb Code     0  startup_mg32f003_keil.o(.text)
    __aeabi_uidiv                            0x080000f5   Thumb Code     0  uidiv.o(.text)
    __aeabi_uidivmod                         0x080000f5   Thumb Code    44  uidiv.o(.text)
    __scatterload                            0x08000121   Thumb Code    28  init.o(.text)
    __scatterload_rt2                        0x08000121   Thumb Code     0  init.o(.text)
    GPIO_Init                                0x08000145   Thumb Code   154  mg32_gpio.o(i.GPIO_Init)
    GPIO_PinAFConfig                         0x080001df   Thumb Code    40  mg32_gpio.o(i.GPIO_PinAFConfig)
    GPIO_ReadInputDataBit                    0x08000207   Thumb Code    18  mg32_gpio.o(i.GPIO_ReadInputDataBit)
    GPIO_StructInit                          0x08000219   Thumb Code    16  mg32_gpio.o(i.GPIO_StructInit)
    GPIO_WriteBit                            0x08000229   Thumb Code    12  mg32_gpio.o(i.GPIO_WriteBit)
    HardFault_Handler                        0x08000235   Thumb Code     4  mg32f003_it.o(i.HardFault_Handler)
    NMI_Handler                              0x08000239   Thumb Code     2  mg32f003_it.o(i.NMI_Handler)
    NVIC_Init                                0x0800023d   Thumb Code   100  mg32_misc.o(i.NVIC_Init)
    PLATFORM_Init                            0x080002a5   Thumb Code    12  platform.o(i.PLATFORM_Init)
    PLATFORM_LED_Enable                      0x08000379   Thumb Code    86  platform.o(i.PLATFORM_LED_Enable)
    PendSV_Handler                           0x080003cf   Thumb Code     2  mg32f003_it.o(i.PendSV_Handler)
    RCC_AHBPeriphClockCmd                    0x080003d1   Thumb Code    28  mg32_rcc.o(i.RCC_AHBPeriphClockCmd)
    RCC_APB1PeriphClockCmd                   0x080003f1   Thumb Code    28  mg32_rcc.o(i.RCC_APB1PeriphClockCmd)
    RCC_GetClocksFreq                        0x08000411   Thumb Code   110  mg32_rcc.o(i.RCC_GetClocksFreq)
    SVC_Handler                              0x08000499   Thumb Code     2  mg32f003_it.o(i.SVC_Handler)
    SysTick_Handler                          0x08000561   Thumb Code    20  mg32f003_it.o(i.SysTick_Handler)
    SystemInit                               0x08000579   Thumb Code    56  system_mg32f003.o(i.SystemInit)
    USART1_IRQHandler                        0x080005f9   Thumb Code   184  mg32f003_it.o(i.USART1_IRQHandler)
    USART_ClearFlag                          0x080009b3   Thumb Code     6  mg32_usart.o(i.USART_ClearFlag)
    USART_ClearITPendingBit                  0x080009b9   Thumb Code     6  mg32_usart.o(i.USART_ClearITPendingBit)
    USART_Cmd                                0x080009bf   Thumb Code    28  mg32_usart.o(i.USART_Cmd)
    USART_Configure                          0x080009dd   Thumb Code   186  usart_interrupt.o(i.USART_Configure)
    USART_GetFlagStatus                      0x08000a9d   Thumb Code    18  mg32_usart.o(i.USART_GetFlagStatus)
    USART_GetITStatus                        0x08000aaf   Thumb Code   102  mg32_usart.o(i.USART_GetITStatus)
    USART_ITConfig                           0x08000b15   Thumb Code    44  mg32_usart.o(i.USART_ITConfig)
    USART_Init                               0x08000b41   Thumb Code   144  mg32_usart.o(i.USART_Init)
    USART_Interrupt_Sample                   0x08000bd9   Thumb Code   216  usart_interrupt.o(i.USART_Interrupt_Sample)
    USART_ReceiveData                        0x08000cd1   Thumb Code    10  mg32_usart.o(i.USART_ReceiveData)
    USART_RxIdle_Start                       0x08000cdd   Thumb Code    84  usart_interrupt.o(i.USART_RxIdle_Start)
    USART_SendData                           0x08000d3d   Thumb Code     8  mg32_usart.o(i.USART_SendData)
    USART_StructInit                         0x08000d45   Thumb Code    20  mg32_usart.o(i.USART_StructInit)
    __scatterload_copy                       0x08000e75   Thumb Code    14  handlers.o(i.__scatterload_copy)
    __scatterload_null                       0x08000e83   Thumb Code     2  handlers.o(i.__scatterload_null)
    __scatterload_zeroinit                   0x08000e85   Thumb Code    14  handlers.o(i.__scatterload_zeroinit)
    main                                     0x08000e93   Thumb Code    12  main.o(i.main)
    Region$$Table$$Base                      0x08000f04   Number         0  anon$$obj.o(Region$$Table)
    Region$$Table$$Limit                     0x08000f24   Number         0  anon$$obj.o(Region$$Table)
    g_tof_distance_mm                        0x20000000   Data           2  usart_interrupt.o(.data)
    g_tof_confidence                         0x20000002   Data           1  usart_interrupt.o(.data)
    g_tof_frame_ok                           0x20000003   Data           1  usart_interrupt.o(.data)
    g_tof_last_frame_length                  0x20000004   Data           2  usart_interrupt.o(.data)
    g_tof_valid_frame_count                  0x20000008   Data           4  usart_interrupt.o(.data)
    g_tof_bad_frame_count                    0x2000000c   Data           4  usart_interrupt.o(.data)
    g_tof_last_frame_count                   0x20000010   Data           2  usart_interrupt.o(.data)
    g_tof_last_frame_overflow                0x20000012   Data           1  usart_interrupt.o(.data)
    PLATFORM_DelayTick                       0x20000014   Data           4  platform.o(.data)
    AHBPreTable                              0x20000018   Data          16  mg32_rcc.o(.data)
    APBPreTable                              0x20000028   Data           8  mg32_rcc.o(.data)
    SystemCoreClock                          0x20000030   Data           4  system_mg32f003.o(.data)
    USART_RxStruct                           0x20000034   Data         262  usart_interrupt.o(.bss)
    USART_TxStruct                           0x2000013a   Data         262  usart_interrupt.o(.bss)
    g_tof_last_frame                         0x20000240   Data          30  usart_interrupt.o(.bss)
    __initial_sp                             0x20000460   Data           0  startup_mg32f003_keil.o(STACK)



==============================================================================

Memory Map of the image

  Image Entry point : 0x080000c1

  Load Region LR_IROM1 (Base: 0x08000000, Size: 0x00000f58, Max: 0x00004000, ABSOLUTE)

    Execution Region ER_IROM1 (Exec base: 0x08000000, Load base: 0x08000000, Size: 0x00000f24, Max: 0x00004000, ABSOLUTE)

    Exec Addr    Load Addr    Size         Type   Attr      Idx    E Section Name        Object

    0x08000000   0x08000000   0x000000c0   Data   RO         2280    RESET               startup_mg32f003_keil.o
    0x080000c0   0x080000c0   0x00000000   Code   RO         2285  * .ARM.Collect$$$$00000000  mc_p.l(entry.o)
    0x080000c0   0x080000c0   0x00000004   Code   RO         2290    .ARM.Collect$$$$00000001  mc_p.l(entry2.o)
    0x080000c4   0x080000c4   0x00000004   Code   RO         2293    .ARM.Collect$$$$00000004  mc_p.l(entry5.o)
    0x080000c8   0x080000c8   0x00000000   Code   RO         2295    .ARM.Collect$$$$00000008  mc_p.l(entry7b.o)
    0x080000c8   0x080000c8   0x00000000   Code   RO         2297    .ARM.Collect$$$$0000000A  mc_p.l(entry8b.o)
    0x080000c8   0x080000c8   0x00000008   Code   RO         2298    .ARM.Collect$$$$0000000B  mc_p.l(entry9a.o)
    0x080000d0   0x080000d0   0x00000004   Code   RO         2305    .ARM.Collect$$$$0000000E  mc_p.l(entry12b.o)
    0x080000d4   0x080000d4   0x00000000   Code   RO         2300    .ARM.Collect$$$$0000000F  mc_p.l(entry10a.o)
    0x080000d4   0x080000d4   0x00000000   Code   RO         2302    .ARM.Collect$$$$00000011  mc_p.l(entry11a.o)
    0x080000d4   0x080000d4   0x00000004   Code   RO         2291    .ARM.Collect$$$$00002712  mc_p.l(entry2.o)
    0x080000d8   0x080000d8   0x0000001c   Code   RO         2281    .text               startup_mg32f003_keil.o
    0x080000f4   0x080000f4   0x0000002c   Code   RO         2288    .text               mc_p.l(uidiv.o)
    0x08000120   0x08000120   0x00000024   Code   RO         2306    .text               mc_p.l(init.o)
    0x08000144   0x08000144   0x0000009a   Code   RO          835    i.GPIO_Init         mg32_gpio.o
    0x080001de   0x080001de   0x00000028   Code   RO          836    i.GPIO_PinAFConfig  mg32_gpio.o
    0x08000206   0x08000206   0x00000012   Code   RO          839    i.GPIO_ReadInputDataBit  mg32_gpio.o
    0x08000218   0x08000218   0x00000010   Code   RO          844    i.GPIO_StructInit   mg32_gpio.o
    0x08000228   0x08000228   0x0000000c   Code   RO          846    i.GPIO_WriteBit     mg32_gpio.o
    0x08000234   0x08000234   0x00000004   Code   RO          332    i.HardFault_Handler  mg32f003_it.o
    0x08000238   0x08000238   0x00000002   Code   RO          333    i.NMI_Handler       mg32f003_it.o
    0x0800023a   0x0800023a   0x00000002   PAD
    0x0800023c   0x0800023c   0x00000068   Code   RO         1175    i.NVIC_Init         mg32_misc.o
    0x080002a4   0x080002a4   0x0000000c   Code   RO          271    i.PLATFORM_Init     platform.o
    0x080002b0   0x080002b0   0x00000074   Code   RO          272    i.PLATFORM_InitBoardGpio  platform.o
    0x08000324   0x08000324   0x00000054   Code   RO          273    i.PLATFORM_InitDelay  platform.o
    0x08000378   0x08000378   0x00000056   Code   RO          274    i.PLATFORM_LED_Enable  platform.o
    0x080003ce   0x080003ce   0x00000002   Code   RO          334    i.PendSV_Handler    mg32f003_it.o
    0x080003d0   0x080003d0   0x00000020   Code   RO         1257    i.RCC_AHBPeriphClockCmd  mg32_rcc.o
    0x080003f0   0x080003f0   0x00000020   Code   RO         1259    i.RCC_APB1PeriphClockCmd  mg32_rcc.o
    0x08000410   0x08000410   0x00000088   Code   RO         1264    i.RCC_GetClocksFreq  mg32_rcc.o
    0x08000498   0x08000498   0x00000002   Code   RO          335    i.SVC_Handler       mg32f003_it.o
    0x0800049a   0x0800049a   0x00000002   PAD
    0x0800049c   0x0800049c   0x000000c4   Code   RO         2240    i.SetSysClockToDefine  system_mg32f003.o
    0x08000560   0x08000560   0x00000018   Code   RO          336    i.SysTick_Handler   mg32f003_it.o
    0x08000578   0x08000578   0x00000040   Code   RO         2241    i.SystemInit        system_mg32f003.o
    0x080005b8   0x080005b8   0x00000040   Code   RO          155    i.TOF_SaveLastFrame  usart_interrupt.o
    0x080005f8   0x080005f8   0x000000c0   Code   RO          337    i.USART1_IRQHandler  mg32f003_it.o
    0x080006b8   0x080006b8   0x00000014   Code   RO          156    i.USART2_DebugBeginTx  usart_interrupt.o
    0x080006cc   0x080006cc   0x000000c8   Code   RO          157    i.USART2_DebugConfigure  usart_interrupt.o
    0x08000794   0x08000794   0x00000024   Code   RO          158    i.USART2_DebugEndTx  usart_interrupt.o
    0x080007b8   0x080007b8   0x00000140   Code   RO          159    i.USART2_DebugPrintLastFrame  usart_interrupt.o
    0x080008f8   0x080008f8   0x00000020   Code   RO          160    i.USART2_DebugWriteByte  usart_interrupt.o
    0x08000918   0x08000918   0x00000024   Code   RO          161    i.USART2_DebugWriteHexByte  usart_interrupt.o
    0x0800093c   0x0800093c   0x0000001e   Code   RO          162    i.USART2_DebugWriteS16  usart_interrupt.o
    0x0800095a   0x0800095a   0x00000016   Code   RO          163    i.USART2_DebugWriteString  usart_interrupt.o
    0x08000970   0x08000970   0x00000042   Code   RO          164    i.USART2_DebugWriteU16  usart_interrupt.o
    0x080009b2   0x080009b2   0x00000006   Code   RO         2130    i.USART_ClearFlag   mg32_usart.o
    0x080009b8   0x080009b8   0x00000006   Code   RO         2131    i.USART_ClearITPendingBit  mg32_usart.o
    0x080009be   0x080009be   0x0000001c   Code   RO         2132    i.USART_Cmd         mg32_usart.o
    0x080009da   0x080009da   0x00000002   PAD
    0x080009dc   0x080009dc   0x000000c0   Code   RO          165    i.USART_Configure   usart_interrupt.o
    0x08000a9c   0x08000a9c   0x00000012   Code   RO         2134    i.USART_GetFlagStatus  mg32_usart.o
    0x08000aae   0x08000aae   0x00000066   Code   RO         2135    i.USART_GetITStatus  mg32_usart.o
    0x08000b14   0x08000b14   0x0000002c   Code   RO         2137    i.USART_ITConfig    mg32_usart.o
    0x08000b40   0x08000b40   0x00000098   Code   RO         2138    i.USART_Init        mg32_usart.o
    0x08000bd8   0x08000bd8   0x000000f8   Code   RO          166    i.USART_Interrupt_Sample  usart_interrupt.o
    0x08000cd0   0x08000cd0   0x0000000a   Code   RO         2139    i.USART_ReceiveData  mg32_usart.o
    0x08000cda   0x08000cda   0x00000002   PAD
    0x08000cdc   0x08000cdc   0x00000060   Code   RO          167    i.USART_RxIdle_Start  usart_interrupt.o
    0x08000d3c   0x08000d3c   0x00000008   Code   RO         2141    i.USART_SendData    mg32_usart.o
    0x08000d44   0x08000d44   0x00000014   Code   RO         2142    i.USART_StructInit  mg32_usart.o
    0x08000d58   0x08000d58   0x000000a2   Code   RO          168    i.YC02_ParseFrame   usart_interrupt.o
    0x08000dfa   0x08000dfa   0x00000002   PAD
    0x08000dfc   0x08000dfc   0x00000078   Code   RO          276    i.__NVIC_SetPriority  platform.o
    0x08000e74   0x08000e74   0x0000000e   Code   RO         2310    i.__scatterload_copy  mc_p.l(handlers.o)
    0x08000e82   0x08000e82   0x00000002   Code   RO         2311    i.__scatterload_null  mc_p.l(handlers.o)
    0x08000e84   0x08000e84   0x0000000e   Code   RO         2312    i.__scatterload_zeroinit  mc_p.l(handlers.o)
    0x08000e92   0x08000e92   0x0000000c   Code   RO            3    i.main              main.o
    0x08000e9e   0x08000e9e   0x0000000c   Code   RO          169    i.read_le16         usart_interrupt.o
    0x08000eaa   0x08000eaa   0x00000012   Code   RO          170    i.read_le24         usart_interrupt.o
    0x08000ebc   0x08000ebc   0x00000018   Code   RO          171    i.read_le32s        usart_interrupt.o
    0x08000ed4   0x08000ed4   0x0000001c   Code   RO          172    i.yc02_checksum     usart_interrupt.o
    0x08000ef0   0x08000ef0   0x00000011   Data   RO          174    .constdata          usart_interrupt.o
    0x08000f01   0x08000f01   0x00000003   PAD
    0x08000f04   0x08000f04   0x00000020   Data   RO         2308    Region$$Table       anon$$obj.o


    Execution Region RW_IRAM1 (Exec base: 0x20000000, Load base: 0x08000f24, Size: 0x00000460, Max: 0x00000800, ABSOLUTE)

    Exec Addr    Load Addr    Size         Type   Attr      Idx    E Section Name        Object

    0x20000000   0x08000f24   0x00000013   Data   RW          175    .data               usart_interrupt.o
    0x20000013   0x08000f37   0x00000001   PAD
    0x20000014   0x08000f38   0x00000004   Data   RW          277    .data               platform.o
    0x20000018   0x08000f3c   0x00000018   Data   RW         1275    .data               mg32_rcc.o
    0x20000030   0x08000f54   0x00000004   Data   RW         2242    .data               system_mg32f003.o
    0x20000034        -       0x0000022a   Zero   RW          173    .bss                usart_interrupt.o
    0x2000025e   0x08000f58   0x00000002   PAD
    0x20000260        -       0x00000200   Zero   RW         2278    STACK               startup_mg32f003_keil.o


==============================================================================

Image component sizes


      Code (inc. data)   RO Data    RW Data    ZI Data      Debug   Object Name

        12          0          0          0          0      49157   main.o
       240          0          0          0          0       4341   mg32_gpio.o
       104          4          0          0          0       1116   mg32_misc.o
       200         34          0         24          0       3019   mg32_rcc.o
       394          8          0          0          0       7552   mg32_usart.o
       226         12          0          0          0       3111   mg32f003_it.o
       418         18          0          4          0      11703   platform.o
        28          8        192          0        512        788   startup_mg32f003_keil.o
       260         30          0          4          0       3295   system_mg32f003.o
      1606        214         17         19        554      13542   usart_interrupt.o

    ----------------------------------------------------------------------
      3498        328        244         52       1068      97624   Object Totals
         0          0         32          0          0          0   (incl. Generated)
        10          0          3          1          2          0   (incl. Padding)

    ----------------------------------------------------------------------

      Code (inc. data)   RO Data    RW Data    ZI Data      Debug   Library Member Name

         0          0          0          0          0          0   entry.o
         0          0          0          0          0          0   entry10a.o
         0          0          0          0          0          0   entry11a.o
         4          0          0          0          0          0   entry12b.o
         8          4          0          0          0          0   entry2.o
         4          0          0          0          0          0   entry5.o
         0          0          0          0          0          0   entry7b.o
         0          0          0          0          0          0   entry8b.o
         8          4          0          0          0          0   entry9a.o
        30          0          0          0          0          0   handlers.o
        36          8          0          0          0         68   init.o
        44          0          0          0          0         72   uidiv.o

    ----------------------------------------------------------------------
       134         16          0          0          0        140   Library Totals
         0          0          0          0          0          0   (incl. Padding)

    ----------------------------------------------------------------------

      Code (inc. data)   RO Data    RW Data    ZI Data      Debug   Library Name

       134         16          0          0          0        140   mc_p.l

    ----------------------------------------------------------------------
       134         16          0          0          0        140   Library Totals

    ----------------------------------------------------------------------

==============================================================================


      Code (inc. data)   RO Data    RW Data    ZI Data      Debug   

      3632        344        244         52       1068      95848   Grand Totals
      3632        344        244         52       1068      95848   ELF Image Totals
      3632        344        244         52          0          0   ROM Totals

==============================================================================

    Total RO  Size (Code + RO Data)                 3876 (   3.79kB)
    Total RW  Size (RW Data + ZI Data)              1120 (   1.09kB)
    Total ROM Size (Code + RO Data + RW Data)       3928 (   3.84kB)

==============================================================================

