<html>
<body>
<pre>
<h1>µVision Build Log</h1>
<h2>Tool Versions:</h2>
IDE-Version: ¦ÌVision V5.40.0.0
Copyright (C) 2024 ARM Ltd and ARM Germany GmbH. All rights reserved.
License Information: l bc, l, LIC=ATTQ1-CT188-NNKAF-6Q0S0-UBXKA-JUED0
 
Tool Versions:
Toolchain:       MDK-ARM Plus  Version: 5.40.0.3
Toolchain Path:  D:\long\Keil_v5\ARM\ARMCC\Bin
C Compiler:      Armcc.exe V5.06 update 7 (build 960)
Assembler:       Armasm.exe V5.06 update 7 (build 960)
Linker/Locator:  ArmLink.exe V5.06 update 7 (build 960)
Library Manager: ArmAr.exe V5.06 update 7 (build 960)
Hex Converter:   FromElf.exe V5.06 update 7 (build 960)
CPU DLL:         SARMCM3.DLL V5.40.0.3
Dialog DLL:      DARMCM1.DLL V1.19.6.0
Target DLL:      UL2CM3.DLL V1.164.11.0
Dialog DLL:      TARMCM1.DLL V1.14.6.0
 
<h2>Project:</h2>
D:\zuomian\zuomian1\TOF\4.³ÌÐò\MG32F003_LibSamples_v1.0.1\Samples\LibSamples\USART\USART_Polling\MDK-ARM\USART_Polling.uvprojx
Project File Date:  03/26/2026

<h2>Output:</h2>
*** Using Compiler 'V5.06 update 7 (build 960)', folder: 'D:\long\Keil_v5\ARM\ARMCC\Bin'
Build target 'USART_Polling'
compiling usart_polling.c...
compiling main.c...
compiling mg32_dbg.c...
compiling mg32_adc.c...
compiling mg32_crc.c...
compiling platform.c...
compiling mg32f003_it.c...
compiling mg32_gpio.c...
compiling mg32_exti.c...
compiling mg32_misc.c...
compiling mg32_i2c.c...
compiling mg32_flash.c...
compiling mg32_iwdg.c...
compiling mg32_pwr.c...
compiling mg32_rcc.c...
compiling mg32_spi.c...
compiling mg32_syscfg.c...
compiling system_mg32f003.c...
compiling mg32_usart.c...
compiling mg32_uid.c...
assembling startup_mg32f003_keil.s...
compiling mg32_tim.c...
linking...
Program Size: Code=6104 RO-data=248 RW-data=36 ZI-data=516  
FromELF: creating hex file...
".\Objects\USART_Polling.axf" - 0 Error(s), 0 Warning(s).

<h2>Software Packages used:</h2>

<h2>Collection of Component include folders:</h2>

<h2>Collection of Component Files used:</h2>
Build Time Elapsed:  00:00:06
</pre>
</body>
</html>
